66.249.73.206 - - [14/Aug/2013:03:10:55 +0000] "GET /docs/bar2005a.pdf HTTP/1.1" 304 0 "-" "Mozilla/5.0 (iPhone; U; CPU iPhone OS 4_1 like Mac OS X; en-us) AppleWebKit/532.9 (KHTML, like Gecko) Version/4.0.5 Mobile/8B117 Safari/6531.22.7 (compatible; Googlebot-Mobile/2.1; +http://www.google.com/bot.html)"
5.10.83.16 - - [14/Aug/2013:03:22:07 +0000] "GET /materiais/docs/estruturas/?C=N;O=A HTTP/1.1" 200 582 "-" "Mozilla/5.0 (compatible; AhrefsBot/5.0; +http://ahrefs.com/robot/)"
5.10.83.16 - - [14/Aug/2013:03:34:28 +0000] "GET /materiais/docs/?C=N;O=A HTTP/1.1" 200 950 "-" "Mozilla/5.0 (compatible; AhrefsBot/5.0; +http://ahrefs.com/robot/)"
157.55.33.77 - - [14/Aug/2013:03:34:54 +0000] "GET /robots.txt HTTP/1.1" 200 23 "-" "Mozilla/5.0 (compatible; bingbot/2.0; +http://www.bing.com/bingbot.htm)"
157.55.33.77 - - [14/Aug/2013:03:35:28 +0000] "GET / HTTP/1.1" 200 1811 "-" "Mozilla/5.0 (compatible; bingbot/2.0; +http://www.bing.com/bingbot.htm)"
5.10.83.16 - - [14/Aug/2013:04:12:43 +0000] "GET /materiais/docs/ia/?C=S;O=D HTTP/1.1" 200 572 "-" "Mozilla/5.0 (compatible; AhrefsBot/5.0; +http://ahrefs.com/robot/)"
217.117.251.122 - - [14/Aug/2013:04:30:39 +0000] "GET /docs/bar2008b.pdf HTTP/1.1" 200 258112 "http://fbarth.net.br/" "Mozilla/5.0 (Macintosh; Intel Mac OS X 10_8_4) AppleWebKit/536.30.1 (KHTML, like Gecko) Version/6.0.5 Safari/536.30.1"
217.117.251.122 - - [14/Aug/2013:04:30:40 +0000] "GET /docs/sbsc2010_barth.pdf HTTP/1.1" 200 184311 "http://fbarth.net.br/" "Mozilla/5.0 (Windows NT 6.2; WOW64; rv:21.0) Gecko/20100101 Firefox/21.0"
66.249.73.206 - - [14/Aug/2013:06:11:00 +0000] "GET /projetos/atena_2008.pdf HTTP/1.1" 200 413639 "-" "SAMSUNG-SGH-E250/1.0 Profile/MIDP-2.0 Configuration/CLDC-1.1 UP.Browser/6.2.3.3.c.1.101 (GUI) MMP/2.0 (compatible; Googlebot-Mobile/2.1; +http://www.google.com/bot.html)"
66.249.73.206 - - [14/Aug/2013:08:35:03 +0000] "GET /materiais/docs/estruturas/aOrdenacao.pdf HTTP/1.1" 304 0 "-" "Mozilla/5.0 (compatible; Googlebot/2.1; +http://www.google.com/bot.html)"
66.249.73.206 - - [14/Aug/2013:10:58:04 +0000] "GET /materiais/webMiningR.html HTTP/1.1" 304 0 "-" "Mozilla/5.0 (compatible; Googlebot/2.1; +http://www.google.com/bot.html)"
5.135.125.181 - - [14/Aug/2013:11:11:01 +0000] "GET / HTTP/1.1" 200 3990 "-" "Opera/9.80 (Windows NT 6.1 x64; U; en) Presto/2.7.62 Version/11.00"
5.135.125.181 - - [14/Aug/2013:11:11:02 +0000] "GET /projetos.html HTTP/1.1" 200 3518 "-" "Mozilla/5.0 (X11; U; Linux i686; en-US; rv:1.9.1.9) Gecko/20100318 Mandriva/2.0.4-69.1mib2010.0 SeaMonkey/2.0.4"
5.135.125.181 - - [14/Aug/2013:11:11:03 +0000] "GET /projetos/instinct.html HTTP/1.1" 200 6518 "-" "Mozilla/5.0 (Windows; U; MSIE 9.0; Windows NT 9.0; en-US)"
100.43.83.157 - - [14/Aug/2013:11:13:08 +0000] "GET /robots.txt HTTP/1.1" 200 23 "-" "Mozilla/5.0 (compatible; YandexBot/3.0; +http://yandex.com/bots)"
180.76.5.63 - - [14/Aug/2013:13:42:56 +0000] "GET / HTTP/1.1" 304 0 "-" "Mozilla/5.0 (compatible; Baiduspider/2.0; +http://www.baidu.com/search/spider.html)"
100.43.83.157 - - [14/Aug/2013:14:09:09 +0000] "GET /docs/sbsc2010_barth.pdf HTTP/1.1" 200 184311 "-" "Mozilla/5.0 (compatible; YandexBot/3.0; +http://yandex.com/bots)"
157.55.33.77 - - [14/Aug/2013:14:16:17 +0000] "GET /robots.txt HTTP/1.1" 200 23 "-" "Mozilla/5.0 (compatible; bingbot/2.0; +http://www.bing.com/bingbot.htm)"
157.55.33.77 - - [14/Aug/2013:14:17:42 +0000] "GET / HTTP/1.1" 200 1811 "-" "Mozilla/5.0 (compatible; bingbot/2.0; +http://www.bing.com/bingbot.htm)"
66.249.73.206 - - [14/Aug/2013:14:28:38 +0000] "GET /projetos/dissertacao.pdf HTTP/1.1" 304 0 "-" "Mozilla/5.0 (iPhone; U; CPU iPhone OS 4_1 like Mac OS X; en-us) AppleWebKit/532.9 (KHTML, like Gecko) Version/4.0.5 Mobile/8B117 Safari/6531.22.7 (compatible; Googlebot-Mobile/2.1; +http://www.google.com/bot.html)"
177.140.167.187 - - [14/Aug/2013:15:11:01 +0000] "GET /materiais/docs/ia/busca_versaoFabricio.pdf HTTP/1.1" 200 291633 "-" "Mozilla/5.0 (iPhone; U; CPU iPhone OS 4_0 like Mac OS X; en-us) AppleWebKit/532.9 (KHTML, like Gecko) Version/4.0.5 Mobile/8A293 Safari/6531.22.7"
180.76.5.64 - - [14/Aug/2013:15:21:12 +0000] "GET /materiais/docs/data/ HTTP/1.1" 200 589 "-" "Mozilla/5.0 (compatible; Baiduspider/2.0; +http://www.baidu.com/search/spider.html)"
187.10.68.19 - - [14/Aug/2013:15:25:11 +0000] "GET /materiais/docs/estruturas/aBusca.pdf HTTP/1.1" 200 227080 "http://www.google.com.br/url?sa=t&rct=j&q=&esrc=s&source=web&cd=4&ved=0CEMQFjAD&url=http%3A%2F%2Ffbarth.net.br%2Fmateriais%2Fdocs%2Festruturas%2FaBusca.pdf&ei=RqELUuGUA-Ly2QXitYCQDQ&usg=AFQjCNG1fiUS168LzHMRqr72uQV_Q2eu8A&bvm=bv.50723672,d.aWc" "Mozilla/5.0 (Windows NT 6.1; rv:22.0) Gecko/20100101 Firefox/22.0"
187.10.68.19 - - [14/Aug/2013:15:25:12 +0000] "GET /favicon.ico HTTP/1.1" 404 926 "-" "Mozilla/5.0 (Windows NT 6.1; rv:22.0) Gecko/20100101 Firefox/22.0"
186.216.85.109 - - [14/Aug/2013:15:59:43 +0000] "GET /img/foto.jpg HTTP/1.1" 200 14854 "http://br.bing.com/images/search?q=doutor+++eletrica&FORM=HDRSC2" "Mozilla/4.0 (compatible; MSIE 8.0; Windows NT 6.1; Trident/4.0; SLCC2; .NET CLR 2.0.50727; .NET CLR 3.5.30729; .NET CLR 3.0.30729; Media Center PC 6.0)"
65.55.217.214 - - [14/Aug/2013:15:59:53 +0000] "GET / HTTP/1.1" 200 1811 "-" "Mozilla/5.0 (Windows NT 6.1; WOW64) AppleWebKit/534+ (KHTML, like Gecko) BingPreview/1.0b"
65.55.217.214 - - [14/Aug/2013:15:59:53 +0000] "GET /default.css HTTP/1.1" 200 1415 "http://fbarth.net.br/" "Mozilla/5.0 (Windows NT 6.1; WOW64) AppleWebKit/534+ (KHTML, like Gecko) BingPreview/1.0b"
65.55.217.214 - - [14/Aug/2013:15:59:53 +0000] "GET /img/foto.jpg HTTP/1.1" 200 14854 "http://fbarth.net.br/" "Mozilla/5.0 (Windows NT 6.1; WOW64) AppleWebKit/534+ (KHTML, like Gecko) BingPreview/1.0b"
65.55.217.214 - - [14/Aug/2013:15:59:53 +0000] "GET /img/container.jpg HTTP/1.1" 200 2343 "http://fbarth.net.br/" "Mozilla/5.0 (Windows NT 6.1; WOW64) AppleWebKit/534+ (KHTML, like Gecko) BingPreview/1.0b"
65.55.217.214 - - [14/Aug/2013:15:59:53 +0000] "GET /img/body.jpg HTTP/1.1" 200 13570 "http://fbarth.net.br/" "Mozilla/5.0 (Windows NT 6.1; WOW64) AppleWebKit/534+ (KHTML, like Gecko) BingPreview/1.0b"
65.55.217.214 - - [14/Aug/2013:15:59:53 +0000] "GET /img/header.jpg HTTP/1.1" 200 11112 "http://fbarth.net.br/" "Mozilla/5.0 (Windows NT 6.1; WOW64) AppleWebKit/534+ (KHTML, like Gecko) BingPreview/1.0b"
65.55.217.214 - - [14/Aug/2013:15:59:53 +0000] "GET /img/main.gif HTTP/1.1" 200 148 "http://fbarth.net.br/" "Mozilla/5.0 (Windows NT 6.1; WOW64) AppleWebKit/534+ (KHTML, like Gecko) BingPreview/1.0b"
177.22.136.4 - - [14/Aug/2013:16:21:17 +0000] "GET / HTTP/1.1" 200 3990 "-" "Mozilla/5.0 (Windows NT 6.1; WOW64; rv:11.0) Gecko/20100101 Firefox/11.0"
177.22.136.4 - - [14/Aug/2013:16:21:18 +0000] "GET /default.css HTTP/1.1" 200 3614 "http://fbarth.net.br/" "Mozilla/5.0 (Windows NT 6.1; WOW64; rv:11.0) Gecko/20100101 Firefox/11.0"
177.22.136.4 - - [14/Aug/2013:16:21:18 +0000] "GET /img/foto.jpg HTTP/1.1" 200 14854 "http://fbarth.net.br/" "Mozilla/5.0 (Windows NT 6.1; WOW64; rv:11.0) Gecko/20100101 Firefox/11.0"
177.22.136.4 - - [14/Aug/2013:16:21:18 +0000] "GET /img/header.jpg HTTP/1.1" 200 11112 "http://fbarth.net.br/default.css" "Mozilla/5.0 (Windows NT 6.1; WOW64; rv:11.0) Gecko/20100101 Firefox/11.0"
177.22.136.4 - - [14/Aug/2013:16:21:18 +0000] "GET /img/container.jpg HTTP/1.1" 200 2343 "http://fbarth.net.br/default.css" "Mozilla/5.0 (Windows NT 6.1; WOW64; rv:11.0) Gecko/20100101 Firefox/11.0"
177.22.136.4 - - [14/Aug/2013:16:21:18 +0000] "GET /img/main.gif HTTP/1.1" 200 148 "http://fbarth.net.br/default.css" "Mozilla/5.0 (Windows NT 6.1; WOW64; rv:11.0) Gecko/20100101 Firefox/11.0"
177.22.136.4 - - [14/Aug/2013:16:21:18 +0000] "GET /img/body.jpg HTTP/1.1" 200 13570 "http://fbarth.net.br/default.css" "Mozilla/5.0 (Windows NT 6.1; WOW64; rv:11.0) Gecko/20100101 Firefox/11.0"
177.22.136.4 - - [14/Aug/2013:16:21:19 +0000] "GET /favicon.ico HTTP/1.1" 404 1920 "-" "Mozilla/5.0 (Windows NT 6.1; WOW64; rv:11.0) Gecko/20100101 Firefox/11.0"
177.22.136.4 - - [14/Aug/2013:16:21:20 +0000] "GET /favicon.ico HTTP/1.1" 404 1920 "-" "Mozilla/5.0 (Windows NT 6.1; WOW64; rv:11.0) Gecko/20100101 Firefox/11.0"
177.22.136.4 - - [14/Aug/2013:16:23:28 +0000] "GET /publicacoes.html HTTP/1.1" 200 19005 "http://fbarth.net.br/" "Mozilla/5.0 (Windows NT 6.1; WOW64; rv:11.0) Gecko/20100101 Firefox/11.0"
177.22.136.4 - - [14/Aug/2013:16:23:29 +0000] "GET /img/li.gif HTTP/1.1" 200 199 "http://fbarth.net.br/default.css" "Mozilla/5.0 (Windows NT 6.1; WOW64; rv:11.0) Gecko/20100101 Firefox/11.0"
177.22.136.4 - - [14/Aug/2013:16:23:55 +0000] "GET /materiais.html HTTP/1.1" 200 2736 "http://fbarth.net.br/" "Mozilla/5.0 (Windows NT 6.1; WOW64; rv:11.0) Gecko/20100101 Firefox/11.0"
177.22.136.4 - - [14/Aug/2013:16:23:57 +0000] "GET /materiais/disciplinas.html HTTP/1.1" 200 2451 "http://fbarth.net.br/materiais.html" "Mozilla/5.0 (Windows NT 6.1; WOW64; rv:11.0) Gecko/20100101 Firefox/11.0"
177.22.136.4 - - [14/Aug/2013:16:24:00 +0000] "GET /materiais/estrutura-dados.html HTTP/1.1" 200 3011 "http://fbarth.net.br/materiais/disciplinas.html" "Mozilla/5.0 (Windows NT 6.1; WOW64; rv:11.0) Gecko/20100101 Firefox/11.0"
177.22.136.4 - - [14/Aug/2013:16:24:06 +0000] "GET /materiais/docs/estruturas/aOrdenacao.pdf HTTP/1.1" 200 241908 "http://fbarth.net.br/materiais/estrutura-dados.html" "Mozilla/5.0 (Windows NT 6.1; WOW64; rv:11.0) Gecko/20100101 Firefox/11.0"
5.10.83.48 - - [13/Aug/2013:03:46:08 +0000] "GET /materiais/docs/am/?C=M;O=A HTTP/1.1" 200 616 "-" "Mozilla/5.0 (compatible; AhrefsBot/5.0; +http://ahrefs.com/robot/)"
66.249.73.206 - - [13/Aug/2013:03:48:57 +0000] "GET /docs/bar2007.pdf HTTP/1.1" 200 178166 "-" "Mozilla/5.0 (compatible; Googlebot/2.1; +http://www.google.com/bot.html)"
5.10.83.48 - - [13/Aug/2013:04:10:23 +0000] "GET /materiais/docs/estruturas/?C=S;O=A HTTP/1.1" 200 593 "-" "Mozilla/5.0 (compatible; AhrefsBot/5.0; +http://ahrefs.com/robot/)"
5.10.83.48 - - [13/Aug/2013:04:19:36 +0000] "GET /materiais/docs/ia/?C=N;O=D HTTP/1.1" 200 574 "-" "Mozilla/5.0 (compatible; AhrefsBot/5.0; +http://ahrefs.com/robot/)"
189.83.74.76 - - [13/Aug/2013:04:23:42 +0000] "GET /materiais/docs/aula01.pdf HTTP/1.1" 200 65718 "http://fbarth.net.br/materiais/webMiningR.html" "Mozilla/5.0 (X11; Ubuntu; Linux x86_64; rv:23.0) Gecko/20100101 Firefox/23.0"
189.83.74.76 - - [13/Aug/2013:04:24:16 +0000] "GET /materiais/webMiningR.html HTTP/1.1" 200 1816 "http://rstudio-pubs-static.s3.amazonaws.com/6585_f0f1ddcedde846ee8a3882e72f149f94.html" "Mozilla/5.0 (X11; Ubuntu; Linux x86_64; rv:23.0) Gecko/20100101 Firefox/23.0"
189.83.74.76 - - [13/Aug/2013:04:24:17 +0000] "GET /default.css HTTP/1.1" 200 1415 "http://fbarth.net.br/materiais/webMiningR.html" "Mozilla/5.0 (X11; Ubuntu; Linux x86_64; rv:23.0) Gecko/20100101 Firefox/23.0"
189.83.74.76 - - [13/Aug/2013:04:24:17 +0000] "GET /img/container.jpg HTTP/1.1" 200 2343 "http://fbarth.net.br/default.css" "Mozilla/5.0 (X11; Ubuntu; Linux x86_64; rv:23.0) Gecko/20100101 Firefox/23.0"
189.83.74.76 - - [13/Aug/2013:04:24:17 +0000] "GET /img/body.jpg HTTP/1.1" 200 13570 "http://fbarth.net.br/default.css" "Mozilla/5.0 (X11; Ubuntu; Linux x86_64; rv:23.0) Gecko/20100101 Firefox/23.0"
189.83.74.76 - - [13/Aug/2013:04:24:17 +0000] "GET /img/main.gif HTTP/1.1" 200 148 "http://fbarth.net.br/default.css" "Mozilla/5.0 (X11; Ubuntu; Linux x86_64; rv:23.0) Gecko/20100101 Firefox/23.0"
189.83.74.76 - - [13/Aug/2013:04:24:17 +0000] "GET /img/header.jpg HTTP/1.1" 200 11112 "http://fbarth.net.br/default.css" "Mozilla/5.0 (X11; Ubuntu; Linux x86_64; rv:23.0) Gecko/20100101 Firefox/23.0"
189.83.74.76 - - [13/Aug/2013:04:24:17 +0000] "GET /img/li.gif HTTP/1.1" 200 199 "http://fbarth.net.br/default.css" "Mozilla/5.0 (X11; Ubuntu; Linux x86_64; rv:23.0) Gecko/20100101 Firefox/23.0"
189.83.74.76 - - [13/Aug/2013:04:24:29 +0000] "GET /index.html HTTP/1.1" 200 1811 "http://fbarth.net.br/materiais/webMiningR.html" "Mozilla/5.0 (X11; Ubuntu; Linux x86_64; rv:23.0) Gecko/20100101 Firefox/23.0"
189.83.74.76 - - [13/Aug/2013:04:24:29 +0000] "GET /img/foto.jpg HTTP/1.1" 200 14854 "http://fbarth.net.br/index.html" "Mozilla/5.0 (X11; Ubuntu; Linux x86_64; rv:23.0) Gecko/20100101 Firefox/23.0"
5.10.83.48 - - [13/Aug/2013:04:25:24 +0000] "GET /materiais/docs/am/?C=D;O=A HTTP/1.1" 200 616 "-" "Mozilla/5.0 (compatible; AhrefsBot/5.0; +http://ahrefs.com/robot/)"
100.43.83.157 - - [13/Aug/2013:04:35:12 +0000] "GET /contatos.html HTTP/1.1" 200 1472 "-" "Mozilla/5.0 (compatible; YandexBot/3.0; +http://yandex.com/bots)"
66.249.73.206 - - [13/Aug/2013:04:46:08 +0000] "GET /publicacoes.html HTTP/1.1" 304 0 "-" "Mozilla/5.0 (compatible; Googlebot/2.1; +http://www.google.com/bot.html)"
66.249.73.206 - - [13/Aug/2013:04:58:57 +0000] "GET /materiais/palestras.html HTTP/1.1" 200 1775 "-" "Googlebot/2.1 (+http://www.google.com/bot.html)"
199.58.86.211 - - [13/Aug/2013:05:09:35 +0000] "GET /robots.txt HTTP/1.0" 200 23 "-" "Mozilla/5.0 (compatible; MJ12bot/v1.4.3; http://www.majestic12.co.uk/bot.php?+)"
199.58.86.211 - - [13/Aug/2013:05:09:37 +0000] "GET / HTTP/1.0" 200 3990 "-" "Mozilla/5.0 (compatible; MJ12bot/v1.4.3; http://www.majestic12.co.uk/bot.php?+)"
5.10.83.48 - - [13/Aug/2013:05:13:27 +0000] "GET /materiais/docs/ia/?C=D;O=A HTTP/1.1" 200 577 "-" "Mozilla/5.0 (compatible; AhrefsBot/5.0; +http://ahrefs.com/robot/)"
66.249.73.206 - - [13/Aug/2013:05:37:00 +0000] "GET /publicacoes.html HTTP/1.1" 200 7717 "-" "Googlebot/2.1 (+http://www.google.com/bot.html)"
5.10.83.48 - - [13/Aug/2013:05:42:01 +0000] "GET /materiais/docs/ia/?C=S;O=A HTTP/1.1" 200 572 "-" "Mozilla/5.0 (compatible; AhrefsBot/5.0; +http://ahrefs.com/robot/)"
66.249.73.206 - - [13/Aug/2013:06:02:22 +0000] "GET /projetos/instinct.html HTTP/1.1" 200 3011 "-" "Googlebot/2.1 (+http://www.google.com/bot.html)"
66.249.73.206 - - [13/Aug/2013:06:13:35 +0000] "GET /materiais/introducaoRecuperacaoInformacao/introducaoRecuperacaoInformacao.pdf HTTP/1.1" 200 180972 "-" "Mozilla/5.0 (compatible; Googlebot/2.1; +http://www.google.com/bot.html)"
5.10.83.48 - - [13/Aug/2013:06:26:15 +0000] "GET /materiais/docs/am/?C=N;O=D HTTP/1.1" 200 623 "-" "Mozilla/5.0 (compatible; AhrefsBot/5.0; +http://ahrefs.com/robot/)"
189.102.254.56 - - [13/Aug/2013:06:41:19 +0000] "GET /materiais/webMining/webUsageMining.pdf HTTP/1.1" 200 805697 "http://www.google.com.br/url?sa=t&rct=j&q=&esrc=s&source=web&cd=2&cad=rja&ved=0CDQQFjAB&url=http%3A%2F%2Ffbarth.net.br%2Fmateriais%2FwebMining%2FwebUsageMining.pdf&ei=ANUJUoHrE-mG2gXzrYHACg&usg=AFQjCNFj6vvj-D-GIzjgW61II59OaJYtRQ&sig2=zQyDJq9B8oycoxdzTSO7bQ&bvm=bv.50500085,d.aWc" "Mozilla/5.0 (Windows NT 6.1; WOW64; rv:22.0) Gecko/20100101 Firefox/22.0"
189.102.254.56 - - [13/Aug/2013:06:41:21 +0000] "GET /favicon.ico HTTP/1.1" 404 926 "-" "Mozilla/5.0 (Windows NT 6.1; WOW64; rv:22.0) Gecko/20100101 Firefox/22.0"
189.102.254.56 - - [13/Aug/2013:06:41:21 +0000] "GET /favicon.ico HTTP/1.1" 404 926 "-" "Mozilla/5.0 (Windows NT 6.1; WOW64; rv:22.0) Gecko/20100101 Firefox/22.0"
66.249.73.206 - - [13/Aug/2013:06:57:42 +0000] "GET /index.html HTTP/1.1" 200 1811 "-" "Mozilla/5.0 (compatible; Googlebot/2.1; +http://www.google.com/bot.html)"
66.249.73.206 - - [13/Aug/2013:07:00:19 +0000] "GET /materiais/docs/aDataTextMining.pdf HTTP/1.1" 304 0 "-" "Mozilla/5.0 (compatible; Googlebot/2.1; +http://www.google.com/bot.html)"
5.10.83.48 - - [13/Aug/2013:07:09:28 +0000] "GET /materiais/docs/am/?C=S;O=A HTTP/1.1" 200 625 "-" "Mozilla/5.0 (compatible; AhrefsBot/5.0; +http://ahrefs.com/robot/)"
66.249.73.206 - - [13/Aug/2013:07:45:59 +0000] "GET /docs/bar2008a.pdf HTTP/1.1" 304 0 "-" "Mozilla/5.0 (compatible; Googlebot/2.1; +http://www.google.com/bot.html)"
66.249.73.206 - - [13/Aug/2013:08:07:12 +0000] "GET /projetos/riInteligente.html HTTP/1.1" 304 0 "-" "Mozilla/5.0 (compatible; Googlebot/2.1; +http://www.google.com/bot.html)"
66.249.73.206 - - [13/Aug/2013:08:23:46 +0000] "GET /projetos/riInteligente.html HTTP/1.1" 200 5640 "-" "Googlebot/2.1 (+http://www.google.com/bot.html)"
66.249.73.206 - - [13/Aug/2013:08:41:06 +0000] "GET /materiais/docs/ia/agentesInteligentes.pdf HTTP/1.1" 304 0 "-" "Mozilla/5.0 (compatible; Googlebot/2.1; +http://www.google.com/bot.html)"
66.249.73.206 - - [13/Aug/2013:08:45:43 +0000] "GET /docs/bar2013.pdf HTTP/1.1" 304 0 "-" "Mozilla/5.0 (compatible; Googlebot/2.1; +http://www.google.com/bot.html)"
66.249.73.206 - - [13/Aug/2013:08:51:16 +0000] "GET /projetos/graduacao.html HTTP/1.1" 200 2190 "-" "Googlebot/2.1 (+http://www.google.com/bot.html)"
66.249.73.206 - - [13/Aug/2013:08:53:06 +0000] "GET /projetos/mestrado.html HTTP/1.1" 200 3261 "-" "Googlebot/2.1 (+http://www.google.com/bot.html)"
66.249.73.206 - - [13/Aug/2013:08:59:01 +0000] "GET /projetos/investigacao.html HTTP/1.1" 200 2736 "-" "Googlebot/2.1 (+http://www.google.com/bot.html)"
66.249.73.206 - - [13/Aug/2013:08:59:59 +0000] "GET /projetos.html HTTP/1.1" 200 1562 "-" "Googlebot/2.1 (+http://www.google.com/bot.html)"
66.249.73.206 - - [13/Aug/2013:09:06:46 +0000] "GET /materiais/ia.html HTTP/1.1" 200 1585 "-" "Googlebot/2.1 (+http://www.google.com/bot.html)"
66.249.73.206 - - [13/Aug/2013:09:15:01 +0000] "GET /materiais/webMining/webUsageMining.pdf HTTP/1.1" 304 0 "-" "Mozilla/5.0 (compatible; Googlebot/2.1; +http://www.google.com/bot.html)"
66.249.73.206 - - [13/Aug/2013:09:15:36 +0000] "GET /docs/bar2012.pdf HTTP/1.1" 304 0 "-" "Mozilla/5.0 (compatible; Googlebot/2.1; +http://www.google.com/bot.html)"
66.249.73.206 - - [13/Aug/2013:09:26:24 +0000] "GET /docs/bar2010.pdf HTTP/1.1" 200 305444 "-" "Googlebot/2.1 (+http://www.google.com/bot.html)"
66.249.73.206 - - [13/Aug/2013:10:04:18 +0000] "GET /materiais/docs/estruturas/aListaEncadeada.pdf HTTP/1.1" 304 0 "-" "Mozilla/5.0 (compatible; Googlebot/2.1; +http://www.google.com/bot.html)"
66.249.73.206 - - [13/Aug/2013:10:15:01 +0000] "GET /materiais/webMining/index.html HTTP/1.1" 304 0 "-" "Mozilla/5.0 (compatible; Googlebot/2.1; +http://www.google.com/bot.html)"
202.159.228.29 - - [13/Aug/2013:10:49:05 +0000] "GET /docs/lop2000.pdf&amp;sa=U&amp;ei=HA0KUpyGCOmwyQHw8IGoDA&amp;ved=0CLUCEBYwUQ&amp;usg=AFQjCNGa8fZBsDW_KMn-mmIBFnOdGiL5ag/images/stories/3xp.php HTTP/1.1" 404 1920 "-" "Mozilla/5.0 (Windows; U; Windows NT 5.1; en-US; rv:1.9.2) Gecko/20100115 Firefox/3.6"
202.159.228.29 - - [13/Aug/2013:10:49:05 +0000] "GET /images/stories/3xp.php HTTP/1.1" 404 1920 "-" "Mozilla/5.0 (Windows; U; Windows NT 5.1; en-US; rv:1.9.2) Gecko/20100115 Firefox/3.6"
202.159.228.29 - - [13/Aug/2013:10:49:06 +0000] "GET /docs/images/stories/3xp.php HTTP/1.1" 404 1920 "-" "Mozilla/5.0 (Windows; U; Windows NT 5.1; en-US; rv:1.9.2) Gecko/20100115 Firefox/3.6"
91.149.157.168 - - [13/Aug/2013:10:49:39 +0000] "GET /docs/lop2000.pdf&amp;sa=U&amp;ei=Hw0KUtPKNMPVOa7VgOAE&amp;ved=0CK4CEBYwTw&amp;usg=AFQjCNHv1V9iavyLZrbTvjORJqToyphoJA/images/stories/0day.php HTTP/1.1" 404 1920 "-" "Mozilla/5.0 (Windows; U; Windows NT 5.1; en-US; rv:1.9.2) Gecko/20100115 Firefox/3.6"
91.149.157.168 - - [13/Aug/2013:10:49:39 +0000] "GET /images/stories/0day.php HTTP/1.1" 404 1920 "-" "Mozilla/5.0 (Windows; U; Windows NT 5.1; en-US; rv:1.9.2) Gecko/20100115 Firefox/3.6"
91.149.157.168 - - [13/Aug/2013:10:49:39 +0000] "GET /docs/images/stories/0day.php HTTP/1.1" 404 1920 "-" "Mozilla/5.0 (Windows; U; Windows NT 5.1; en-US; rv:1.9.2) Gecko/20100115 Firefox/3.6"
66.249.73.206 - - [13/Aug/2013:10:57:30 +0000] "GET /materiais/ia.html HTTP/1.1" 200 1585 "-" "Mozilla/5.0 (compatible; Googlebot/2.1; +http://www.google.com/bot.html)"
66.249.73.206 - - [13/Aug/2013:11:41:41 +0000] "GET /docs/bar2010a.pdf HTTP/1.1" 200 2810755 "-" "Mozilla/5.0 (compatible; Googlebot/2.1; +http://www.google.com/bot.html)"
66.249.73.206 - - [13/Aug/2013:11:42:50 +0000] "GET /materiais/docs/estruturas/aArvores.pdf HTTP/1.1" 304 0 "-" "Mozilla/5.0 (compatible; Googlebot/2.1; +http://www.google.com/bot.html)"
157.55.33.77 - - [13/Aug/2013:12:17:54 +0000] "GET /robots.txt HTTP/1.1" 200 23 "-" "Mozilla/5.0 (compatible; bingbot/2.0; +http://www.bing.com/bingbot.htm)"
157.55.33.77 - - [13/Aug/2013:12:19:17 +0000] "GET / HTTP/1.1" 200 1811 "-" "Mozilla/5.0 (compatible; bingbot/2.0; +http://www.bing.com/bingbot.htm)"
200.17.101.34 - - [13/Aug/2013:12:26:33 +0000] "GET /projetos/tcc.pdf HTTP/1.0" 200 672280 "http://www.google.com.br/url?sa=t&rct=j&q=constitui%20arquivos%20distribuidos%20java&source=web&cd=5&ved=0CEUQFjAE&url=http%3A%2F%2Ffbarth.net.br%2Fprojetos%2Ftcc.pdf&ei=3CUKUu_hOuTcigLvwoC4DA&usg=AFQjCNFElsD03SmekFbp2HFsqopwOyCHDA" "Mozilla/5.0 (Windows NT 6.1; WOW64; rv:10.0) Gecko/20100101 Firefox/10.0"
200.17.101.34 - - [13/Aug/2013:12:26:37 +0000] "GET /favicon.ico HTTP/1.0" 404 1920 "-" "Mozilla/5.0 (Windows NT 6.1; WOW64; rv:10.0) Gecko/20100101 Firefox/10.0"
200.17.101.34 - - [13/Aug/2013:12:26:38 +0000] "GET /projetos/tcc.pdf HTTP/1.0" 206 20123 "-" "Mozilla/5.0 (Windows NT 6.1; WOW64; rv:10.0) Gecko/20100101 Firefox/10.0"
200.17.101.34 - - [13/Aug/2013:12:26:39 +0000] "GET /projetos/tcc.pdf HTTP/1.0" 206 42599 "-" "Mozilla/5.0 (Windows NT 6.1; WOW64; rv:10.0) Gecko/20100101 Firefox/10.0"
200.17.101.34 - - [13/Aug/2013:12:26:39 +0000] "GET /projetos/tcc.pdf HTTP/1.0" 206 3790 "-" "Mozilla/5.0 (Windows NT 6.1; WOW64; rv:10.0) Gecko/20100101 Firefox/10.0"
200.17.101.34 - - [13/Aug/2013:12:26:40 +0000] "GET /projetos/tcc.pdf HTTP/1.0" 206 44310 "-" "Mozilla/5.0 (Windows NT 6.1; WOW64; rv:10.0) Gecko/20100101 Firefox/10.0"
200.17.101.34 - - [13/Aug/2013:12:26:49 +0000] "GET /projetos/tcc.pdf HTTP/1.0" 206 30326 "-" "Mozilla/5.0 (Windows NT 6.1; WOW64; rv:10.0) Gecko/20100101 Firefox/10.0"
200.17.101.34 - - [13/Aug/2013:12:26:50 +0000] "GET /projetos/tcc.pdf HTTP/1.0" 206 27197 "-" "Mozilla/5.0 (Windows NT 6.1; WOW64; rv:10.0) Gecko/20100101 Firefox/10.0"
200.17.101.34 - - [13/Aug/2013:12:33:27 +0000] "GET /favicon.ico HTTP/1.0" 404 1920 "-" "Mozilla/5.0 (Windows NT 6.1; WOW64; rv:10.0) Gecko/20100101 Firefox/10.0"
66.249.73.206 - - [13/Aug/2013:12:36:08 +0000] "GET /docs/bar2008c.pdf HTTP/1.1" 304 0 "-" "Mozilla/5.0 (compatible; Googlebot/2.1; +http://www.google.com/bot.html)"
200.218.186.14 - - [13/Aug/2013:13:31:57 +0000] "GET / HTTP/1.1" 499 0 "https://www.google.com.br/" "Mozilla/5.0 (Windows NT 6.1) AppleWebKit/537.36 (KHTML, like Gecko) Chrome/28.0.1500.95 Safari/537.36"
200.218.186.14 - - [13/Aug/2013:13:31:59 +0000] "GET / HTTP/1.1" 499 0 "-" "Mozilla/5.0 (Windows NT 6.1) AppleWebKit/537.36 (KHTML, like Gecko) Chrome/28.0.1500.95 Safari/537.36"
187.47.36.175 - - [13/Aug/2013:13:47:15 +0000] "GET / HTTP/1.1" 200 1811 "-" "Mozilla/5.0 (Linux; Android 4.1.2; ME371MG Build/JZO54K) AppleWebKit/535.19 (KHTML, like Gecko) Chrome/18.0.1025.166  Safari/535.19"
187.47.36.175 - - [13/Aug/2013:13:47:15 +0000] "GET /default.css HTTP/1.1" 200 1415 "http://fbarth.net.br/" "Mozilla/5.0 (Linux; Android 4.1.2; ME371MG Build/JZO54K) AppleWebKit/535.19 (KHTML, like Gecko) Chrome/18.0.1025.166  Safari/535.19"
187.47.36.175 - - [13/Aug/2013:13:47:15 +0000] "GET /img/foto.jpg HTTP/1.1" 200 14854 "http://fbarth.net.br/" "Mozilla/5.0 (Linux; Android 4.1.2; ME371MG Build/JZO54K) AppleWebKit/535.19 (KHTML, like Gecko) Chrome/18.0.1025.166  Safari/535.19"
187.47.36.175 - - [13/Aug/2013:13:47:15 +0000] "GET /img/body.jpg HTTP/1.1" 200 13570 "http://fbarth.net.br/" "Mozilla/5.0 (Linux; Android 4.1.2; ME371MG Build/JZO54K) AppleWebKit/535.19 (KHTML, like Gecko) Chrome/18.0.1025.166  Safari/535.19"
187.47.36.175 - - [13/Aug/2013:13:47:16 +0000] "GET /img/container.jpg HTTP/1.1" 200 2343 "http://fbarth.net.br/" "Mozilla/5.0 (Linux; Android 4.1.2; ME371MG Build/JZO54K) AppleWebKit/535.19 (KHTML, like Gecko) Chrome/18.0.1025.166  Safari/535.19"
187.47.36.175 - - [13/Aug/2013:13:47:16 +0000] "GET /img/header.jpg HTTP/1.1" 200 11112 "http://fbarth.net.br/" "Mozilla/5.0 (Linux; Android 4.1.2; ME371MG Build/JZO54K) AppleWebKit/535.19 (KHTML, like Gecko) Chrome/18.0.1025.166  Safari/535.19"
187.47.36.175 - - [13/Aug/2013:13:47:16 +0000] "GET /img/main.gif HTTP/1.1" 200 148 "http://fbarth.net.br/" "Mozilla/5.0 (Linux; Android 4.1.2; ME371MG Build/JZO54K) AppleWebKit/535.19 (KHTML, like Gecko) Chrome/18.0.1025.166  Safari/535.19"
187.47.36.175 - - [13/Aug/2013:13:47:18 +0000] "GET /apple-touch-icon-precomposed.png HTTP/1.1" 404 926 "-" "Mozilla/5.0 (Linux; Android 4.1.2; ME371MG Build/JZO54K) AppleWebKit/535.19 (KHTML, like Gecko) Chrome/18.0.1025.166  Safari/535.19"
187.47.36.175 - - [13/Aug/2013:13:47:18 +0000] "GET /favicon.ico HTTP/1.1" 404 926 "-" "Mozilla/5.0 (Linux; Android 4.1.2; ME371MG Build/JZO54K) AppleWebKit/535.19 (KHTML, like Gecko) Chrome/18.0.1025.166  Safari/535.19"
187.47.36.175 - - [13/Aug/2013:13:47:19 +0000] "GET /apple-touch-icon.png HTTP/1.1" 404 926 "-" "Mozilla/5.0 (Linux; Android 4.1.2; ME371MG Build/JZO54K) AppleWebKit/535.19 (KHTML, like Gecko) Chrome/18.0.1025.166  Safari/535.19"
187.47.36.175 - - [13/Aug/2013:13:47:27 +0000] "GET /materiais.html HTTP/1.1" 200 1249 "http://fbarth.net.br/" "Mozilla/5.0 (Linux; Android 4.1.2; ME371MG Build/JZO54K) AppleWebKit/535.19 (KHTML, like Gecko) Chrome/18.0.1025.166  Safari/535.19"
187.47.36.175 - - [13/Aug/2013:13:47:29 +0000] "GET /img/li.gif HTTP/1.1" 200 199 "http://fbarth.net.br/materiais.html" "Mozilla/5.0 (Linux; Android 4.1.2; ME371MG Build/JZO54K) AppleWebKit/535.19 (KHTML, like Gecko) Chrome/18.0.1025.166  Safari/535.19"
187.47.36.175 - - [13/Aug/2013:13:47:29 +0000] "GET /favicon.ico HTTP/1.1" 404 926 "-" "Mozilla/5.0 (Linux; Android 4.1.2; ME371MG Build/JZO54K) AppleWebKit/535.19 (KHTML, like Gecko) Chrome/18.0.1025.166  Safari/535.19"
187.47.36.175 - - [13/Aug/2013:13:47:30 +0000] "GET /apple-touch-icon-precomposed.png HTTP/1.1" 404 926 "-" "Mozilla/5.0 (Linux; Android 4.1.2; ME371MG Build/JZO54K) AppleWebKit/535.19 (KHTML, like Gecko) Chrome/18.0.1025.166  Safari/535.19"
187.47.36.175 - - [13/Aug/2013:13:47:30 +0000] "GET /apple-touch-icon.png HTTP/1.1" 404 926 "-" "Mozilla/5.0 (Linux; Android 4.1.2; ME371MG Build/JZO54K) AppleWebKit/535.19 (KHTML, like Gecko) Chrome/18.0.1025.166  Safari/535.19"
187.47.36.175 - - [13/Aug/2013:13:47:49 +0000] "GET /materiais/disciplinas.html HTTP/1.1" 200 1116 "http://fbarth.net.br/materiais.html" "Mozilla/5.0 (Linux; Android 4.1.2; ME371MG Build/JZO54K) AppleWebKit/535.19 (KHTML, like Gecko) Chrome/18.0.1025.166  Safari/535.19"
187.47.36.175 - - [13/Aug/2013:13:47:55 +0000] "GET /materiais/ia.html HTTP/1.1" 200 1585 "http://fbarth.net.br/materiais/disciplinas.html" "Mozilla/5.0 (Linux; Android 4.1.2; ME371MG Build/JZO54K) AppleWebKit/535.19 (KHTML, like Gecko) Chrome/18.0.1025.166  Safari/535.19"
187.47.36.175 - - [13/Aug/2013:13:47:56 +0000] "GET /favicon.ico HTTP/1.1" 404 926 "-" "Mozilla/5.0 (Linux; Android 4.1.2; ME371MG Build/JZO54K) AppleWebKit/535.19 (KHTML, like Gecko) Chrome/18.0.1025.166  Safari/535.19"
187.47.36.175 - - [13/Aug/2013:13:47:56 +0000] "GET /apple-touch-icon-precomposed.png HTTP/1.1" 404 926 "-" "Mozilla/5.0 (Linux; Android 4.1.2; ME371MG Build/JZO54K) AppleWebKit/535.19 (KHTML, like Gecko) Chrome/18.0.1025.166  Safari/535.19"
187.47.36.175 - - [13/Aug/2013:13:47:57 +0000] "GET /favicon.ico HTTP/1.1" 404 926 "-" "Mozilla/5.0 (Linux; Android 4.1.2; ME371MG Build/JZO54K) AppleWebKit/535.19 (KHTML, like Gecko) Chrome/18.0.1025.166  Safari/535.19"
187.47.36.175 - - [13/Aug/2013:13:47:57 +0000] "GET /apple-touch-icon-precomposed.png HTTP/1.1" 404 926 "-" "Mozilla/5.0 (Linux; Android 4.1.2; ME371MG Build/JZO54K) AppleWebKit/535.19 (KHTML, like Gecko) Chrome/18.0.1025.166  Safari/535.19"
187.47.36.175 - - [13/Aug/2013:13:47:57 +0000] "GET /apple-touch-icon.png HTTP/1.1" 404 926 "-" "Mozilla/5.0 (Linux; Android 4.1.2; ME371MG Build/JZO54K) AppleWebKit/535.19 (KHTML, like Gecko) Chrome/18.0.1025.166  Safari/535.19"
187.47.36.175 - - [13/Aug/2013:13:48:32 +0000] "GET /materiais/docs/am/aDataScience.pdf HTTP/1.1" 200 46758 "-" "Dalvik/1.6.0 (Linux; U; Android 4.1.2; ME371MG Build/JZO54K)"
66.249.73.206 - - [13/Aug/2013:14:02:40 +0000] "GET /materiais/docs/estruturas/aOrdenacao.pdf HTTP/1.1" 200 241908 "-" "Mozilla/5.0 (iPhone; U; CPU iPhone OS 4_1 like Mac OS X; en-us) AppleWebKit/532.9 (KHTML, like Gecko) Version/4.0.5 Mobile/8B117 Safari/6531.22.7 (compatible; Googlebot-Mobile/2.1; +http://www.google.com/bot.html)"
180.76.5.146 - - [13/Aug/2013:14:12:35 +0000] "GET / HTTP/1.1" 200 1811 "-" "Mozilla/5.0 (compatible; Baiduspider/2.0; +http://www.baidu.com/search/spider.html)"
66.249.73.206 - - [13/Aug/2013:15:28:03 +0000] "GET /robots.txt HTTP/1.1" 200 65 "-" "Mozilla/5.0 (compatible; Googlebot/2.1; +http://www.google.com/bot.html)"
66.249.73.206 - - [13/Aug/2013:15:28:03 +0000] "GET /docs/bar2009.pdf HTTP/1.1" 200 829715 "-" "Mozilla/5.0 (compatible; Googlebot/2.1; +http://www.google.com/bot.html)"
179.197.142.252 - - [13/Aug/2013:15:45:39 +0000] "GET /materiais/docs/estruturas/aArvores.pdf HTTP/1.1" 200 5632262 "https://www.google.com.br/" "Mozilla/5.0 (Windows NT 6.2; WOW64) AppleWebKit/537.36 (KHTML, like Gecko) Chrome/28.0.4.0 Safari/537.36"
179.197.142.252 - - [13/Aug/2013:15:45:43 +0000] "GET /favicon.ico HTTP/1.1" 404 926 "-" "Mozilla/5.0 (Windows NT 6.2; WOW64) AppleWebKit/537.36 (KHTML, like Gecko) Chrome/28.0.4.0 Safari/537.36"
143.54.6.47 - - [13/Aug/2013:15:51:54 +0000] "GET /materiais/docs/estruturas/aArvores.pdf HTTP/1.1" 200 5632262 "https://www.google.com.br/" "Mozilla/5.0 (X11; Linux x86_64) AppleWebKit/537.36 (KHTML, like Gecko) Ubuntu Chromium/28.0.1500.71 Chrome/28.0.1500.71 Safari/537.36"
66.249.73.206 - - [13/Aug/2013:16:15:49 +0000] "GET /docs/cri2012a.pdf HTTP/1.1" 200 2321393 "-" "Mozilla/5.0 (compatible; Googlebot/2.1; +http://www.google.com/bot.html)"
66.249.73.206 - - [13/Aug/2013:16:44:53 +0000] "GET /materiais/textos.html HTTP/1.1" 200 1359 "-" "Mozilla/5.0 (compatible; Googlebot/2.1; +http://www.google.com/bot.html)"
200.239.65.218 - - [13/Aug/2013:16:57:16 +0000] "GET /materiais/docs/aMineracaoInformacoesSeminco2012.pdf HTTP/1.1" 200 72742 "http://scholar.google.com.br/scholar?lr=lang_pt&q=big+data&hl=pt-BR&as_sdt=0,5" "Mozilla/5.0 (Windows NT 6.1) AppleWebKit/537.36 (KHTML, like Gecko) Chrome/28.0.1500.95 Safari/537.36"
200.239.65.218 - - [13/Aug/2013:16:57:17 +0000] "GET /materiais/docs/aMineracaoInformacoesSeminco2012.pdf HTTP/1.1" 206 32768 "http://fbarth.net.br/materiais/docs/aMineracaoInformacoesSeminco2012.pdf" "Mozilla/5.0 (Windows NT 6.1) AppleWebKit/537.36 (KHTML, like Gecko) Chrome/28.0.1500.95 Safari/537.36"
200.239.65.218 - - [13/Aug/2013:16:57:18 +0000] "GET /favicon.ico HTTP/1.1" 404 926 "-" "Mozilla/5.0 (Windows NT 6.1) AppleWebKit/537.36 (KHTML, like Gecko) Chrome/28.0.1500.95 Safari/537.36"
200.239.65.218 - - [13/Aug/2013:16:58:06 +0000] "GET /materiais/docs/aMineracaoInformacoesSeminco2012.pdf HTTP/1.1" 206 2004165 "http://fbarth.net.br/materiais/docs/aMineracaoInformacoesSeminco2012.pdf" "Mozilla/5.0 (Windows NT 6.1) AppleWebKit/537.36 (KHTML, like Gecko) Chrome/28.0.1500.95 Safari/537.36"
200.239.65.218 - - [13/Aug/2013:16:58:16 +0000] "GET /favicon.ico HTTP/1.1" 404 926 "-" "Mozilla/5.0 (Windows NT 6.1) AppleWebKit/537.36 (KHTML, like Gecko) Chrome/28.0.1500.95 Safari/537.36"
180.76.6.211 - - [13/Aug/2013:17:03:57 +0000] "GET / HTTP/1.1" 304 0 "-" "Mozilla/5.0 (compatible; Baiduspider/2.0; +http://www.baidu.com/search/spider.html)"
66.249.73.206 - - [13/Aug/2013:17:05:49 +0000] "GET /docs/bar2008b.pdf HTTP/1.1" 304 0 "-" "Mozilla/5.0 (compatible; Googlebot/2.1; +http://www.google.com/bot.html)"
177.102.141.40 - - [13/Aug/2013:17:30:19 +0000] "GET / HTTP/1.1" 200 1823 "-" "Mozilla/5.0 (Windows NT 6.1; WOW64) AppleWebKit/537.36 (KHTML, like Gecko) Chrome/28.0.1500.95 Safari/537.36"
177.102.141.40 - - [13/Aug/2013:17:30:19 +0000] "GET /default.css HTTP/1.1" 200 1415 "http://fbarth.net.br/" "Mozilla/5.0 (Windows NT 6.1; WOW64) AppleWebKit/537.36 (KHTML, like Gecko) Chrome/28.0.1500.95 Safari/537.36"
177.102.141.40 - - [13/Aug/2013:17:30:19 +0000] "GET /img/body.jpg HTTP/1.1" 200 13570 "http://fbarth.net.br/" "Mozilla/5.0 (Windows NT 6.1; WOW64) AppleWebKit/537.36 (KHTML, like Gecko) Chrome/28.0.1500.95 Safari/537.36"
177.102.141.40 - - [13/Aug/2013:17:30:19 +0000] "GET /img/foto.jpg HTTP/1.1" 200 14854 "http://fbarth.net.br/" "Mozilla/5.0 (Windows NT 6.1; WOW64) AppleWebKit/537.36 (KHTML, like Gecko) Chrome/28.0.1500.95 Safari/537.36"
177.102.141.40 - - [13/Aug/2013:17:30:24 +0000] "GET /img/main.gif HTTP/1.1" 200 148 "http://fbarth.net.br/" "Mozilla/5.0 (Windows NT 6.1; WOW64) AppleWebKit/537.36 (KHTML, like Gecko) Chrome/28.0.1500.95 Safari/537.36"
177.102.141.40 - - [13/Aug/2013:17:30:24 +0000] "GET /img/header.jpg HTTP/1.1" 200 11112 "http://fbarth.net.br/" "Mozilla/5.0 (Windows NT 6.1; WOW64) AppleWebKit/537.36 (KHTML, like Gecko) Chrome/28.0.1500.95 Safari/537.36"
177.102.141.40 - - [13/Aug/2013:17:30:24 +0000] "GET /img/container.jpg HTTP/1.1" 200 2343 "http://fbarth.net.br/" "Mozilla/5.0 (Windows NT 6.1; WOW64) AppleWebKit/537.36 (KHTML, like Gecko) Chrome/28.0.1500.95 Safari/537.36"
177.102.141.40 - - [13/Aug/2013:17:30:24 +0000] "GET /favicon.ico HTTP/1.1" 404 926 "-" "Mozilla/5.0 (Windows NT 6.1; WOW64) AppleWebKit/537.36 (KHTML, like Gecko) Chrome/28.0.1500.95 Safari/537.36"
177.102.141.40 - - [13/Aug/2013:17:30:26 +0000] "GET /materiais.html HTTP/1.1" 200 1249 "http://fbarth.net.br/" "Mozilla/5.0 (Windows NT 6.1; WOW64) AppleWebKit/537.36 (KHTML, like Gecko) Chrome/28.0.1500.95 Safari/537.36"
177.102.141.40 - - [13/Aug/2013:17:30:26 +0000] "GET /img/li.gif HTTP/1.1" 200 199 "http://fbarth.net.br/materiais.html" "Mozilla/5.0 (Windows NT 6.1; WOW64) AppleWebKit/537.36 (KHTML, like Gecko) Chrome/28.0.1500.95 Safari/537.36"
177.102.141.40 - - [13/Aug/2013:17:30:26 +0000] "GET /favicon.ico HTTP/1.1" 404 926 "-" "Mozilla/5.0 (Windows NT 6.1; WOW64) AppleWebKit/537.36 (KHTML, like Gecko) Chrome/28.0.1500.95 Safari/537.36"
177.102.141.40 - - [13/Aug/2013:17:30:29 +0000] "GET /materiais/disciplinas.html HTTP/1.1" 200 1116 "http://fbarth.net.br/materiais.html" "Mozilla/5.0 (Windows NT 6.1; WOW64) AppleWebKit/537.36 (KHTML, like Gecko) Chrome/28.0.1500.95 Safari/537.36"
177.102.141.40 - - [13/Aug/2013:17:30:29 +0000] "GET /favicon.ico HTTP/1.1" 404 926 "-" "Mozilla/5.0 (Windows NT 6.1; WOW64) AppleWebKit/537.36 (KHTML, like Gecko) Chrome/28.0.1500.95 Safari/537.36"
177.102.141.40 - - [13/Aug/2013:17:30:30 +0000] "GET /materiais/ia.html HTTP/1.1" 200 1585 "http://fbarth.net.br/materiais/disciplinas.html" "Mozilla/5.0 (Windows NT 6.1; WOW64) AppleWebKit/537.36 (KHTML, like Gecko) Chrome/28.0.1500.95 Safari/537.36"
177.102.141.40 - - [13/Aug/2013:17:30:30 +0000] "GET /favicon.ico HTTP/1.1" 404 926 "-" "Mozilla/5.0 (Windows NT 6.1; WOW64) AppleWebKit/537.36 (KHTML, like Gecko) Chrome/28.0.1500.95 Safari/537.36"
177.102.141.40 - - [13/Aug/2013:17:30:37 +0000] "GET /materiais/docs/am/aDataScience.pdf HTTP/1.1" 206 32768 "http://fbarth.net.br/materiais/docs/am/aDataScience.pdf" "Mozilla/5.0 (Windows NT 6.1; WOW64) AppleWebKit/537.36 (KHTML, like Gecko) Chrome/28.0.1500.95 Safari/537.36"
177.102.141.40 - - [13/Aug/2013:17:30:37 +0000] "GET /favicon.ico HTTP/1.1" 404 926 "-" "Mozilla/5.0 (Windows NT 6.1; WOW64) AppleWebKit/537.36 (KHTML, like Gecko) Chrome/28.0.1500.95 Safari/537.36"
177.102.141.40 - - [13/Aug/2013:17:30:37 +0000] "GET /materiais/docs/am/aDataScience.pdf HTTP/1.1" 200 336606 "http://fbarth.net.br/materiais/ia.html" "Mozilla/5.0 (Windows NT 6.1; WOW64) AppleWebKit/537.36 (KHTML, like Gecko) Chrome/28.0.1500.95 Safari/537.36"
177.102.141.40 - - [13/Aug/2013:17:30:38 +0000] "GET /materiais/docs/am/aIntroducao.pdf HTTP/1.1" 206 32768 "http://fbarth.net.br/materiais/docs/am/aIntroducao.pdf" "Mozilla/5.0 (Windows NT 6.1; WOW64) AppleWebKit/537.36 (KHTML, like Gecko) Chrome/28.0.1500.95 Safari/537.36"
177.102.141.40 - - [13/Aug/2013:17:30:38 +0000] "GET /materiais/docs/am/aIntroducao.pdf HTTP/1.1" 200 419711 "http://fbarth.net.br/materiais/ia.html" "Mozilla/5.0 (Windows NT 6.1; WOW64) AppleWebKit/537.36 (KHTML, like Gecko) Chrome/28.0.1500.95 Safari/537.36"
177.102.141.40 - - [13/Aug/2013:17:30:38 +0000] "GET /materiais/docs/am/aprocessamentoDados.pdf HTTP/1.1" 200 278579 "http://fbarth.net.br/materiais/ia.html" "Mozilla/5.0 (Windows NT 6.1; WOW64) AppleWebKit/537.36 (KHTML, like Gecko) Chrome/28.0.1500.95 Safari/537.36"
177.102.141.40 - - [13/Aug/2013:17:30:39 +0000] "GET /materiais/docs/am/aprocessamentoDados.pdf HTTP/1.1" 206 32768 "http://fbarth.net.br/materiais/docs/am/aprocessamentoDados.pdf" "Mozilla/5.0 (Windows NT 6.1; WOW64) AppleWebKit/537.36 (KHTML, like Gecko) Chrome/28.0.1500.95 Safari/537.36"
177.102.141.40 - - [13/Aug/2013:17:30:39 +0000] "GET /favicon.ico HTTP/1.1" 404 926 "-" "Mozilla/5.0 (Windows NT 6.1; WOW64) AppleWebKit/537.36 (KHTML, like Gecko) Chrome/28.0.1500.95 Safari/537.36"
177.102.141.40 - - [13/Aug/2013:17:30:39 +0000] "GET /favicon.ico HTTP/1.1" 404 926 "-" "Mozilla/5.0 (Windows NT 6.1; WOW64) AppleWebKit/537.36 (KHTML, like Gecko) Chrome/28.0.1500.95 Safari/537.36"
177.102.141.40 - - [13/Aug/2013:17:30:39 +0000] "GET /materiais/docs/am/aDataScience.pdf HTTP/1.1" 206 2074895 "http://fbarth.net.br/materiais/docs/am/aDataScience.pdf" "Mozilla/5.0 (Windows NT 6.1; WOW64) AppleWebKit/537.36 (KHTML, like Gecko) Chrome/28.0.1500.95 Safari/537.36"
177.102.141.40 - - [13/Aug/2013:17:30:39 +0000] "GET /materiais/docs/am/aprocessamentoDados.pdf HTTP/1.1" 206 245811 "http://fbarth.net.br/materiais/docs/am/aprocessamentoDados.pdf" "Mozilla/5.0 (Windows NT 6.1; WOW64) AppleWebKit/537.36 (KHTML, like Gecko) Chrome/28.0.1500.95 Safari/537.36"
177.102.141.40 - - [13/Aug/2013:17:30:40 +0000] "GET /materiais/docs/am/aIntroducao.pdf HTTP/1.1" 206 386943 "http://fbarth.net.br/materiais/docs/am/aIntroducao.pdf" "Mozilla/5.0 (Windows NT 6.1; WOW64) AppleWebKit/537.36 (KHTML, like Gecko) Chrome/28.0.1500.95 Safari/537.36"
177.102.141.40 - - [13/Aug/2013:17:30:40 +0000] "GET /favicon.ico HTTP/1.1" 404 926 "-" "Mozilla/5.0 (Windows NT 6.1; WOW64) AppleWebKit/537.36 (KHTML, like Gecko) Chrome/28.0.1500.95 Safari/537.36"
177.102.141.40 - - [13/Aug/2013:17:30:40 +0000] "GET /favicon.ico HTTP/1.1" 404 926 "-" "Mozilla/5.0 (Windows NT 6.1; WOW64) AppleWebKit/537.36 (KHTML, like Gecko) Chrome/28.0.1500.95 Safari/537.36"
177.102.141.40 - - [13/Aug/2013:17:30:40 +0000] "GET /favicon.ico HTTP/1.1" 404 926 "-" "Mozilla/5.0 (Windows NT 6.1; WOW64) AppleWebKit/537.36 (KHTML, like Gecko) Chrome/28.0.1500.95 Safari/537.36"
177.102.141.40 - - [13/Aug/2013:17:30:41 +0000] "GET /materiais/docs/am/analiseDescritiva_v3.pdf HTTP/1.1" 206 32768 "http://fbarth.net.br/materiais/docs/am/analiseDescritiva_v3.pdf" "Mozilla/5.0 (Windows NT 6.1; WOW64) AppleWebKit/537.36 (KHTML, like Gecko) Chrome/28.0.1500.95 Safari/537.36"
177.102.141.40 - - [13/Aug/2013:17:30:41 +0000] "GET /materiais/docs/am/analiseDescritiva_v3.pdf HTTP/1.1" 200 344869 "http://fbarth.net.br/materiais/ia.html" "Mozilla/5.0 (Windows NT 6.1; WOW64) AppleWebKit/537.36 (KHTML, like Gecko) Chrome/28.0.1500.95 Safari/537.36"
177.102.141.40 - - [13/Aug/2013:17:30:41 +0000] "GET /favicon.ico HTTP/1.1" 404 926 "-" "Mozilla/5.0 (Windows NT 6.1; WOW64) AppleWebKit/537.36 (KHTML, like Gecko) Chrome/28.0.1500.95 Safari/537.36"
177.102.141.40 - - [13/Aug/2013:17:30:41 +0000] "GET /materiais/docs/am/analiseDescritiva_v3.pdf HTTP/1.1" 206 312101 "http://fbarth.net.br/materiais/docs/am/analiseDescritiva_v3.pdf" "Mozilla/5.0 (Windows NT 6.1; WOW64) AppleWebKit/537.36 (KHTML, like Gecko) Chrome/28.0.1500.95 Safari/537.36"
177.102.141.40 - - [13/Aug/2013:17:30:42 +0000] "GET /favicon.ico HTTP/1.1" 404 926 "-" "Mozilla/5.0 (Windows NT 6.1; WOW64) AppleWebKit/537.36 (KHTML, like Gecko) Chrome/28.0.1500.95 Safari/537.36"
177.102.141.40 - - [13/Aug/2013:17:30:48 +0000] "GET /favicon.ico HTTP/1.1" 404 926 "-" "Mozilla/5.0 (Windows NT 6.1; WOW64) AppleWebKit/537.36 (KHTML, like Gecko) Chrome/28.0.1500.95 Safari/537.36"
177.102.141.40 - - [13/Aug/2013:17:30:48 +0000] "GET /favicon.ico HTTP/1.1" 404 926 "-" "Mozilla/5.0 (Windows NT 6.1; WOW64) AppleWebKit/537.36 (KHTML, like Gecko) Chrome/28.0.1500.95 Safari/537.36"
177.102.141.40 - - [13/Aug/2013:17:30:52 +0000] "GET /materiais/docs/am/agrupamento.pdf HTTP/1.1" 206 32768 "http://fbarth.net.br/materiais/docs/am/agrupamento.pdf" "Mozilla/5.0 (Windows NT 6.1; WOW64) AppleWebKit/537.36 (KHTML, like Gecko) Chrome/28.0.1500.95 Safari/537.36"
177.102.141.40 - - [13/Aug/2013:17:30:52 +0000] "GET /materiais/docs/am/agrupamento.pdf HTTP/1.1" 200 361504 "http://fbarth.net.br/materiais/ia.html" "Mozilla/5.0 (Windows NT 6.1; WOW64) AppleWebKit/537.36 (KHTML, like Gecko) Chrome/28.0.1500.95 Safari/537.36"
177.102.141.40 - - [13/Aug/2013:17:30:53 +0000] "GET /favicon.ico HTTP/1.1" 404 926 "-" "Mozilla/5.0 (Windows NT 6.1; WOW64) AppleWebKit/537.36 (KHTML, like Gecko) Chrome/28.0.1500.95 Safari/537.36"
177.102.141.40 - - [13/Aug/2013:17:31:03 +0000] "GET /materiais/docs/am/agrupamento.pdf HTTP/1.1" 206 328736 "http://fbarth.net.br/materiais/docs/am/agrupamento.pdf" "Mozilla/5.0 (Windows NT 6.1; WOW64) AppleWebKit/537.36 (KHTML, like Gecko) Chrome/28.0.1500.95 Safari/537.36"
177.102.141.40 - - [13/Aug/2013:17:31:04 +0000] "GET /materiais/docs/am/arvoresDecisao.pdf HTTP/1.1" 200 265460 "http://fbarth.net.br/materiais/ia.html" "Mozilla/5.0 (Windows NT 6.1; WOW64) AppleWebKit/537.36 (KHTML, like Gecko) Chrome/28.0.1500.95 Safari/537.36"
177.102.141.40 - - [13/Aug/2013:17:31:04 +0000] "GET /favicon.ico HTTP/1.1" 404 926 "-" "Mozilla/5.0 (Windows NT 6.1; WOW64) AppleWebKit/537.36 (KHTML, like Gecko) Chrome/28.0.1500.95 Safari/537.36"
177.102.141.40 - - [13/Aug/2013:17:31:04 +0000] "GET /materiais/docs/am/arvoresDecisao.pdf HTTP/1.1" 206 32768 "http://fbarth.net.br/materiais/docs/am/arvoresDecisao.pdf" "Mozilla/5.0 (Windows NT 6.1; WOW64) AppleWebKit/537.36 (KHTML, like Gecko) Chrome/28.0.1500.95 Safari/537.36"
177.102.141.40 - - [13/Aug/2013:17:31:05 +0000] "GET /favicon.ico HTTP/1.1" 404 926 "-" "Mozilla/5.0 (Windows NT 6.1; WOW64) AppleWebKit/537.36 (KHTML, like Gecko) Chrome/28.0.1500.95 Safari/537.36"
177.102.141.40 - - [13/Aug/2013:17:31:05 +0000] "GET /materiais/docs/am/arvoresDecisao.pdf HTTP/1.1" 206 257322 "http://fbarth.net.br/materiais/docs/am/arvoresDecisao.pdf" "Mozilla/5.0 (Windows NT 6.1; WOW64) AppleWebKit/537.36 (KHTML, like Gecko) Chrome/28.0.1500.95 Safari/537.36"
177.102.141.40 - - [13/Aug/2013:17:31:06 +0000] "GET /favicon.ico HTTP/1.1" 404 926 "-" "Mozilla/5.0 (Windows NT 6.1; WOW64) AppleWebKit/537.36 (KHTML, like Gecko) Chrome/28.0.1500.95 Safari/537.36"
177.102.141.40 - - [13/Aug/2013:17:36:07 +0000] "GET /favicon.ico HTTP/1.1" 404 926 "-" "Mozilla/5.0 (Windows NT 6.1; WOW64) AppleWebKit/537.36 (KHTML, like Gecko) Chrome/28.0.1500.95 Safari/537.36"
177.102.141.40 - - [13/Aug/2013:17:36:11 +0000] "GET /favicon.ico HTTP/1.1" 404 926 "-" "Mozilla/5.0 (Windows NT 6.1; WOW64) AppleWebKit/537.36 (KHTML, like Gecko) Chrome/28.0.1500.95 Safari/537.36"
177.102.141.40 - - [13/Aug/2013:17:36:13 +0000] "GET /favicon.ico HTTP/1.1" 404 926 "-" "Mozilla/5.0 (Windows NT 6.1; WOW64) AppleWebKit/537.36 (KHTML, like Gecko) Chrome/28.0.1500.95 Safari/537.36"
177.102.141.40 - - [13/Aug/2013:17:36:14 +0000] "GET /favicon.ico HTTP/1.1" 404 926 "-" "Mozilla/5.0 (Windows NT 6.1; WOW64) AppleWebKit/537.36 (KHTML, like Gecko) Chrome/28.0.1500.95 Safari/537.36"
177.102.141.40 - - [13/Aug/2013:17:36:22 +0000] "GET /publicacoes.html HTTP/1.1" 200 7717 "http://fbarth.net.br/materiais/ia.html" "Mozilla/5.0 (Windows NT 6.1; WOW64) AppleWebKit/537.36 (KHTML, like Gecko) Chrome/28.0.1500.95 Safari/537.36"
177.102.141.40 - - [13/Aug/2013:17:36:24 +0000] "GET /favicon.ico HTTP/1.1" 404 926 "-" "Mozilla/5.0 (Windows NT 6.1; WOW64) AppleWebKit/537.36 (KHTML, like Gecko) Chrome/28.0.1500.95 Safari/537.36"
177.102.141.40 - - [13/Aug/2013:17:37:56 +0000] "GET /favicon.ico HTTP/1.1" 404 926 "-" "Mozilla/5.0 (Windows NT 6.1; WOW64) AppleWebKit/537.36 (KHTML, like Gecko) Chrome/28.0.1500.95 Safari/537.36"
177.102.141.40 - - [13/Aug/2013:17:37:57 +0000] "GET /projetos.html HTTP/1.1" 200 1562 "http://fbarth.net.br/" "Mozilla/5.0 (Windows NT 6.1; WOW64) AppleWebKit/537.36 (KHTML, like Gecko) Chrome/28.0.1500.95 Safari/537.36"
177.102.141.40 - - [13/Aug/2013:17:37:58 +0000] "GET /favicon.ico HTTP/1.1" 404 926 "-" "Mozilla/5.0 (Windows NT 6.1; WOW64) AppleWebKit/537.36 (KHTML, like Gecko) Chrome/28.0.1500.95 Safari/537.36"
177.102.141.40 - - [13/Aug/2013:17:38:10 +0000] "GET /favicon.ico HTTP/1.1" 404 926 "-" "Mozilla/5.0 (Windows NT 6.1; WOW64) AppleWebKit/537.36 (KHTML, like Gecko) Chrome/28.0.1500.95 Safari/537.36"
177.102.141.40 - - [13/Aug/2013:17:38:13 +0000] "GET /materiais/palestras.html HTTP/1.1" 200 1775 "http://fbarth.net.br/materiais.html" "Mozilla/5.0 (Windows NT 6.1; WOW64) AppleWebKit/537.36 (KHTML, like Gecko) Chrome/28.0.1500.95 Safari/537.36"
177.102.141.40 - - [13/Aug/2013:17:38:13 +0000] "GET /favicon.ico HTTP/1.1" 404 926 "-" "Mozilla/5.0 (Windows NT 6.1; WOW64) AppleWebKit/537.36 (KHTML, like Gecko) Chrome/28.0.1500.95 Safari/537.36"
177.102.141.40 - - [13/Aug/2013:17:38:32 +0000] "GET /materiais/docs/aMineracaoInformacoesSeminco2012.pdf HTTP/1.1" 206 32768 "http://fbarth.net.br/materiais/docs/aMineracaoInformacoesSeminco2012.pdf" "Mozilla/5.0 (Windows NT 6.1; WOW64) AppleWebKit/537.36 (KHTML, like Gecko) Chrome/28.0.1500.95 Safari/537.36"
177.102.141.40 - - [13/Aug/2013:17:38:32 +0000] "GET /materiais/docs/aMineracaoInformacoesSeminco2012.pdf HTTP/1.1" 200 564570 "http://fbarth.net.br/materiais/palestras.html" "Mozilla/5.0 (Windows NT 6.1; WOW64) AppleWebKit/537.36 (KHTML, like Gecko) Chrome/28.0.1500.95 Safari/537.36"
177.102.141.40 - - [13/Aug/2013:17:38:32 +0000] "GET /favicon.ico HTTP/1.1" 404 926 "-" "Mozilla/5.0 (Windows NT 6.1; WOW64) AppleWebKit/537.36 (KHTML, like Gecko) Chrome/28.0.1500.95 Safari/537.36"
177.102.141.40 - - [13/Aug/2013:17:38:34 +0000] "GET /materiais/docs/aMineracaoInformacoesSeminco2012.pdf HTTP/1.1" 206 2004165 "http://fbarth.net.br/materiais/docs/aMineracaoInformacoesSeminco2012.pdf" "Mozilla/5.0 (Windows NT 6.1; WOW64) AppleWebKit/537.36 (KHTML, like Gecko) Chrome/28.0.1500.95 Safari/537.36"
177.102.141.40 - - [13/Aug/2013:17:38:35 +0000] "GET /favicon.ico HTTP/1.1" 404 926 "-" "Mozilla/5.0 (Windows NT 6.1; WOW64) AppleWebKit/537.36 (KHTML, like Gecko) Chrome/28.0.1500.95 Safari/537.36"
177.102.141.40 - - [13/Aug/2013:17:39:33 +0000] "GET /favicon.ico HTTP/1.1" 404 926 "-" "Mozilla/5.0 (Windows NT 6.1; WOW64) AppleWebKit/537.36 (KHTML, like Gecko) Chrome/28.0.1500.95 Safari/537.36"
177.102.141.40 - - [13/Aug/2013:17:39:35 +0000] "GET /favicon.ico HTTP/1.1" 404 926 "-" "Mozilla/5.0 (Windows NT 6.1; WOW64) AppleWebKit/537.36 (KHTML, like Gecko) Chrome/28.0.1500.95 Safari/537.36"
177.102.141.40 - - [13/Aug/2013:17:39:36 +0000] "GET /favicon.ico HTTP/1.1" 404 926 "-" "Mozilla/5.0 (Windows NT 6.1; WOW64) AppleWebKit/537.36 (KHTML, like Gecko) Chrome/28.0.1500.95 Safari/537.36"
177.102.141.40 - - [13/Aug/2013:17:39:49 +0000] "GET /materiais/docs/aMineracaoInformacoes.pdf HTTP/1.1" 206 32768 "http://fbarth.net.br/materiais/docs/aMineracaoInformacoes.pdf" "Mozilla/5.0 (Windows NT 6.1; WOW64) AppleWebKit/537.36 (KHTML, like Gecko) Chrome/28.0.1500.95 Safari/537.36"
177.102.141.40 - - [13/Aug/2013:17:39:49 +0000] "GET /materiais/docs/aMineracaoInformacoes.pdf HTTP/1.1" 200 436794 "http://fbarth.net.br/materiais/palestras.html" "Mozilla/5.0 (Windows NT 6.1; WOW64) AppleWebKit/537.36 (KHTML, like Gecko) Chrome/28.0.1500.95 Safari/537.36"
177.102.141.40 - - [13/Aug/2013:17:39:50 +0000] "GET /favicon.ico HTTP/1.1" 404 926 "-" "Mozilla/5.0 (Windows NT 6.1; WOW64) AppleWebKit/537.36 (KHTML, like Gecko) Chrome/28.0.1500.95 Safari/537.36"
177.102.141.40 - - [13/Aug/2013:17:39:51 +0000] "GET /materiais/docs/aMineracaoInformacoes.pdf HTTP/1.1" 206 1748546 "http://fbarth.net.br/materiais/docs/aMineracaoInformacoes.pdf" "Mozilla/5.0 (Windows NT 6.1; WOW64) AppleWebKit/537.36 (KHTML, like Gecko) Chrome/28.0.1500.95 Safari/537.36"
177.102.141.40 - - [13/Aug/2013:17:39:52 +0000] "GET /favicon.ico HTTP/1.1" 404 926 "-" "Mozilla/5.0 (Windows NT 6.1; WOW64) AppleWebKit/537.36 (KHTML, like Gecko) Chrome/28.0.1500.95 Safari/537.36"
177.102.141.40 - - [13/Aug/2013:17:40:06 +0000] "GET /favicon.ico HTTP/1.1" 404 926 "-" "Mozilla/5.0 (Windows NT 6.1; WOW64) AppleWebKit/537.36 (KHTML, like Gecko) Chrome/28.0.1500.95 Safari/537.36"
177.102.141.40 - - [13/Aug/2013:17:40:18 +0000] "GET /materiais/docs/soujava2008.pdf HTTP/1.1" 206 32768 "http://fbarth.net.br/materiais/docs/soujava2008.pdf" "Mozilla/5.0 (Windows NT 6.1; WOW64) AppleWebKit/537.36 (KHTML, like Gecko) Chrome/28.0.1500.95 Safari/537.36"
177.102.141.40 - - [13/Aug/2013:17:40:18 +0000] "GET /materiais/docs/soujava2008.pdf HTTP/1.1" 200 436794 "http://fbarth.net.br/materiais/palestras.html" "Mozilla/5.0 (Windows NT 6.1; WOW64) AppleWebKit/537.36 (KHTML, like Gecko) Chrome/28.0.1500.95 Safari/537.36"
177.102.141.40 - - [13/Aug/2013:17:40:18 +0000] "GET /favicon.ico HTTP/1.1" 404 926 "-" "Mozilla/5.0 (Windows NT 6.1; WOW64) AppleWebKit/537.36 (KHTML, like Gecko) Chrome/28.0.1500.95 Safari/537.36"
177.102.141.40 - - [13/Aug/2013:17:40:22 +0000] "GET /materiais/docs/soujava2008.pdf HTTP/1.1" 206 2243114 "http://fbarth.net.br/materiais/docs/soujava2008.pdf" "Mozilla/5.0 (Windows NT 6.1; WOW64) AppleWebKit/537.36 (KHTML, like Gecko) Chrome/28.0.1500.95 Safari/537.36"
177.102.141.40 - - [13/Aug/2013:17:40:22 +0000] "GET /favicon.ico HTTP/1.1" 404 926 "-" "Mozilla/5.0 (Windows NT 6.1; WOW64) AppleWebKit/537.36 (KHTML, like Gecko) Chrome/28.0.1500.95 Safari/537.36"
177.102.141.40 - - [13/Aug/2013:17:41:01 +0000] "GET /materiais/docs/aDataTextMining.pdf HTTP/1.1" 206 32768 "http://fbarth.net.br/materiais/docs/aDataTextMining.pdf" "Mozilla/5.0 (Windows NT 6.1; WOW64) AppleWebKit/537.36 (KHTML, like Gecko) Chrome/28.0.1500.95 Safari/537.36"
