189.21.130.40 - - [17/Jun/2013:12:46:27 +0000] "GET /favicon.ico HTTP/1.1" 404 1920 "-" "Mozilla/5.0 (Windows NT 6.1; WOW64) AppleWebKit/537.36 (KHTML, like Gecko) Chrome/27.0.1453.110 Safari/537.36"
150.70.172.107 - - [17/Jun/2013:12:50:06 +0000] "GET /materiais/docs/aula01.pdf HTTP/1.0" 200 65718 "-" "Mozilla/4.0 (compatible; MSIE 6.0; Windows NT 5.1)"
143.107.216.227 - - [17/Jun/2013:12:55:01 +0000] "GET /materiais/webMiningR.html HTTP/1.1" 200 1810 "-" "Mozilla/5.0 (X11; Linux x86_64) AppleWebKit/537.36 (KHTML, like Gecko) Chrome/27.0.1453.110 Safari/537.36"
143.107.216.227 - - [17/Jun/2013:12:55:01 +0000] "GET /default.css HTTP/1.1" 200 1415 "http://fbarth.net.br/materiais/webMiningR.html" "Mozilla/5.0 (X11; Linux x86_64) AppleWebKit/537.36 (KHTML, like Gecko) Chrome/27.0.1453.110 Safari/537.36"
143.107.216.227 - - [17/Jun/2013:12:55:01 +0000] "GET /img/container.jpg HTTP/1.1" 200 2343 "http://fbarth.net.br/materiais/webMiningR.html" "Mozilla/5.0 (X11; Linux x86_64) AppleWebKit/537.36 (KHTML, like Gecko) Chrome/27.0.1453.110 Safari/537.36"
143.107.216.227 - - [17/Jun/2013:12:55:01 +0000] "GET /img/body.jpg HTTP/1.1" 200 13570 "http://fbarth.net.br/materiais/webMiningR.html" "Mozilla/5.0 (X11; Linux x86_64) AppleWebKit/537.36 (KHTML, like Gecko) Chrome/27.0.1453.110 Safari/537.36"
143.107.216.227 - - [17/Jun/2013:12:55:01 +0000] "GET /img/header.jpg HTTP/1.1" 200 11112 "http://fbarth.net.br/materiais/webMiningR.html" "Mozilla/5.0 (X11; Linux x86_64) AppleWebKit/537.36 (KHTML, like Gecko) Chrome/27.0.1453.110 Safari/537.36"
143.107.216.227 - - [17/Jun/2013:12:55:01 +0000] "GET /img/main.gif HTTP/1.1" 200 148 "http://fbarth.net.br/materiais/webMiningR.html" "Mozilla/5.0 (X11; Linux x86_64) AppleWebKit/537.36 (KHTML, like Gecko) Chrome/27.0.1453.110 Safari/537.36"
143.107.216.227 - - [17/Jun/2013:12:55:01 +0000] "GET /img/li.gif HTTP/1.1" 200 199 "http://fbarth.net.br/materiais/webMiningR.html" "Mozilla/5.0 (X11; Linux x86_64) AppleWebKit/537.36 (KHTML, like Gecko) Chrome/27.0.1453.110 Safari/537.36"
143.107.216.227 - - [17/Jun/2013:12:55:02 +0000] "GET /favicon.ico HTTP/1.1" 404 926 "-" "Mozilla/5.0 (X11; Linux x86_64) AppleWebKit/537.36 (KHTML, like Gecko) Chrome/27.0.1453.110 Safari/537.36"
187.122.102.161 - - [17/Jun/2013:12:58:15 +0000] "GET /materiais/webMiningR.html HTTP/1.1" 200 1810 "-" "Mozilla/5.0 (Windows NT 6.1; WOW64) AppleWebKit/537.36 (KHTML, like Gecko) Chrome/27.0.1453.110 Safari/537.36"
187.122.102.161 - - [17/Jun/2013:12:58:15 +0000] "GET /default.css HTTP/1.1" 200 1415 "http://fbarth.net.br/materiais/webMiningR.html" "Mozilla/5.0 (Windows NT 6.1; WOW64) AppleWebKit/537.36 (KHTML, like Gecko) Chrome/27.0.1453.110 Safari/537.36"
187.122.102.161 - - [17/Jun/2013:12:58:15 +0000] "GET /img/body.jpg HTTP/1.1" 200 13570 "http://fbarth.net.br/materiais/webMiningR.html" "Mozilla/5.0 (Windows NT 6.1; WOW64) AppleWebKit/537.36 (KHTML, like Gecko) Chrome/27.0.1453.110 Safari/537.36"
187.122.102.161 - - [17/Jun/2013:12:58:16 +0000] "GET /img/container.jpg HTTP/1.1" 200 2343 "http://fbarth.net.br/materiais/webMiningR.html" "Mozilla/5.0 (Windows NT 6.1; WOW64) AppleWebKit/537.36 (KHTML, like Gecko) Chrome/27.0.1453.110 Safari/537.36"
187.122.102.161 - - [17/Jun/2013:12:58:16 +0000] "GET /img/header.jpg HTTP/1.1" 200 11112 "http://fbarth.net.br/materiais/webMiningR.html" "Mozilla/5.0 (Windows NT 6.1; WOW64) AppleWebKit/537.36 (KHTML, like Gecko) Chrome/27.0.1453.110 Safari/537.36"
187.122.102.161 - - [17/Jun/2013:12:58:16 +0000] "GET /img/li.gif HTTP/1.1" 200 199 "http://fbarth.net.br/materiais/webMiningR.html" "Mozilla/5.0 (Windows NT 6.1; WOW64) AppleWebKit/537.36 (KHTML, like Gecko) Chrome/27.0.1453.110 Safari/537.36"
187.122.102.161 - - [17/Jun/2013:12:58:16 +0000] "GET /img/main.gif HTTP/1.1" 200 148 "http://fbarth.net.br/materiais/webMiningR.html" "Mozilla/5.0 (Windows NT 6.1; WOW64) AppleWebKit/537.36 (KHTML, like Gecko) Chrome/27.0.1453.110 Safari/537.36"
187.122.102.161 - - [17/Jun/2013:12:58:16 +0000] "GET /favicon.ico HTTP/1.1" 404 926 "-" "Mozilla/5.0 (Windows NT 6.1; WOW64) AppleWebKit/537.36 (KHTML, like Gecko) Chrome/27.0.1453.110 Safari/537.36"
179.208.164.19 - - [17/Jun/2013:12:59:13 +0000] "GET /materiais/webMiningR.html HTTP/1.1" 200 1810 "-" "Mozilla/5.0 (compatible; MSIE 9.0; Windows NT 6.1; Trident/5.0)"
179.208.164.19 - - [17/Jun/2013:12:59:13 +0000] "GET /default.css HTTP/1.1" 304 0 "http://fbarth.net.br/materiais/webMiningR.html" "Mozilla/5.0 (compatible; MSIE 9.0; Windows NT 6.1; Trident/5.0)"
179.208.164.19 - - [17/Jun/2013:12:59:14 +0000] "GET /img/container.jpg HTTP/1.1" 200 2343 "http://fbarth.net.br/materiais/webMiningR.html" "Mozilla/5.0 (compatible; MSIE 9.0; Windows NT 6.1; Trident/5.0)"
179.208.164.19 - - [17/Jun/2013:12:59:14 +0000] "GET /img/body.jpg HTTP/1.1" 200 13570 "http://fbarth.net.br/materiais/webMiningR.html" "Mozilla/5.0 (compatible; MSIE 9.0; Windows NT 6.1; Trident/5.0)"
179.208.164.19 - - [17/Jun/2013:12:59:14 +0000] "GET /img/header.jpg HTTP/1.1" 200 11112 "http://fbarth.net.br/materiais/webMiningR.html" "Mozilla/5.0 (compatible; MSIE 9.0; Windows NT 6.1; Trident/5.0)"
179.208.164.19 - - [17/Jun/2013:12:59:14 +0000] "GET /img/li.gif HTTP/1.1" 200 199 "http://fbarth.net.br/materiais/webMiningR.html" "Mozilla/5.0 (compatible; MSIE 9.0; Windows NT 6.1; Trident/5.0)"
179.208.164.19 - - [17/Jun/2013:12:59:14 +0000] "GET /img/main.gif HTTP/1.1" 200 148 "http://fbarth.net.br/materiais/webMiningR.html" "Mozilla/5.0 (compatible; MSIE 9.0; Windows NT 6.1; Trident/5.0)"
179.208.164.19 - - [17/Jun/2013:13:00:20 +0000] "GET /materiais/docs/aula03.pdf HTTP/1.1" 200 279711 "http://fbarth.net.br/materiais/webMiningR.html" "Mozilla/5.0 (compatible; MSIE 9.0; Windows NT 6.1; Trident/5.0)"
200.158.223.213 - - [17/Jun/2013:13:09:35 +0000] "GET /materiais/webMiningR.html HTTP/1.1" 200 1810 "-" "Mozilla/5.0 (Windows NT 6.1) AppleWebKit/537.36 (KHTML, like Gecko) Chrome/27.0.1453.110 Safari/537.36"
200.158.223.213 - - [17/Jun/2013:13:09:36 +0000] "GET /default.css HTTP/1.1" 200 1415 "http://fbarth.net.br/materiais/webMiningR.html" "Mozilla/5.0 (Windows NT 6.1) AppleWebKit/537.36 (KHTML, like Gecko) Chrome/27.0.1453.110 Safari/537.36"
200.158.223.213 - - [17/Jun/2013:13:09:36 +0000] "GET /img/body.jpg HTTP/1.1" 200 13570 "http://fbarth.net.br/materiais/webMiningR.html" "Mozilla/5.0 (Windows NT 6.1) AppleWebKit/537.36 (KHTML, like Gecko) Chrome/27.0.1453.110 Safari/537.36"
200.158.223.213 - - [17/Jun/2013:13:09:36 +0000] "GET /img/container.jpg HTTP/1.1" 200 2343 "http://fbarth.net.br/materiais/webMiningR.html" "Mozilla/5.0 (Windows NT 6.1) AppleWebKit/537.36 (KHTML, like Gecko) Chrome/27.0.1453.110 Safari/537.36"
200.158.223.213 - - [17/Jun/2013:13:09:36 +0000] "GET /img/header.jpg HTTP/1.1" 200 11112 "http://fbarth.net.br/materiais/webMiningR.html" "Mozilla/5.0 (Windows NT 6.1) AppleWebKit/537.36 (KHTML, like Gecko) Chrome/27.0.1453.110 Safari/537.36"
200.158.223.213 - - [17/Jun/2013:13:09:36 +0000] "GET /img/main.gif HTTP/1.1" 200 148 "http://fbarth.net.br/materiais/webMiningR.html" "Mozilla/5.0 (Windows NT 6.1) AppleWebKit/537.36 (KHTML, like Gecko) Chrome/27.0.1453.110 Safari/537.36"
200.158.223.213 - - [17/Jun/2013:13:09:36 +0000] "GET /img/li.gif HTTP/1.1" 200 199 "http://fbarth.net.br/materiais/webMiningR.html" "Mozilla/5.0 (Windows NT 6.1) AppleWebKit/537.36 (KHTML, like Gecko) Chrome/27.0.1453.110 Safari/537.36"
200.158.223.213 - - [17/Jun/2013:13:09:37 +0000] "GET /favicon.ico HTTP/1.1" 404 926 "-" "Mozilla/5.0 (Windows NT 6.1) AppleWebKit/537.36 (KHTML, like Gecko) Chrome/27.0.1453.110 Safari/537.36"
200.225.197.223 - - [17/Jun/2013:13:11:25 +0000] "GET /materiais/docs/aMineracaoInformacoesSeminco2012.pdf HTTP/1.1" 200 66350 "http://scholar.google.com.br/scholar?lr=lang_pt&q=big+data&hl=pt-BR&as_sdt=0,5" "Mozilla/5.0 (X11; Linux x86_64) AppleWebKit/537.36 (KHTML, like Gecko) Chrome/27.0.1453.110 Safari/537.36"
200.225.197.223 - - [17/Jun/2013:13:11:26 +0000] "GET /materiais/docs/aMineracaoInformacoesSeminco2012.pdf HTTP/1.1" 206 32768 "http://fbarth.net.br/materiais/docs/aMineracaoInformacoesSeminco2012.pdf" "Mozilla/5.0 (X11; Linux x86_64) AppleWebKit/537.36 (KHTML, like Gecko) Chrome/27.0.1453.110 Safari/537.36"
200.225.197.223 - - [17/Jun/2013:13:11:26 +0000] "GET /favicon.ico HTTP/1.1" 404 926 "-" "Mozilla/5.0 (X11; Linux x86_64) AppleWebKit/537.36 (KHTML, like Gecko) Chrome/27.0.1453.110 Safari/537.36"
200.225.197.223 - - [17/Jun/2013:13:12:00 +0000] "GET /materiais/docs/aMineracaoInformacoesSeminco2012.pdf HTTP/1.1" 206 2004165 "http://fbarth.net.br/materiais/docs/aMineracaoInformacoesSeminco2012.pdf" "Mozilla/5.0 (X11; Linux x86_64) AppleWebKit/537.36 (KHTML, like Gecko) Chrome/27.0.1453.110 Safari/537.36"
200.225.197.223 - - [17/Jun/2013:13:12:02 +0000] "GET /favicon.ico HTTP/1.1" 404 926 "-" "Mozilla/5.0 (X11; Linux x86_64) AppleWebKit/537.36 (KHTML, like Gecko) Chrome/27.0.1453.110 Safari/537.36"
200.158.223.213 - - [17/Jun/2013:13:14:47 +0000] "GET /materiais/webMiningR.html HTTP/1.1" 200 1810 "-" "Mozilla/5.0 (Windows NT 6.1) AppleWebKit/537.36 (KHTML, like Gecko) Chrome/27.0.1453.110 Safari/537.36"
200.158.223.213 - - [17/Jun/2013:13:14:47 +0000] "GET /default.css HTTP/1.1" 200 1415 "http://fbarth.net.br/materiais/webMiningR.html" "Mozilla/5.0 (Windows NT 6.1) AppleWebKit/537.36 (KHTML, like Gecko) Chrome/27.0.1453.110 Safari/537.36"
200.158.223.213 - - [17/Jun/2013:13:14:47 +0000] "GET /img/body.jpg HTTP/1.1" 200 13570 "http://fbarth.net.br/materiais/webMiningR.html" "Mozilla/5.0 (Windows NT 6.1) AppleWebKit/537.36 (KHTML, like Gecko) Chrome/27.0.1453.110 Safari/537.36"
200.158.223.213 - - [17/Jun/2013:13:14:47 +0000] "GET /img/container.jpg HTTP/1.1" 200 2343 "http://fbarth.net.br/materiais/webMiningR.html" "Mozilla/5.0 (Windows NT 6.1) AppleWebKit/537.36 (KHTML, like Gecko) Chrome/27.0.1453.110 Safari/537.36"
200.158.223.213 - - [17/Jun/2013:13:14:47 +0000] "GET /img/header.jpg HTTP/1.1" 200 11112 "http://fbarth.net.br/materiais/webMiningR.html" "Mozilla/5.0 (Windows NT 6.1) AppleWebKit/537.36 (KHTML, like Gecko) Chrome/27.0.1453.110 Safari/537.36"
200.158.223.213 - - [17/Jun/2013:13:14:47 +0000] "GET /img/main.gif HTTP/1.1" 200 148 "http://fbarth.net.br/materiais/webMiningR.html" "Mozilla/5.0 (Windows NT 6.1) AppleWebKit/537.36 (KHTML, like Gecko) Chrome/27.0.1453.110 Safari/537.36"
200.158.223.213 - - [17/Jun/2013:13:14:48 +0000] "GET /img/li.gif HTTP/1.1" 200 199 "http://fbarth.net.br/materiais/webMiningR.html" "Mozilla/5.0 (Windows NT 6.1) AppleWebKit/537.36 (KHTML, like Gecko) Chrome/27.0.1453.110 Safari/537.36"
200.158.223.213 - - [17/Jun/2013:13:14:48 +0000] "GET /favicon.ico HTTP/1.1" 404 926 "-" "Mozilla/5.0 (Windows NT 6.1) AppleWebKit/537.36 (KHTML, like Gecko) Chrome/27.0.1453.110 Safari/537.36"
189.71.99.177 - - [17/Jun/2013:13:17:13 +0000] "GET /materiais/webMiningR.html HTTP/1.1" 200 1810 "http://bmail.uol.com.br/main/message?uid=Mjg3Mjg&folder=INBOX&externalAcc=&link_security=1&msg_flagged=false&show_msg_header=1" "Mozilla/5.0 (Windows NT 6.1; rv:21.0) Gecko/20100101 Firefox/21.0"
189.71.99.177 - - [17/Jun/2013:13:17:14 +0000] "GET /default.css HTTP/1.1" 200 1415 "http://fbarth.net.br/materiais/webMiningR.html" "Mozilla/5.0 (Windows NT 6.1; rv:21.0) Gecko/20100101 Firefox/21.0"
189.71.99.177 - - [17/Jun/2013:13:17:14 +0000] "GET /img/body.jpg HTTP/1.1" 200 13570 "http://fbarth.net.br/default.css" "Mozilla/5.0 (Windows NT 6.1; rv:21.0) Gecko/20100101 Firefox/21.0"
189.71.99.177 - - [17/Jun/2013:13:17:14 +0000] "GET /img/container.jpg HTTP/1.1" 200 2343 "http://fbarth.net.br/default.css" "Mozilla/5.0 (Windows NT 6.1; rv:21.0) Gecko/20100101 Firefox/21.0"
189.71.99.177 - - [17/Jun/2013:13:17:14 +0000] "GET /img/header.jpg HTTP/1.1" 200 11112 "http://fbarth.net.br/default.css" "Mozilla/5.0 (Windows NT 6.1; rv:21.0) Gecko/20100101 Firefox/21.0"
189.71.99.177 - - [17/Jun/2013:13:17:14 +0000] "GET /img/main.gif HTTP/1.1" 200 148 "http://fbarth.net.br/default.css" "Mozilla/5.0 (Windows NT 6.1; rv:21.0) Gecko/20100101 Firefox/21.0"
189.71.99.177 - - [17/Jun/2013:13:17:14 +0000] "GET /img/li.gif HTTP/1.1" 200 199 "http://fbarth.net.br/default.css" "Mozilla/5.0 (Windows NT 6.1; rv:21.0) Gecko/20100101 Firefox/21.0"
189.71.99.177 - - [17/Jun/2013:13:17:15 +0000] "GET /favicon.ico HTTP/1.1" 404 926 "-" "Mozilla/5.0 (Windows NT 6.1; rv:21.0) Gecko/20100101 Firefox/21.0"
189.71.99.177 - - [17/Jun/2013:13:17:40 +0000] "GET /materiais/docs/aula01.pdf HTTP/1.1" 200 65718 "http://fbarth.net.br/materiais/webMiningR.html" "Mozilla/5.0 (Windows NT 6.1; rv:21.0) Gecko/20100101 Firefox/21.0"
189.25.201.117 - - [17/Jun/2013:13:17:52 +0000] "GET /materiais/webMiningR.html HTTP/1.1" 200 1810 "-" "Mozilla/5.0 (Windows NT 6.1; WOW64) AppleWebKit/537.36 (KHTML, like Gecko) Chrome/27.0.1453.110 Safari/537.36"
189.25.201.117 - - [17/Jun/2013:13:17:52 +0000] "GET /default.css HTTP/1.1" 200 1415 "http://fbarth.net.br/materiais/webMiningR.html" "Mozilla/5.0 (Windows NT 6.1; WOW64) AppleWebKit/537.36 (KHTML, like Gecko) Chrome/27.0.1453.110 Safari/537.36"
189.25.201.117 - - [17/Jun/2013:13:17:52 +0000] "GET /img/container.jpg HTTP/1.1" 200 2343 "http://fbarth.net.br/materiais/webMiningR.html" "Mozilla/5.0 (Windows NT 6.1; WOW64) AppleWebKit/537.36 (KHTML, like Gecko) Chrome/27.0.1453.110 Safari/537.36"
189.25.201.117 - - [17/Jun/2013:13:17:52 +0000] "GET /img/body.jpg HTTP/1.1" 200 13570 "http://fbarth.net.br/materiais/webMiningR.html" "Mozilla/5.0 (Windows NT 6.1; WOW64) AppleWebKit/537.36 (KHTML, like Gecko) Chrome/27.0.1453.110 Safari/537.36"
189.25.201.117 - - [17/Jun/2013:13:17:52 +0000] "GET /img/header.jpg HTTP/1.1" 200 11112 "http://fbarth.net.br/materiais/webMiningR.html" "Mozilla/5.0 (Windows NT 6.1; WOW64) AppleWebKit/537.36 (KHTML, like Gecko) Chrome/27.0.1453.110 Safari/537.36"
189.25.201.117 - - [17/Jun/2013:13:17:52 +0000] "GET /img/li.gif HTTP/1.1" 200 199 "http://fbarth.net.br/materiais/webMiningR.html" "Mozilla/5.0 (Windows NT 6.1; WOW64) AppleWebKit/537.36 (KHTML, like Gecko) Chrome/27.0.1453.110 Safari/537.36"
189.25.201.117 - - [17/Jun/2013:13:17:52 +0000] "GET /img/main.gif HTTP/1.1" 200 148 "http://fbarth.net.br/materiais/webMiningR.html" "Mozilla/5.0 (Windows NT 6.1; WOW64) AppleWebKit/537.36 (KHTML, like Gecko) Chrome/27.0.1453.110 Safari/537.36"
189.25.201.117 - - [17/Jun/2013:13:17:53 +0000] "GET /favicon.ico HTTP/1.1" 404 926 "-" "Mozilla/5.0 (Windows NT 6.1; WOW64) AppleWebKit/537.36 (KHTML, like Gecko) Chrome/27.0.1453.110 Safari/537.36"
189.71.99.177 - - [17/Jun/2013:13:17:55 +0000] "GET /materiais/docs/aula03.pdf HTTP/1.1" 200 279711 "http://fbarth.net.br/materiais/webMiningR.html" "Mozilla/5.0 (Windows NT 6.1; rv:21.0) Gecko/20100101 Firefox/21.0"
189.25.201.117 - - [17/Jun/2013:13:18:14 +0000] "GET /index.html HTTP/1.1" 200 1811 "http://fbarth.net.br/materiais/webMiningR.html" "Mozilla/5.0 (Windows NT 6.1; WOW64) AppleWebKit/537.36 (KHTML, like Gecko) Chrome/27.0.1453.110 Safari/537.36"
189.25.201.117 - - [17/Jun/2013:13:18:15 +0000] "GET /img/foto.jpg HTTP/1.1" 200 14854 "http://fbarth.net.br/index.html" "Mozilla/5.0 (Windows NT 6.1; WOW64) AppleWebKit/537.36 (KHTML, like Gecko) Chrome/27.0.1453.110 Safari/537.36"
189.25.201.117 - - [17/Jun/2013:13:18:15 +0000] "GET /favicon.ico HTTP/1.1" 404 926 "-" "Mozilla/5.0 (Windows NT 6.1; WOW64) AppleWebKit/537.36 (KHTML, like Gecko) Chrome/27.0.1453.110 Safari/537.36"
189.71.99.177 - - [17/Jun/2013:13:18:48 +0000] "GET /materiais/docs/aula05.pdf HTTP/1.1" 200 435227 "http://fbarth.net.br/materiais/webMiningR.html" "Mozilla/5.0 (Windows NT 6.1; rv:21.0) Gecko/20100101 Firefox/21.0"
189.25.201.117 - - [17/Jun/2013:13:18:57 +0000] "GET /publicacoes.html HTTP/1.1" 200 7717 "http://fbarth.net.br/index.html" "Mozilla/5.0 (Windows NT 6.1; WOW64) AppleWebKit/537.36 (KHTML, like Gecko) Chrome/27.0.1453.110 Safari/537.36"
189.25.201.117 - - [17/Jun/2013:13:18:58 +0000] "GET /favicon.ico HTTP/1.1" 404 926 "-" "Mozilla/5.0 (Windows NT 6.1; WOW64) AppleWebKit/537.36 (KHTML, like Gecko) Chrome/27.0.1453.110 Safari/537.36"
189.25.201.117 - - [17/Jun/2013:13:19:06 +0000] "GET /materiais.html HTTP/1.1" 200 1249 "http://fbarth.net.br/publicacoes.html" "Mozilla/5.0 (Windows NT 6.1; WOW64) AppleWebKit/537.36 (KHTML, like Gecko) Chrome/27.0.1453.110 Safari/537.36"
189.25.201.117 - - [17/Jun/2013:13:19:06 +0000] "GET /favicon.ico HTTP/1.1" 404 926 "-" "Mozilla/5.0 (Windows NT 6.1; WOW64) AppleWebKit/537.36 (KHTML, like Gecko) Chrome/27.0.1453.110 Safari/537.36"
8.28.16.254 - - [17/Jun/2013:13:19:08 +0000] "GET /materiais/webMining/webUsageMining.pdf HTTP/1.1" 304 0 "-" "Mozilla/4.0 (compatible;)"
189.25.201.117 - - [17/Jun/2013:13:19:10 +0000] "GET /materiais/disciplinas.html HTTP/1.1" 200 1116 "http://fbarth.net.br/materiais.html" "Mozilla/5.0 (Windows NT 6.1; WOW64) AppleWebKit/537.36 (KHTML, like Gecko) Chrome/27.0.1453.110 Safari/537.36"
189.25.201.117 - - [17/Jun/2013:13:19:10 +0000] "GET /favicon.ico HTTP/1.1" 404 926 "-" "Mozilla/5.0 (Windows NT 6.1; WOW64) AppleWebKit/537.36 (KHTML, like Gecko) Chrome/27.0.1453.110 Safari/537.36"
189.25.201.117 - - [17/Jun/2013:13:19:13 +0000] "GET /favicon.ico HTTP/1.1" 404 926 "-" "Mozilla/5.0 (Windows NT 6.1; WOW64) AppleWebKit/537.36 (KHTML, like Gecko) Chrome/27.0.1453.110 Safari/537.36"
189.25.201.117 - - [17/Jun/2013:13:19:14 +0000] "GET /materiais/palestras.html HTTP/1.1" 200 1775 "http://fbarth.net.br/materiais.html" "Mozilla/5.0 (Windows NT 6.1; WOW64) AppleWebKit/537.36 (KHTML, like Gecko) Chrome/27.0.1453.110 Safari/537.36"
189.25.201.117 - - [17/Jun/2013:13:19:14 +0000] "GET /favicon.ico HTTP/1.1" 404 926 "-" "Mozilla/5.0 (Windows NT 6.1; WOW64) AppleWebKit/537.36 (KHTML, like Gecko) Chrome/27.0.1453.110 Safari/537.36"
189.25.201.117 - - [17/Jun/2013:13:19:18 +0000] "GET /favicon.ico HTTP/1.1" 404 926 "-" "Mozilla/5.0 (Windows NT 6.1; WOW64) AppleWebKit/537.36 (KHTML, like Gecko) Chrome/27.0.1453.110 Safari/537.36"
189.25.201.117 - - [17/Jun/2013:13:19:48 +0000] "GET /favicon.ico HTTP/1.1" 404 926 "-" "Mozilla/5.0 (Windows NT 6.1; WOW64) AppleWebKit/537.36 (KHTML, like Gecko) Chrome/27.0.1453.110 Safari/537.36"
189.25.201.117 - - [17/Jun/2013:13:19:50 +0000] "GET /contatos.html HTTP/1.1" 200 1472 "http://fbarth.net.br/materiais/webMiningR.html" "Mozilla/5.0 (Windows NT 6.1; WOW64) AppleWebKit/537.36 (KHTML, like Gecko) Chrome/27.0.1453.110 Safari/537.36"
189.25.201.117 - - [17/Jun/2013:13:19:50 +0000] "GET /favicon.ico HTTP/1.1" 404 926 "-" "Mozilla/5.0 (Windows NT 6.1; WOW64) AppleWebKit/537.36 (KHTML, like Gecko) Chrome/27.0.1453.110 Safari/537.36"
189.71.99.177 - - [17/Jun/2013:13:20:23 +0000] "GET /materiais/docs/aula06.pdf HTTP/1.1" 200 307842 "http://fbarth.net.br/materiais/webMiningR.html" "Mozilla/5.0 (Windows NT 6.1; rv:21.0) Gecko/20100101 Firefox/21.0"
189.25.201.117 - - [17/Jun/2013:13:20:47 +0000] "GET /projetos.html HTTP/1.1" 200 1562 "http://fbarth.net.br/contatos.html" "Mozilla/5.0 (Windows NT 6.1; WOW64) AppleWebKit/537.36 (KHTML, like Gecko) Chrome/27.0.1453.110 Safari/537.36"
189.25.201.117 - - [17/Jun/2013:13:20:47 +0000] "GET /favicon.ico HTTP/1.1" 404 926 "-" "Mozilla/5.0 (Windows NT 6.1; WOW64) AppleWebKit/537.36 (KHTML, like Gecko) Chrome/27.0.1453.110 Safari/537.36"
189.25.201.117 - - [17/Jun/2013:13:21:11 +0000] "GET /favicon.ico HTTP/1.1" 404 926 "-" "Mozilla/5.0 (Windows NT 6.1; WOW64) AppleWebKit/537.36 (KHTML, like Gecko) Chrome/27.0.1453.110 Safari/537.36"
200.164.99.252 - - [17/Jun/2013:13:22:40 +0000] "GET /materiais/webMiningR.html HTTP/1.0" 200 4063 "-" "Mozilla/5.0 (Windows NT 6.1; rv:21.0) Gecko/20100101 Firefox/21.0"
200.164.99.252 - - [17/Jun/2013:13:22:41 +0000] "GET /default.css HTTP/1.0" 200 3614 "http://fbarth.net.br/materiais/webMiningR.html" "Mozilla/5.0 (Windows NT 6.1; rv:21.0) Gecko/20100101 Firefox/21.0"
200.164.99.252 - - [17/Jun/2013:13:22:45 +0000] "GET /img/body.jpg HTTP/1.0" 200 13570 "http://fbarth.net.br/default.css" "Mozilla/5.0 (Windows NT 6.1; rv:21.0) Gecko/20100101 Firefox/21.0"
200.164.99.252 - - [17/Jun/2013:13:22:45 +0000] "GET /img/main.gif HTTP/1.0" 200 148 "http://fbarth.net.br/default.css" "Mozilla/5.0 (Windows NT 6.1; rv:21.0) Gecko/20100101 Firefox/21.0"
200.164.99.252 - - [17/Jun/2013:13:22:45 +0000] "GET /img/header.jpg HTTP/1.0" 200 11112 "http://fbarth.net.br/default.css" "Mozilla/5.0 (Windows NT 6.1; rv:21.0) Gecko/20100101 Firefox/21.0"
200.164.99.252 - - [17/Jun/2013:13:22:46 +0000] "GET /img/li.gif HTTP/1.0" 200 199 "http://fbarth.net.br/default.css" "Mozilla/5.0 (Windows NT 6.1; rv:21.0) Gecko/20100101 Firefox/21.0"
200.164.99.252 - - [17/Jun/2013:13:22:48 +0000] "GET /img/container.jpg HTTP/1.0" 200 2343 "http://fbarth.net.br/default.css" "Mozilla/5.0 (Windows NT 6.1; rv:21.0) Gecko/20100101 Firefox/21.0"
200.164.99.252 - - [17/Jun/2013:13:22:51 +0000] "GET /favicon.ico HTTP/1.0" 404 1920 "-" "Mozilla/5.0 (Windows NT 6.1; rv:21.0) Gecko/20100101 Firefox/21.0"
189.71.99.177 - - [17/Jun/2013:13:24:13 +0000] "GET /materiais/docs/aula07.pdf HTTP/1.1" 200 160824 "http://fbarth.net.br/materiais/webMiningR.html" "Mozilla/5.0 (Windows NT 6.1; rv:21.0) Gecko/20100101 Firefox/21.0"
189.71.99.177 - - [17/Jun/2013:13:24:56 +0000] "GET /materiais/docs/aula08.pdf HTTP/1.1" 200 261965 "http://fbarth.net.br/materiais/webMiningR.html" "Mozilla/5.0 (Windows NT 6.1; rv:21.0) Gecko/20100101 Firefox/21.0"
189.25.201.117 - - [17/Jun/2013:13:25:00 +0000] "GET /favicon.ico HTTP/1.1" 404 926 "-" "Mozilla/5.0 (Windows NT 6.1; WOW64) AppleWebKit/537.36 (KHTML, like Gecko) Chrome/27.0.1453.110 Safari/537.36"
189.25.201.117 - - [17/Jun/2013:13:25:03 +0000] "GET /favicon.ico HTTP/1.1" 404 926 "-" "Mozilla/5.0 (Windows NT 6.1; WOW64) AppleWebKit/537.36 (KHTML, like Gecko) Chrome/27.0.1453.110 Safari/537.36"
189.25.201.117 - - [17/Jun/2013:13:25:24 +0000] "GET /favicon.ico HTTP/1.1" 404 926 "-" "Mozilla/5.0 (Windows NT 6.1; WOW64) AppleWebKit/537.36 (KHTML, like Gecko) Chrome/27.0.1453.110 Safari/537.36"
189.71.99.177 - - [17/Jun/2013:13:25:36 +0000] "GET /materiais/docs/data/ HTTP/1.1" 200 589 "http://fbarth.net.br/materiais/webMiningR.html" "Mozilla/5.0 (Windows NT 6.1; rv:21.0) Gecko/20100101 Firefox/21.0"
189.71.99.177 - - [17/Jun/2013:13:25:37 +0000] "GET /__________wficons__________/back.gif HTTP/1.1" 200 216 "http://fbarth.net.br/materiais/docs/data/" "Mozilla/5.0 (Windows NT 6.1; rv:21.0) Gecko/20100101 Firefox/21.0"
189.71.99.177 - - [17/Jun/2013:13:25:37 +0000] "GET /__________wficons__________/unknown.gif HTTP/1.1" 200 245 "http://fbarth.net.br/materiais/docs/data/" "Mozilla/5.0 (Windows NT 6.1; rv:21.0) Gecko/20100101 Firefox/21.0"
189.71.99.177 - - [17/Jun/2013:13:25:37 +0000] "GET /__________wficons__________/blank.gif HTTP/1.1" 200 148 "http://fbarth.net.br/materiais/docs/data/" "Mozilla/5.0 (Windows NT 6.1; rv:21.0) Gecko/20100101 Firefox/21.0"
189.71.99.177 - - [17/Jun/2013:13:25:37 +0000] "GET /__________wficons__________/text.gif HTTP/1.1" 200 229 "http://fbarth.net.br/materiais/docs/data/" "Mozilla/5.0 (Windows NT 6.1; rv:21.0) Gecko/20100101 Firefox/21.0"
200.162.199.105 - - [17/Jun/2013:13:39:17 +0000] "GET /materiais/webMiningR.html HTTP/1.1" 200 1810 "-" "Mozilla/5.0 (Windows NT 6.1; WOW64) AppleWebKit/537.36 (KHTML, like Gecko) Chrome/27.0.1453.110 Safari/537.36"
200.162.199.105 - - [17/Jun/2013:13:39:17 +0000] "GET /default.css HTTP/1.1" 200 1415 "http://fbarth.net.br/materiais/webMiningR.html" "Mozilla/5.0 (Windows NT 6.1; WOW64) AppleWebKit/537.36 (KHTML, like Gecko) Chrome/27.0.1453.110 Safari/537.36"
200.162.199.105 - - [17/Jun/2013:13:39:17 +0000] "GET /img/container.jpg HTTP/1.1" 200 2343 "http://fbarth.net.br/materiais/webMiningR.html" "Mozilla/5.0 (Windows NT 6.1; WOW64) AppleWebKit/537.36 (KHTML, like Gecko) Chrome/27.0.1453.110 Safari/537.36"
200.162.199.105 - - [17/Jun/2013:13:39:17 +0000] "GET /img/header.jpg HTTP/1.1" 200 11112 "http://fbarth.net.br/materiais/webMiningR.html" "Mozilla/5.0 (Windows NT 6.1; WOW64) AppleWebKit/537.36 (KHTML, like Gecko) Chrome/27.0.1453.110 Safari/537.36"
200.162.199.105 - - [17/Jun/2013:13:39:17 +0000] "GET /img/body.jpg HTTP/1.1" 200 13570 "http://fbarth.net.br/materiais/webMiningR.html" "Mozilla/5.0 (Windows NT 6.1; WOW64) AppleWebKit/537.36 (KHTML, like Gecko) Chrome/27.0.1453.110 Safari/537.36"
200.162.199.105 - - [17/Jun/2013:13:39:17 +0000] "GET /img/main.gif HTTP/1.1" 200 148 "http://fbarth.net.br/materiais/webMiningR.html" "Mozilla/5.0 (Windows NT 6.1; WOW64) AppleWebKit/537.36 (KHTML, like Gecko) Chrome/27.0.1453.110 Safari/537.36"
200.162.199.105 - - [17/Jun/2013:13:39:17 +0000] "GET /img/li.gif HTTP/1.1" 200 199 "http://fbarth.net.br/materiais/webMiningR.html" "Mozilla/5.0 (Windows NT 6.1; WOW64) AppleWebKit/537.36 (KHTML, like Gecko) Chrome/27.0.1453.110 Safari/537.36"
200.162.199.105 - - [17/Jun/2013:13:39:17 +0000] "GET /favicon.ico HTTP/1.1" 404 926 "-" "Mozilla/5.0 (Windows NT 6.1; WOW64) AppleWebKit/537.36 (KHTML, like Gecko) Chrome/27.0.1453.110 Safari/537.36"
200.162.199.105 - - [17/Jun/2013:13:39:25 +0000] "GET /materiais/docs/aula04.pdf HTTP/1.1" 200 46464 "http://fbarth.net.br/materiais/webMiningR.html" "Mozilla/5.0 (Windows NT 6.1; WOW64) AppleWebKit/537.36 (KHTML, like Gecko) Chrome/27.0.1453.110 Safari/537.36"
200.162.199.105 - - [17/Jun/2013:13:39:25 +0000] "GET /materiais/docs/aula04.pdf HTTP/1.1" 206 32768 "http://fbarth.net.br/materiais/docs/aula04.pdf" "Mozilla/5.0 (Windows NT 6.1; WOW64) AppleWebKit/537.36 (KHTML, like Gecko) Chrome/27.0.1453.110 Safari/537.36"
200.162.199.105 - - [17/Jun/2013:13:39:26 +0000] "GET /favicon.ico HTTP/1.1" 404 926 "-" "Mozilla/5.0 (Windows NT 6.1; WOW64) AppleWebKit/537.36 (KHTML, like Gecko) Chrome/27.0.1453.110 Safari/537.36"
200.162.199.105 - - [17/Jun/2013:13:39:28 +0000] "GET /materiais/docs/aula04.pdf HTTP/1.1" 206 388761 "http://fbarth.net.br/materiais/docs/aula04.pdf" "Mozilla/5.0 (Windows NT 6.1; WOW64) AppleWebKit/537.36 (KHTML, like Gecko) Chrome/27.0.1453.110 Safari/537.36"
200.162.199.105 - - [17/Jun/2013:13:39:28 +0000] "GET /favicon.ico HTTP/1.1" 404 926 "-" "Mozilla/5.0 (Windows NT 6.1; WOW64) AppleWebKit/537.36 (KHTML, like Gecko) Chrome/27.0.1453.110 Safari/537.36"
200.162.199.105 - - [17/Jun/2013:13:40:04 +0000] "GET /favicon.ico HTTP/1.1" 404 926 "-" "Mozilla/5.0 (Windows NT 6.1; WOW64) AppleWebKit/537.36 (KHTML, like Gecko) Chrome/27.0.1453.110 Safari/537.36"
200.162.199.105 - - [17/Jun/2013:13:40:10 +0000] "GET /materiais/docs/aula06.pdf HTTP/1.1" 200 96104 "http://fbarth.net.br/materiais/webMiningR.html" "Mozilla/5.0 (Windows NT 6.1; WOW64) AppleWebKit/537.36 (KHTML, like Gecko) Chrome/27.0.1453.110 Safari/537.36"
200.162.199.105 - - [17/Jun/2013:13:40:10 +0000] "GET /materiais/docs/aula06.pdf HTTP/1.1" 206 32768 "http://fbarth.net.br/materiais/docs/aula06.pdf" "Mozilla/5.0 (Windows NT 6.1; WOW64) AppleWebKit/537.36 (KHTML, like Gecko) Chrome/27.0.1453.110 Safari/537.36"
200.162.199.105 - - [17/Jun/2013:13:40:11 +0000] "GET /favicon.ico HTTP/1.1" 404 926 "-" "Mozilla/5.0 (Windows NT 6.1; WOW64) AppleWebKit/537.36 (KHTML, like Gecko) Chrome/27.0.1453.110 Safari/537.36"
200.162.199.105 - - [17/Jun/2013:13:40:12 +0000] "GET /materiais/docs/aula06.pdf HTTP/1.1" 206 275074 "http://fbarth.net.br/materiais/docs/aula06.pdf" "Mozilla/5.0 (Windows NT 6.1; WOW64) AppleWebKit/537.36 (KHTML, like Gecko) Chrome/27.0.1453.110 Safari/537.36"
200.162.199.105 - - [17/Jun/2013:13:40:12 +0000] "GET /favicon.ico HTTP/1.1" 404 926 "-" "Mozilla/5.0 (Windows NT 6.1; WOW64) AppleWebKit/537.36 (KHTML, like Gecko) Chrome/27.0.1453.110 Safari/537.36"
189.26.108.160 - - [17/Jun/2013:13:40:33 +0000] "GET /materiais/docs/estruturas/aArvores.pdf HTTP/1.1" 200 5632262 "http://www.google.com.br/url?sa=t&rct=j&q=&esrc=s&source=web&cd=39&ved=0CGsQFjAIOB4&url=http%3A%2F%2Ffbarth.net.br%2Fmateriais%2Fdocs%2Festruturas%2FaArvores.pdf&ei=sBC_UcGIHurH0gG_x4DwCw&usg=AFQjCNFzN9mxyZNtIbmLDbSEQn-4gapMsw&sig2=Wb3HukMdBpBtBqsjMJtilQ&bvm=bv.47883778,d.dmQ" "Mozilla/5.0 (X11; Linux i686; rv:21.0) Gecko/20100101 Firefox/21.0"
23.20.83.155 - - [17/Jun/2013:13:40:35 +0000] "GET /favicon.ico HTTP/1.1" 404 926 "-" "HTTP_Request2/2.1.1 (http://pear.php.net/package/http_request2) PHP/5.3.2-1ubuntu4.19"
189.26.108.160 - - [17/Jun/2013:13:40:36 +0000] "GET /favicon.ico HTTP/1.1" 404 926 "-" "Mozilla/5.0 (X11; Linux i686; rv:21.0) Gecko/20100101 Firefox/21.0"
189.26.108.160 - - [17/Jun/2013:13:40:36 +0000] "GET /favicon.ico HTTP/1.1" 404 926 "-" "Mozilla/5.0 (X11; Linux i686; rv:21.0) Gecko/20100101 Firefox/21.0"
200.162.199.105 - - [17/Jun/2013:13:41:02 +0000] "GET /favicon.ico HTTP/1.1" 404 926 "-" "Mozilla/5.0 (Windows NT 6.1; WOW64) AppleWebKit/537.36 (KHTML, like Gecko) Chrome/27.0.1453.110 Safari/537.36"
189.25.201.117 - - [17/Jun/2013:13:41:05 +0000] "GET /favicon.ico HTTP/1.1" 404 926 "-" "Mozilla/5.0 (Windows NT 6.1; WOW64) AppleWebKit/537.36 (KHTML, like Gecko) Chrome/27.0.1453.110 Safari/537.36"
187.52.105.211 - - [17/Jun/2013:13:41:25 +0000] "GET /materiais/docs/aula03.pdf HTTP/1.1" 200 279711 "http://fbarth.net.br/materiais/webMiningR.html" "Mozilla/5.0 (Windows NT 6.1; WOW64; rv:21.0) Gecko/20100101 Firefox/21.0"
189.25.201.117 - - [17/Jun/2013:13:42:17 +0000] "GET /materiais/docs/aula01.pdf HTTP/1.1" 200 65718 "http://fbarth.net.br/materiais/webMiningR.html" "Mozilla/5.0 (Windows NT 6.1; WOW64) AppleWebKit/537.36 (KHTML, like Gecko) Chrome/27.0.1453.110 Safari/537.36"
189.25.201.117 - - [17/Jun/2013:13:42:18 +0000] "GET /favicon.ico HTTP/1.1" 404 926 "-" "Mozilla/5.0 (Windows NT 6.1; WOW64) AppleWebKit/537.36 (KHTML, like Gecko) Chrome/27.0.1453.110 Safari/537.36"
189.25.201.117 - - [17/Jun/2013:13:42:18 +0000] "GET /favicon.ico HTTP/1.1" 404 926 "-" "Mozilla/5.0 (Windows NT 6.1; WOW64) AppleWebKit/537.36 (KHTML, like Gecko) Chrome/27.0.1453.110 Safari/537.36"
150.70.97.126 - - [17/Jun/2013:13:42:25 +0000] "GET /materiais/docs/aula03.pdf HTTP/1.1" 200 279711 "-" "Mozilla/4.0 (compatible; MSIE 8.0; Windows NT 5.1; Trident/4.0)"
189.25.201.117 - - [17/Jun/2013:13:43:05 +0000] "GET /favicon.ico HTTP/1.1" 404 926 "-" "Mozilla/5.0 (Windows NT 6.1; WOW64) AppleWebKit/537.36 (KHTML, like Gecko) Chrome/27.0.1453.110 Safari/537.36"
189.25.201.117 - - [17/Jun/2013:13:43:10 +0000] "GET /materiais/docs/aula02.pdf HTTP/1.1" 200 1212399 "http://fbarth.net.br/materiais/webMiningR.html" "Mozilla/5.0 (Windows NT 6.1; WOW64) AppleWebKit/537.36 (KHTML, like Gecko) Chrome/27.0.1453.110 Safari/537.36"
189.25.201.117 - - [17/Jun/2013:13:43:11 +0000] "GET /materiais/docs/aula02.pdf HTTP/1.1" 206 32768 "http://fbarth.net.br/materiais/docs/aula02.pdf" "Mozilla/5.0 (Windows NT 6.1; WOW64) AppleWebKit/537.36 (KHTML, like Gecko) Chrome/27.0.1453.110 Safari/537.36"
189.25.201.117 - - [17/Jun/2013:13:43:11 +0000] "GET /favicon.ico HTTP/1.1" 404 926 "-" "Mozilla/5.0 (Windows NT 6.1; WOW64) AppleWebKit/537.36 (KHTML, like Gecko) Chrome/27.0.1453.110 Safari/537.36"
189.25.201.117 - - [17/Jun/2013:13:43:14 +0000] "GET /materiais/docs/aula02.pdf HTTP/1.1" 206 1179631 "http://fbarth.net.br/materiais/docs/aula02.pdf" "Mozilla/5.0 (Windows NT 6.1; WOW64) AppleWebKit/537.36 (KHTML, like Gecko) Chrome/27.0.1453.110 Safari/537.36"
189.25.201.117 - - [17/Jun/2013:13:43:15 +0000] "GET /favicon.ico HTTP/1.1" 404 926 "-" "Mozilla/5.0 (Windows NT 6.1; WOW64) AppleWebKit/537.36 (KHTML, like Gecko) Chrome/27.0.1453.110 Safari/537.36"
150.70.64.214 - - [17/Jun/2013:13:45:25 +0000] "GET /materiais/docs/aula03.pdf HTTP/1.0" 200 279711 "-" "Mozilla/4.0 (compatible; MSIE 6.0; Windows NT 5.1)"
187.52.105.211 - - [17/Jun/2013:13:50:53 +0000] "GET /materiais/docs/aula04.pdf HTTP/1.1" 200 421529 "http://fbarth.net.br/materiais/webMiningR.html" "Mozilla/5.0 (Windows NT 6.1; WOW64; rv:21.0) Gecko/20100101 Firefox/21.0"
200.222.3.3 - - [17/Jun/2013:13:50:57 +0000] "GET /materiais/webMiningR.html HTTP/1.1" 200 1810 "-" "Mozilla/5.0 (Windows NT 6.1; WOW64) AppleWebKit/537.36 (KHTML, like Gecko) Chrome/27.0.1453.110 Safari/537.36"
200.222.3.3 - - [17/Jun/2013:13:50:57 +0000] "GET /default.css HTTP/1.1" 200 1415 "http://fbarth.net.br/materiais/webMiningR.html" "Mozilla/5.0 (Windows NT 6.1; WOW64) AppleWebKit/537.36 (KHTML, like Gecko) Chrome/27.0.1453.110 Safari/537.36"
200.222.3.3 - - [17/Jun/2013:13:50:58 +0000] "GET /img/body.jpg HTTP/1.1" 200 13570 "http://fbarth.net.br/materiais/webMiningR.html" "Mozilla/5.0 (Windows NT 6.1; WOW64) AppleWebKit/537.36 (KHTML, like Gecko) Chrome/27.0.1453.110 Safari/537.36"
200.222.3.3 - - [17/Jun/2013:13:50:58 +0000] "GET /img/container.jpg HTTP/1.1" 200 2343 "http://fbarth.net.br/materiais/webMiningR.html" "Mozilla/5.0 (Windows NT 6.1; WOW64) AppleWebKit/537.36 (KHTML, like Gecko) Chrome/27.0.1453.110 Safari/537.36"
200.222.3.3 - - [17/Jun/2013:13:50:58 +0000] "GET /img/li.gif HTTP/1.1" 200 199 "http://fbarth.net.br/materiais/webMiningR.html" "Mozilla/5.0 (Windows NT 6.1; WOW64) AppleWebKit/537.36 (KHTML, like Gecko) Chrome/27.0.1453.110 Safari/537.36"
200.222.3.3 - - [17/Jun/2013:13:50:58 +0000] "GET /img/main.gif HTTP/1.1" 200 148 "http://fbarth.net.br/materiais/webMiningR.html" "Mozilla/5.0 (Windows NT 6.1; WOW64) AppleWebKit/537.36 (KHTML, like Gecko) Chrome/27.0.1453.110 Safari/537.36"
200.222.3.3 - - [17/Jun/2013:13:50:58 +0000] "GET /img/header.jpg HTTP/1.1" 200 11112 "http://fbarth.net.br/materiais/webMiningR.html" "Mozilla/5.0 (Windows NT 6.1; WOW64) AppleWebKit/537.36 (KHTML, like Gecko) Chrome/27.0.1453.110 Safari/537.36"
200.222.3.3 - - [17/Jun/2013:13:50:58 +0000] "GET /favicon.ico HTTP/1.1" 404 926 "-" "Mozilla/5.0 (Windows NT 6.1; WOW64) AppleWebKit/537.36 (KHTML, like Gecko) Chrome/27.0.1453.110 Safari/537.36"
187.52.105.211 - - [17/Jun/2013:13:51:14 +0000] "GET /materiais/docs/aula05.pdf HTTP/1.1" 200 435227 "http://fbarth.net.br/materiais/webMiningR.html" "Mozilla/5.0 (Windows NT 6.1; WOW64; rv:21.0) Gecko/20100101 Firefox/21.0"
187.52.105.211 - - [17/Jun/2013:13:51:26 +0000] "GET /materiais/docs/aula06.pdf HTTP/1.1" 200 307842 "http://fbarth.net.br/materiais/webMiningR.html" "Mozilla/5.0 (Windows NT 6.1; WOW64; rv:21.0) Gecko/20100101 Firefox/21.0"
187.52.105.211 - - [17/Jun/2013:13:51:45 +0000] "GET /materiais/docs/aula07.pdf HTTP/1.1" 200 160824 "http://fbarth.net.br/materiais/webMiningR.html" "Mozilla/5.0 (Windows NT 6.1; WOW64; rv:21.0) Gecko/20100101 Firefox/21.0"
200.222.3.3 - - [17/Jun/2013:13:51:58 +0000] "GET /materiais/docs/aula01.pdf HTTP/1.1" 200 65718 "http://fbarth.net.br/materiais/webMiningR.html" "Mozilla/5.0 (Windows NT 6.1; WOW64) AppleWebKit/537.36 (KHTML, like Gecko) Chrome/27.0.1453.110 Safari/537.36"
187.52.105.211 - - [17/Jun/2013:13:52:31 +0000] "GET /materiais/docs/aula08.pdf HTTP/1.1" 200 261965 "http://fbarth.net.br/materiais/webMiningR.html" "Mozilla/5.0 (Windows NT 6.1; WOW64; rv:21.0) Gecko/20100101 Firefox/21.0"
200.222.3.3 - - [17/Jun/2013:13:52:47 +0000] "GET /materiais/docs/aula02.pdf HTTP/1.1" 200 300926 "http://fbarth.net.br/materiais/webMiningR.html" "Mozilla/5.0 (Windows NT 6.1; WOW64) AppleWebKit/537.36 (KHTML, like Gecko) Chrome/27.0.1453.110 Safari/537.36"
200.222.3.3 - - [17/Jun/2013:13:52:47 +0000] "GET /materiais/docs/aula02.pdf HTTP/1.1" 206 32768 "http://fbarth.net.br/materiais/docs/aula02.pdf" "Mozilla/5.0 (Windows NT 6.1; WOW64) AppleWebKit/537.36 (KHTML, like Gecko) Chrome/27.0.1453.110 Safari/537.36"
200.222.3.3 - - [17/Jun/2013:13:52:49 +0000] "GET /materiais/docs/aula02.pdf HTTP/1.1" 206 1179631 "http://fbarth.net.br/materiais/docs/aula02.pdf" "Mozilla/5.0 (Windows NT 6.1; WOW64) AppleWebKit/537.36 (KHTML, like Gecko) Chrome/27.0.1453.110 Safari/537.36"
150.70.97.126 - - [17/Jun/2013:13:53:17 +0000] "GET /materiais/docs/aula07.pdf HTTP/1.1" 200 160824 "-" "Mozilla/4.0 (compatible; MSIE 8.0; Windows NT 5.1; Trident/4.0)"
187.52.105.211 - - [17/Jun/2013:13:53:34 +0000] "GET /materiais/docs/data/ HTTP/1.1" 200 589 "http://fbarth.net.br/materiais/webMiningR.html" "Mozilla/5.0 (Windows NT 6.1; WOW64; rv:21.0) Gecko/20100101 Firefox/21.0"
187.52.105.211 - - [17/Jun/2013:13:53:34 +0000] "GET /__________wficons__________/blank.gif HTTP/1.1" 200 148 "http://fbarth.net.br/materiais/docs/data/" "Mozilla/5.0 (Windows NT 6.1; WOW64; rv:21.0) Gecko/20100101 Firefox/21.0"
187.52.105.211 - - [17/Jun/2013:13:53:34 +0000] "GET /__________wficons__________/back.gif HTTP/1.1" 200 216 "http://fbarth.net.br/materiais/docs/data/" "Mozilla/5.0 (Windows NT 6.1; WOW64; rv:21.0) Gecko/20100101 Firefox/21.0"
187.52.105.211 - - [17/Jun/2013:13:53:34 +0000] "GET /__________wficons__________/unknown.gif HTTP/1.1" 200 245 "http://fbarth.net.br/materiais/docs/data/" "Mozilla/5.0 (Windows NT 6.1; WOW64; rv:21.0) Gecko/20100101 Firefox/21.0"
187.52.105.211 - - [17/Jun/2013:13:53:34 +0000] "GET /__________wficons__________/text.gif HTTP/1.1" 200 229 "http://fbarth.net.br/materiais/docs/data/" "Mozilla/5.0 (Windows NT 6.1; WOW64; rv:21.0) Gecko/20100101 Firefox/21.0"
200.222.3.3 - - [17/Jun/2013:13:53:55 +0000] "GET /materiais/docs/aula03.pdf HTTP/1.1" 200 227080 "http://fbarth.net.br/materiais/webMiningR.html" "Mozilla/5.0 (Windows NT 6.1; WOW64) AppleWebKit/537.36 (KHTML, like Gecko) Chrome/27.0.1453.110 Safari/537.36"
200.222.3.3 - - [17/Jun/2013:13:53:55 +0000] "GET /materiais/docs/aula03.pdf HTTP/1.1" 206 32768 "http://fbarth.net.br/materiais/docs/aula03.pdf" "Mozilla/5.0 (Windows NT 6.1; WOW64) AppleWebKit/537.36 (KHTML, like Gecko) Chrome/27.0.1453.110 Safari/537.36"
200.222.3.3 - - [17/Jun/2013:13:53:56 +0000] "GET /materiais/docs/aula03.pdf HTTP/1.1" 200 279711 "http://fbarth.net.br/materiais/docs/aula03.pdf" "Mozilla/5.0 (Windows NT 6.1; WOW64) AppleWebKit/537.36 (KHTML, like Gecko) Chrome/27.0.1453.110 Safari/537.36"
200.222.3.3 - - [17/Jun/2013:13:53:57 +0000] "GET /favicon.ico HTTP/1.1" 404 926 "-" "Mozilla/5.0 (Windows NT 6.1; WOW64) AppleWebKit/537.36 (KHTML, like Gecko) Chrome/27.0.1453.110 Safari/537.36"
150.70.97.114 - - [17/Jun/2013:13:54:41 +0000] "GET /materiais/docs/data/ HTTP/1.1" 200 1927 "-" "Mozilla/4.0 (compatible; MSIE 8.0; Windows NT 5.1; Trident/4.0)"
150.70.75.34 - - [17/Jun/2013:13:54:47 +0000] "GET /materiais/docs/aula07.pdf HTTP/1.0" 200 160824 "-" "Mozilla/4.0 (compatible; MSIE 6.0; Windows NT 5.1)"
187.108.237.226 - - [17/Jun/2013:13:55:38 +0000] "GET / HTTP/1.1" 200 1811 "http://www.google.com/url?q=http%3A%2F%2Ffbarth.net.br&sa=D&sntz=1&usg=AFQjCNFr_80AQJjpk_4LQJxPsplC7szNzQ" "Mozilla/5.0 (Windows NT 6.1; WOW64) AppleWebKit/537.36 (KHTML, like Gecko) Chrome/27.0.1453.110 Safari/537.36"
187.108.237.226 - - [17/Jun/2013:13:55:38 +0000] "GET /default.css HTTP/1.1" 200 1415 "http://fbarth.net.br/" "Mozilla/5.0 (Windows NT 6.1; WOW64) AppleWebKit/537.36 (KHTML, like Gecko) Chrome/27.0.1453.110 Safari/537.36"
187.108.237.226 - - [17/Jun/2013:13:55:39 +0000] "GET /img/foto.jpg HTTP/1.1" 200 14854 "http://fbarth.net.br/" "Mozilla/5.0 (Windows NT 6.1; WOW64) AppleWebKit/537.36 (KHTML, like Gecko) Chrome/27.0.1453.110 Safari/537.36"
187.108.237.226 - - [17/Jun/2013:13:55:39 +0000] "GET /img/body.jpg HTTP/1.1" 200 13570 "http://fbarth.net.br/" "Mozilla/5.0 (Windows NT 6.1; WOW64) AppleWebKit/537.36 (KHTML, like Gecko) Chrome/27.0.1453.110 Safari/537.36"
187.108.237.226 - - [17/Jun/2013:13:55:39 +0000] "GET /img/header.jpg HTTP/1.1" 200 11112 "http://fbarth.net.br/" "Mozilla/5.0 (Windows NT 6.1; WOW64) AppleWebKit/537.36 (KHTML, like Gecko) Chrome/27.0.1453.110 Safari/537.36"
187.108.237.226 - - [17/Jun/2013:13:55:39 +0000] "GET /img/container.jpg HTTP/1.1" 200 2343 "http://fbarth.net.br/" "Mozilla/5.0 (Windows NT 6.1; WOW64) AppleWebKit/537.36 (KHTML, like Gecko) Chrome/27.0.1453.110 Safari/537.36"
187.108.237.226 - - [17/Jun/2013:13:55:40 +0000] "GET /img/main.gif HTTP/1.1" 200 148 "http://fbarth.net.br/" "Mozilla/5.0 (Windows NT 6.1; WOW64) AppleWebKit/537.36 (KHTML, like Gecko) Chrome/27.0.1453.110 Safari/537.36"
187.108.237.226 - - [17/Jun/2013:13:55:41 +0000] "GET /favicon.ico HTTP/1.1" 404 926 "-" "Mozilla/5.0 (Windows NT 6.1; WOW64) AppleWebKit/537.36 (KHTML, like Gecko) Chrome/27.0.1453.110 Safari/537.36"
187.108.237.226 - - [17/Jun/2013:13:55:42 +0000] "GET /materiais.html HTTP/1.1" 200 1249 "http://fbarth.net.br/" "Mozilla/5.0 (Windows NT 6.1; WOW64) AppleWebKit/537.36 (KHTML, like Gecko) Chrome/27.0.1453.110 Safari/537.36"
187.108.237.226 - - [17/Jun/2013:13:55:43 +0000] "GET /img/li.gif HTTP/1.1" 200 199 "http://fbarth.net.br/materiais.html" "Mozilla/5.0 (Windows NT 6.1; WOW64) AppleWebKit/537.36 (KHTML, like Gecko) Chrome/27.0.1453.110 Safari/537.36"
187.108.237.226 - - [17/Jun/2013:13:55:44 +0000] "GET /favicon.ico HTTP/1.1" 404 926 "-" "Mozilla/5.0 (Windows NT 6.1; WOW64) AppleWebKit/537.36 (KHTML, like Gecko) Chrome/27.0.1453.110 Safari/537.36"
187.108.237.226 - - [17/Jun/2013:13:55:45 +0000] "GET /materiais/palestras.html HTTP/1.1" 200 1775 "http://fbarth.net.br/materiais.html" "Mozilla/5.0 (Windows NT 6.1; WOW64) AppleWebKit/537.36 (KHTML, like Gecko) Chrome/27.0.1453.110 Safari/537.36"
187.108.237.226 - - [17/Jun/2013:13:55:45 +0000] "GET /favicon.ico HTTP/1.1" 404 926 "-" "Mozilla/5.0 (Windows NT 6.1; WOW64) AppleWebKit/537.36 (KHTML, like Gecko) Chrome/27.0.1453.110 Safari/537.36"
187.108.237.226 - - [17/Jun/2013:13:55:49 +0000] "GET /favicon.ico HTTP/1.1" 404 926 "-" "Mozilla/5.0 (Windows NT 6.1; WOW64) AppleWebKit/537.36 (KHTML, like Gecko) Chrome/27.0.1453.110 Safari/537.36"
187.108.237.226 - - [17/Jun/2013:13:55:50 +0000] "GET /favicon.ico HTTP/1.1" 404 926 "-" "Mozilla/5.0 (Windows NT 6.1; WOW64) AppleWebKit/537.36 (KHTML, like Gecko) Chrome/27.0.1453.110 Safari/537.36"
187.108.237.226 - - [17/Jun/2013:13:55:51 +0000] "GET /materiais/webMiningR.html HTTP/1.1" 200 1810 "http://fbarth.net.br/materiais/palestras.html" "Mozilla/5.0 (Windows NT 6.1; WOW64) AppleWebKit/537.36 (KHTML, like Gecko) Chrome/27.0.1453.110 Safari/537.36"
187.108.237.226 - - [17/Jun/2013:13:55:52 +0000] "GET /favicon.ico HTTP/1.1" 404 926 "-" "Mozilla/5.0 (Windows NT 6.1; WOW64) AppleWebKit/537.36 (KHTML, like Gecko) Chrome/27.0.1453.110 Safari/537.36"
187.108.237.226 - - [17/Jun/2013:13:55:57 +0000] "GET /materiais/docs/aula04.pdf HTTP/1.1" 200 421529 "http://fbarth.net.br/materiais/webMiningR.html" "Mozilla/5.0 (Windows NT 6.1; WOW64) AppleWebKit/537.36 (KHTML, like Gecko) Chrome/27.0.1453.110 Safari/537.36"
187.108.237.226 - - [17/Jun/2013:13:55:58 +0000] "GET /favicon.ico HTTP/1.1" 404 926 "-" "Mozilla/5.0 (Windows NT 6.1; WOW64) AppleWebKit/537.36 (KHTML, like Gecko) Chrome/27.0.1453.110 Safari/537.36"
187.108.237.226 - - [17/Jun/2013:13:55:58 +0000] "GET /favicon.ico HTTP/1.1" 404 926 "-" "Mozilla/5.0 (Windows NT 6.1; WOW64) AppleWebKit/537.36 (KHTML, like Gecko) Chrome/27.0.1453.110 Safari/537.36"
200.222.3.3 - - [17/Jun/2013:13:56:30 +0000] "GET /materiais/docs/aula05.pdf HTTP/1.1" 200 435227 "http://fbarth.net.br/materiais/webMiningR.html" "Mozilla/5.0 (Windows NT 6.1; WOW64) AppleWebKit/537.36 (KHTML, like Gecko) Chrome/27.0.1453.110 Safari/537.36"
200.222.3.3 - - [17/Jun/2013:13:56:31 +0000] "GET /materiais/docs/aula05.pdf HTTP/1.1" 206 32768 "http://fbarth.net.br/materiais/docs/aula05.pdf" "Mozilla/5.0 (Windows NT 6.1; WOW64) AppleWebKit/537.36 (KHTML, like Gecko) Chrome/27.0.1453.110 Safari/537.36"
200.222.3.3 - - [17/Jun/2013:13:56:31 +0000] "GET /favicon.ico HTTP/1.1" 404 926 "-" "Mozilla/5.0 (Windows NT 6.1; WOW64) AppleWebKit/537.36 (KHTML, like Gecko) Chrome/27.0.1453.110 Safari/537.36"
200.222.3.3 - - [17/Jun/2013:13:56:33 +0000] "GET /materiais/docs/aula05.pdf HTTP/1.1" 206 402459 "http://fbarth.net.br/materiais/docs/aula05.pdf" "Mozilla/5.0 (Windows NT 6.1; WOW64) AppleWebKit/537.36 (KHTML, like Gecko) Chrome/27.0.1453.110 Safari/537.36"
200.222.3.3 - - [17/Jun/2013:13:56:34 +0000] "GET /favicon.ico HTTP/1.1" 404 926 "-" "Mozilla/5.0 (Windows NT 6.1; WOW64) AppleWebKit/537.36 (KHTML, like Gecko) Chrome/27.0.1453.110 Safari/537.36"
150.70.75.38 - - [17/Jun/2013:13:57:09 +0000] "GET /materiais/docs/data/ HTTP/1.0" 200 1927 "-" "Mozilla/4.0 (compatible; MSIE 6.0; Windows NT 5.1)"
150.70.172.101 - - [17/Jun/2013:14:00:08 +0000] "GET /materiais/docs/aula05.pdf HTTP/1.0" 200 435227 "-" "Mozilla/4.0 (compatible; MSIE 6.0; Windows NT 5.1)"
187.127.249.169 - - [17/Jun/2013:14:00:40 +0000] "GET /materiais/webMiningR.html HTTP/1.1" 200 1810 "-" "Mozilla/5.0 (Windows NT 6.1; rv:19.0) Gecko/20100101 Firefox/19.0"
187.127.249.169 - - [17/Jun/2013:14:00:40 +0000] "GET /default.css HTTP/1.1" 200 1415 "http://fbarth.net.br/materiais/webMiningR.html" "Mozilla/5.0 (Windows NT 6.1; rv:19.0) Gecko/20100101 Firefox/19.0"
187.127.249.169 - - [17/Jun/2013:14:00:40 +0000] "GET /img/body.jpg HTTP/1.1" 200 13570 "http://fbarth.net.br/default.css" "Mozilla/5.0 (Windows NT 6.1; rv:19.0) Gecko/20100101 Firefox/19.0"
187.127.249.169 - - [17/Jun/2013:14:00:40 +0000] "GET /img/header.jpg HTTP/1.1" 200 11112 "http://fbarth.net.br/default.css" "Mozilla/5.0 (Windows NT 6.1; rv:19.0) Gecko/20100101 Firefox/19.0"
187.127.249.169 - - [17/Jun/2013:14:00:40 +0000] "GET /img/main.gif HTTP/1.1" 200 148 "http://fbarth.net.br/default.css" "Mozilla/5.0 (Windows NT 6.1; rv:19.0) Gecko/20100101 Firefox/19.0"
187.127.249.169 - - [17/Jun/2013:14:00:40 +0000] "GET /img/container.jpg HTTP/1.1" 200 2343 "http://fbarth.net.br/default.css" "Mozilla/5.0 (Windows NT 6.1; rv:19.0) Gecko/20100101 Firefox/19.0"
187.127.249.169 - - [17/Jun/2013:14:00:40 +0000] "GET /img/li.gif HTTP/1.1" 200 199 "http://fbarth.net.br/default.css" "Mozilla/5.0 (Windows NT 6.1; rv:19.0) Gecko/20100101 Firefox/19.0"
187.127.249.169 - - [17/Jun/2013:14:00:41 +0000] "GET /favicon.ico HTTP/1.1" 404 926 "-" "Mozilla/5.0 (Windows NT 6.1; rv:19.0) Gecko/20100101 Firefox/19.0"
200.222.3.3 - - [17/Jun/2013:14:01:03 +0000] "GET /materiais/docs/aula06.pdf HTTP/1.1" 200 160472 "http://fbarth.net.br/materiais/webMiningR.html" "Mozilla/5.0 (Windows NT 6.1; WOW64) AppleWebKit/537.36 (KHTML, like Gecko) Chrome/27.0.1453.110 Safari/537.36"
200.222.3.3 - - [17/Jun/2013:14:01:03 +0000] "GET /materiais/docs/aula06.pdf HTTP/1.1" 206 32768 "http://fbarth.net.br/materiais/docs/aula06.pdf" "Mozilla/5.0 (Windows NT 6.1; WOW64) AppleWebKit/537.36 (KHTML, like Gecko) Chrome/27.0.1453.110 Safari/537.36"
200.222.3.3 - - [17/Jun/2013:14:01:05 +0000] "GET /materiais/docs/aula06.pdf HTTP/1.1" 206 275074 "http://fbarth.net.br/materiais/docs/aula06.pdf" "Mozilla/5.0 (Windows NT 6.1; WOW64) AppleWebKit/537.36 (KHTML, like Gecko) Chrome/27.0.1453.110 Safari/537.36"
200.222.3.3 - - [17/Jun/2013:14:01:06 +0000] "GET /favicon.ico HTTP/1.1" 404 926 "-" "Mozilla/5.0 (Windows NT 6.1; WOW64) AppleWebKit/537.36 (KHTML, like Gecko) Chrome/27.0.1453.110 Safari/537.36"
150.70.172.101 - - [17/Jun/2013:14:03:05 +0000] "GET /materiais/docs/aula06.pdf HTTP/1.0" 200 307842 "-" "Mozilla/4.0 (compatible; MSIE 6.0; Windows NT 5.1)"
143.54.12.233 - - [17/Jun/2013:14:04:44 +0000] "GET /materiais/introducaoRecuperacaoInformacao/introducaoRecuperacaoInformacao.pdf HTTP/1.1" 200 97724 "https://www.google.com.br/" "Mozilla/5.0 (Windows NT 5.1) AppleWebKit/537.36 (KHTML, like Gecko) Chrome/27.0.1453.110 Safari/537.36"
143.54.12.233 - - [17/Jun/2013:14:04:44 +0000] "GET /materiais/introducaoRecuperacaoInformacao/introducaoRecuperacaoInformacao.pdf HTTP/1.1" 206 32768 "http://fbarth.net.br/materiais/introducaoRecuperacaoInformacao/introducaoRecuperacaoInformacao.pdf" "Mozilla/5.0 (Windows NT 5.1) AppleWebKit/537.36 (KHTML, like Gecko) Chrome/27.0.1453.110 Safari/537.36"
143.54.12.233 - - [17/Jun/2013:14:04:45 +0000] "GET /favicon.ico HTTP/1.1" 404 926 "-" "Mozilla/5.0 (Windows NT 5.1) AppleWebKit/537.36 (KHTML, like Gecko) Chrome/27.0.1453.110 Safari/537.36"
143.54.12.233 - - [17/Jun/2013:14:04:46 +0000] "GET /materiais/introducaoRecuperacaoInformacao/introducaoRecuperacaoInformacao.pdf HTTP/1.1" 206 148204 "http://fbarth.net.br/materiais/introducaoRecuperacaoInformacao/introducaoRecuperacaoInformacao.pdf" "Mozilla/5.0 (Windows NT 5.1) AppleWebKit/537.36 (KHTML, like Gecko) Chrome/27.0.1453.110 Safari/537.36"
143.54.12.233 - - [17/Jun/2013:14:04:46 +0000] "GET /favicon.ico HTTP/1.1" 404 926 "-" "Mozilla/5.0 (Windows NT 5.1) AppleWebKit/537.36 (KHTML, like Gecko) Chrome/27.0.1453.110 Safari/537.36"
164.85.131.131 - - [17/Jun/2013:14:05:39 +0000] "GET /materiais/webMiningR.html HTTP/1.1" 200 1810 "-" "Mozilla/5.0 (Windows NT 6.1; WOW64; rv:21.0) Gecko/20100101 Firefox/21.0"
164.85.131.131 - - [17/Jun/2013:14:05:40 +0000] "GET /default.css HTTP/1.1" 200 1415 "http://fbarth.net.br/materiais/webMiningR.html" "Mozilla/5.0 (Windows NT 6.1; WOW64; rv:21.0) Gecko/20100101 Firefox/21.0"
164.85.131.131 - - [17/Jun/2013:14:05:40 +0000] "GET /img/body.jpg HTTP/1.1" 200 13570 "http://fbarth.net.br/default.css" "Mozilla/5.0 (Windows NT 6.1; WOW64; rv:21.0) Gecko/20100101 Firefox/21.0"
164.85.131.131 - - [17/Jun/2013:14:05:41 +0000] "GET /img/container.jpg HTTP/1.1" 200 2343 "http://fbarth.net.br/default.css" "Mozilla/5.0 (Windows NT 6.1; WOW64; rv:21.0) Gecko/20100101 Firefox/21.0"
164.85.131.131 - - [17/Jun/2013:14:05:41 +0000] "GET /img/header.jpg HTTP/1.1" 200 11112 "http://fbarth.net.br/default.css" "Mozilla/5.0 (Windows NT 6.1; WOW64; rv:21.0) Gecko/20100101 Firefox/21.0"
164.85.131.131 - - [17/Jun/2013:14:05:41 +0000] "GET /img/main.gif HTTP/1.1" 200 148 "http://fbarth.net.br/default.css" "Mozilla/5.0 (Windows NT 6.1; WOW64; rv:21.0) Gecko/20100101 Firefox/21.0"
164.85.131.131 - - [17/Jun/2013:14:05:41 +0000] "GET /img/li.gif HTTP/1.1" 200 199 "http://fbarth.net.br/default.css" "Mozilla/5.0 (Windows NT 6.1; WOW64; rv:21.0) Gecko/20100101 Firefox/21.0"
164.85.131.131 - - [17/Jun/2013:14:05:41 +0000] "GET /favicon.ico HTTP/1.1" 404 926 "-" "Mozilla/5.0 (Windows NT 6.1; WOW64; rv:21.0) Gecko/20100101 Firefox/21.0"
164.85.131.131 - - [17/Jun/2013:14:06:02 +0000] "GET /materiais/docs/aula01.pdf HTTP/1.1" 200 65718 "http://fbarth.net.br/materiais/webMiningR.html" "Mozilla/5.0 (Windows NT 6.1; WOW64; rv:21.0) Gecko/20100101 Firefox/21.0"
