177.102.141.40 - - [13/Aug/2013:17:41:01 +0000] "GET /materiais/docs/aDataTextMining.pdf HTTP/1.1" 200 499232 "http://fbarth.net.br/materiais/palestras.html" "Mozilla/5.0 (Windows NT 6.1; WOW64) AppleWebKit/537.36 (KHTML, like Gecko) Chrome/28.0.1500.95 Safari/537.36"
177.102.141.40 - - [13/Aug/2013:17:41:01 +0000] "GET /favicon.ico HTTP/1.1" 404 926 "-" "Mozilla/5.0 (Windows NT 6.1; WOW64) AppleWebKit/537.36 (KHTML, like Gecko) Chrome/28.0.1500.95 Safari/537.36"
177.102.141.40 - - [13/Aug/2013:17:41:03 +0000] "GET /materiais/docs/aDataTextMining.pdf HTTP/1.1" 206 928448 "http://fbarth.net.br/materiais/docs/aDataTextMining.pdf" "Mozilla/5.0 (Windows NT 6.1; WOW64) AppleWebKit/537.36 (KHTML, like Gecko) Chrome/28.0.1500.95 Safari/537.36"
177.102.141.40 - - [13/Aug/2013:17:41:03 +0000] "GET /favicon.ico HTTP/1.1" 404 926 "-" "Mozilla/5.0 (Windows NT 6.1; WOW64) AppleWebKit/537.36 (KHTML, like Gecko) Chrome/28.0.1500.95 Safari/537.36"
177.102.141.40 - - [13/Aug/2013:17:41:24 +0000] "GET /materiais/webMiningR.html HTTP/1.1" 200 1816 "http://fbarth.net.br/materiais/palestras.html" "Mozilla/5.0 (Windows NT 6.1; WOW64) AppleWebKit/537.36 (KHTML, like Gecko) Chrome/28.0.1500.95 Safari/537.36"
177.102.141.40 - - [13/Aug/2013:17:41:24 +0000] "GET /favicon.ico HTTP/1.1" 404 926 "-" "Mozilla/5.0 (Windows NT 6.1; WOW64) AppleWebKit/537.36 (KHTML, like Gecko) Chrome/28.0.1500.95 Safari/537.36"
177.102.141.40 - - [13/Aug/2013:17:42:01 +0000] "GET /materiais/docs/aula08.pdf HTTP/1.1" 200 261965 "http://fbarth.net.br/materiais/webMiningR.html" "Mozilla/5.0 (Windows NT 6.1; WOW64) AppleWebKit/537.36 (KHTML, like Gecko) Chrome/28.0.1500.95 Safari/537.36"
177.102.141.40 - - [13/Aug/2013:17:42:02 +0000] "GET /materiais/docs/aula08.pdf HTTP/1.1" 206 32768 "http://fbarth.net.br/materiais/docs/aula08.pdf" "Mozilla/5.0 (Windows NT 6.1; WOW64) AppleWebKit/537.36 (KHTML, like Gecko) Chrome/28.0.1500.95 Safari/537.36"
177.102.141.40 - - [13/Aug/2013:17:42:02 +0000] "GET /favicon.ico HTTP/1.1" 404 926 "-" "Mozilla/5.0 (Windows NT 6.1; WOW64) AppleWebKit/537.36 (KHTML, like Gecko) Chrome/28.0.1500.95 Safari/537.36"
177.102.141.40 - - [13/Aug/2013:17:42:03 +0000] "GET /materiais/docs/aula08.pdf HTTP/1.1" 206 229197 "http://fbarth.net.br/materiais/docs/aula08.pdf" "Mozilla/5.0 (Windows NT 6.1; WOW64) AppleWebKit/537.36 (KHTML, like Gecko) Chrome/28.0.1500.95 Safari/537.36"
177.102.141.40 - - [13/Aug/2013:17:42:03 +0000] "GET /materiais/docs/aula07.pdf HTTP/1.1" 200 160824 "http://fbarth.net.br/materiais/webMiningR.html" "Mozilla/5.0 (Windows NT 6.1; WOW64) AppleWebKit/537.36 (KHTML, like Gecko) Chrome/28.0.1500.95 Safari/537.36"
177.102.141.40 - - [13/Aug/2013:17:42:03 +0000] "GET /materiais/docs/aula07.pdf HTTP/1.1" 206 32768 "http://fbarth.net.br/materiais/docs/aula07.pdf" "Mozilla/5.0 (Windows NT 6.1; WOW64) AppleWebKit/537.36 (KHTML, like Gecko) Chrome/28.0.1500.95 Safari/537.36"
177.102.141.40 - - [13/Aug/2013:17:42:03 +0000] "GET /favicon.ico HTTP/1.1" 404 926 "-" "Mozilla/5.0 (Windows NT 6.1; WOW64) AppleWebKit/537.36 (KHTML, like Gecko) Chrome/28.0.1500.95 Safari/537.36"
177.102.141.40 - - [13/Aug/2013:17:42:03 +0000] "GET /favicon.ico HTTP/1.1" 404 926 "-" "Mozilla/5.0 (Windows NT 6.1; WOW64) AppleWebKit/537.36 (KHTML, like Gecko) Chrome/28.0.1500.95 Safari/537.36"
177.102.141.40 - - [13/Aug/2013:17:42:03 +0000] "GET /materiais/docs/aula07.pdf HTTP/1.1" 206 128056 "http://fbarth.net.br/materiais/docs/aula07.pdf" "Mozilla/5.0 (Windows NT 6.1; WOW64) AppleWebKit/537.36 (KHTML, like Gecko) Chrome/28.0.1500.95 Safari/537.36"
177.102.141.40 - - [13/Aug/2013:17:42:04 +0000] "GET /favicon.ico HTTP/1.1" 404 926 "-" "Mozilla/5.0 (Windows NT 6.1; WOW64) AppleWebKit/537.36 (KHTML, like Gecko) Chrome/28.0.1500.95 Safari/537.36"
177.102.141.40 - - [13/Aug/2013:17:42:04 +0000] "GET /materiais/docs/aula06.pdf HTTP/1.1" 206 32768 "http://fbarth.net.br/materiais/docs/aula06.pdf" "Mozilla/5.0 (Windows NT 6.1; WOW64) AppleWebKit/537.36 (KHTML, like Gecko) Chrome/28.0.1500.95 Safari/537.36"
177.102.141.40 - - [13/Aug/2013:17:42:04 +0000] "GET /materiais/docs/aula06.pdf HTTP/1.1" 200 187468 "http://fbarth.net.br/materiais/webMiningR.html" "Mozilla/5.0 (Windows NT 6.1; WOW64) AppleWebKit/537.36 (KHTML, like Gecko) Chrome/28.0.1500.95 Safari/537.36"
177.102.141.40 - - [13/Aug/2013:17:42:04 +0000] "GET /favicon.ico HTTP/1.1" 404 926 "-" "Mozilla/5.0 (Windows NT 6.1; WOW64) AppleWebKit/537.36 (KHTML, like Gecko) Chrome/28.0.1500.95 Safari/537.36"
177.102.141.40 - - [13/Aug/2013:17:42:05 +0000] "GET /materiais/docs/aula06.pdf HTTP/1.1" 206 275074 "http://fbarth.net.br/materiais/docs/aula06.pdf" "Mozilla/5.0 (Windows NT 6.1; WOW64) AppleWebKit/537.36 (KHTML, like Gecko) Chrome/28.0.1500.95 Safari/537.36"
177.102.141.40 - - [13/Aug/2013:17:42:05 +0000] "GET /materiais/docs/aula05.pdf HTTP/1.1" 200 223768 "http://fbarth.net.br/materiais/webMiningR.html" "Mozilla/5.0 (Windows NT 6.1; WOW64) AppleWebKit/537.36 (KHTML, like Gecko) Chrome/28.0.1500.95 Safari/537.36"
177.102.141.40 - - [13/Aug/2013:17:42:05 +0000] "GET /materiais/docs/aula05.pdf HTTP/1.1" 206 32768 "http://fbarth.net.br/materiais/docs/aula05.pdf" "Mozilla/5.0 (Windows NT 6.1; WOW64) AppleWebKit/537.36 (KHTML, like Gecko) Chrome/28.0.1500.95 Safari/537.36"
177.102.141.40 - - [13/Aug/2013:17:42:05 +0000] "GET /favicon.ico HTTP/1.1" 404 926 "-" "Mozilla/5.0 (Windows NT 6.1; WOW64) AppleWebKit/537.36 (KHTML, like Gecko) Chrome/28.0.1500.95 Safari/537.36"
177.102.141.40 - - [13/Aug/2013:17:42:06 +0000] "GET /favicon.ico HTTP/1.1" 404 926 "-" "Mozilla/5.0 (Windows NT 6.1; WOW64) AppleWebKit/537.36 (KHTML, like Gecko) Chrome/28.0.1500.95 Safari/537.36"
177.102.141.40 - - [13/Aug/2013:17:42:06 +0000] "GET /materiais/docs/aula05.pdf HTTP/1.1" 206 402459 "http://fbarth.net.br/materiais/docs/aula05.pdf" "Mozilla/5.0 (Windows NT 6.1; WOW64) AppleWebKit/537.36 (KHTML, like Gecko) Chrome/28.0.1500.95 Safari/537.36"
177.102.141.40 - - [13/Aug/2013:17:42:07 +0000] "GET /materiais/docs/aula04.pdf HTTP/1.1" 200 373324 "http://fbarth.net.br/materiais/webMiningR.html" "Mozilla/5.0 (Windows NT 6.1; WOW64) AppleWebKit/537.36 (KHTML, like Gecko) Chrome/28.0.1500.95 Safari/537.36"
177.102.141.40 - - [13/Aug/2013:17:42:07 +0000] "GET /favicon.ico HTTP/1.1" 404 926 "-" "Mozilla/5.0 (Windows NT 6.1; WOW64) AppleWebKit/537.36 (KHTML, like Gecko) Chrome/28.0.1500.95 Safari/537.36"
177.102.141.40 - - [13/Aug/2013:17:42:07 +0000] "GET /materiais/docs/aula04.pdf HTTP/1.1" 206 32768 "http://fbarth.net.br/materiais/docs/aula04.pdf" "Mozilla/5.0 (Windows NT 6.1; WOW64) AppleWebKit/537.36 (KHTML, like Gecko) Chrome/28.0.1500.95 Safari/537.36"
177.102.141.40 - - [13/Aug/2013:17:42:07 +0000] "GET /favicon.ico HTTP/1.1" 404 926 "-" "Mozilla/5.0 (Windows NT 6.1; WOW64) AppleWebKit/537.36 (KHTML, like Gecko) Chrome/28.0.1500.95 Safari/537.36"
177.102.141.40 - - [13/Aug/2013:17:42:07 +0000] "GET /materiais/docs/aula04.pdf HTTP/1.1" 206 388761 "http://fbarth.net.br/materiais/docs/aula04.pdf" "Mozilla/5.0 (Windows NT 6.1; WOW64) AppleWebKit/537.36 (KHTML, like Gecko) Chrome/28.0.1500.95 Safari/537.36"
177.102.141.40 - - [13/Aug/2013:17:42:08 +0000] "GET /favicon.ico HTTP/1.1" 404 926 "-" "Mozilla/5.0 (Windows NT 6.1; WOW64) AppleWebKit/537.36 (KHTML, like Gecko) Chrome/28.0.1500.95 Safari/537.36"
177.102.141.40 - - [13/Aug/2013:17:42:08 +0000] "GET /materiais/docs/aula03.pdf HTTP/1.1" 206 32768 "http://fbarth.net.br/materiais/docs/aula03.pdf" "Mozilla/5.0 (Windows NT 6.1; WOW64) AppleWebKit/537.36 (KHTML, like Gecko) Chrome/28.0.1500.95 Safari/537.36"
177.102.141.40 - - [13/Aug/2013:17:42:09 +0000] "GET /materiais/docs/aula03.pdf HTTP/1.1" 200 279711 "http://fbarth.net.br/materiais/webMiningR.html" "Mozilla/5.0 (Windows NT 6.1; WOW64) AppleWebKit/537.36 (KHTML, like Gecko) Chrome/28.0.1500.95 Safari/537.36"
177.102.141.40 - - [13/Aug/2013:17:42:09 +0000] "GET /favicon.ico HTTP/1.1" 404 926 "-" "Mozilla/5.0 (Windows NT 6.1; WOW64) AppleWebKit/537.36 (KHTML, like Gecko) Chrome/28.0.1500.95 Safari/537.36"
177.102.141.40 - - [13/Aug/2013:17:42:09 +0000] "GET /materiais/docs/aula02.pdf HTTP/1.1" 206 32768 "http://fbarth.net.br/materiais/docs/aula02.pdf" "Mozilla/5.0 (Windows NT 6.1; WOW64) AppleWebKit/537.36 (KHTML, like Gecko) Chrome/28.0.1500.95 Safari/537.36"
177.102.141.40 - - [13/Aug/2013:17:42:10 +0000] "GET /materiais/docs/aula02.pdf HTTP/1.1" 200 636546 "http://fbarth.net.br/materiais/webMiningR.html" "Mozilla/5.0 (Windows NT 6.1; WOW64) AppleWebKit/537.36 (KHTML, like Gecko) Chrome/28.0.1500.95 Safari/537.36"
177.102.141.40 - - [13/Aug/2013:17:42:10 +0000] "GET /materiais/docs/aula03.pdf HTTP/1.1" 206 246943 "http://fbarth.net.br/materiais/docs/aula03.pdf" "Mozilla/5.0 (Windows NT 6.1; WOW64) AppleWebKit/537.36 (KHTML, like Gecko) Chrome/28.0.1500.95 Safari/537.36"
177.102.141.40 - - [13/Aug/2013:17:42:10 +0000] "GET /favicon.ico HTTP/1.1" 404 926 "-" "Mozilla/5.0 (Windows NT 6.1; WOW64) AppleWebKit/537.36 (KHTML, like Gecko) Chrome/28.0.1500.95 Safari/537.36"
177.102.141.40 - - [13/Aug/2013:17:42:10 +0000] "GET /favicon.ico HTTP/1.1" 404 926 "-" "Mozilla/5.0 (Windows NT 6.1; WOW64) AppleWebKit/537.36 (KHTML, like Gecko) Chrome/28.0.1500.95 Safari/537.36"
177.102.141.40 - - [13/Aug/2013:17:42:10 +0000] "GET /materiais/docs/aula01.pdf HTTP/1.1" 200 65718 "http://fbarth.net.br/materiais/webMiningR.html" "Mozilla/5.0 (Windows NT 6.1; WOW64) AppleWebKit/537.36 (KHTML, like Gecko) Chrome/28.0.1500.95 Safari/537.36"
177.102.141.40 - - [13/Aug/2013:17:42:11 +0000] "GET /favicon.ico HTTP/1.1" 404 926 "-" "Mozilla/5.0 (Windows NT 6.1; WOW64) AppleWebKit/537.36 (KHTML, like Gecko) Chrome/28.0.1500.95 Safari/537.36"
177.102.141.40 - - [13/Aug/2013:17:42:11 +0000] "GET /favicon.ico HTTP/1.1" 404 926 "-" "Mozilla/5.0 (Windows NT 6.1; WOW64) AppleWebKit/537.36 (KHTML, like Gecko) Chrome/28.0.1500.95 Safari/537.36"
177.102.141.40 - - [13/Aug/2013:17:42:12 +0000] "GET /materiais/docs/aula02.pdf HTTP/1.1" 206 1179631 "http://fbarth.net.br/materiais/docs/aula02.pdf" "Mozilla/5.0 (Windows NT 6.1; WOW64) AppleWebKit/537.36 (KHTML, like Gecko) Chrome/28.0.1500.95 Safari/537.36"
177.102.141.40 - - [13/Aug/2013:17:42:12 +0000] "GET /favicon.ico HTTP/1.1" 404 926 "-" "Mozilla/5.0 (Windows NT 6.1; WOW64) AppleWebKit/537.36 (KHTML, like Gecko) Chrome/28.0.1500.95 Safari/537.36"
177.102.141.40 - - [13/Aug/2013:17:44:10 +0000] "GET /materiais/docs/2012_hsm_ti_bigdata_recrutamento.pdf HTTP/1.1" 206 32768 "http://fbarth.net.br/materiais/docs/2012_hsm_ti_bigdata_recrutamento.pdf" "Mozilla/5.0 (Windows NT 6.1; WOW64) AppleWebKit/537.36 (KHTML, like Gecko) Chrome/28.0.1500.95 Safari/537.36"
177.102.141.40 - - [13/Aug/2013:17:44:10 +0000] "GET /materiais/docs/2012_hsm_ti_bigdata_recrutamento.pdf HTTP/1.1" 200 417917 "http://fbarth.net.br/materiais/palestras.html" "Mozilla/5.0 (Windows NT 6.1; WOW64) AppleWebKit/537.36 (KHTML, like Gecko) Chrome/28.0.1500.95 Safari/537.36"
177.102.141.40 - - [13/Aug/2013:17:44:11 +0000] "GET /favicon.ico HTTP/1.1" 404 926 "-" "Mozilla/5.0 (Windows NT 6.1; WOW64) AppleWebKit/537.36 (KHTML, like Gecko) Chrome/28.0.1500.95 Safari/537.36"
177.102.141.40 - - [13/Aug/2013:17:44:22 +0000] "GET /materiais/docs/2012_hsm_ti_bigdata_recrutamento.pdf HTTP/1.1" 206 16451604 "http://fbarth.net.br/materiais/docs/2012_hsm_ti_bigdata_recrutamento.pdf" "Mozilla/5.0 (Windows NT 6.1; WOW64) AppleWebKit/537.36 (KHTML, like Gecko) Chrome/28.0.1500.95 Safari/537.36"
177.102.141.40 - - [13/Aug/2013:17:44:23 +0000] "GET /favicon.ico HTTP/1.1" 404 926 "-" "Mozilla/5.0 (Windows NT 6.1; WOW64) AppleWebKit/537.36 (KHTML, like Gecko) Chrome/28.0.1500.95 Safari/537.36"
66.249.73.206 - - [13/Aug/2013:18:03:49 +0000] "GET /docs/bar2005b.pdf HTTP/1.1" 304 0 "-" "Mozilla/5.0 (compatible; Googlebot/2.1; +http://www.google.com/bot.html)"
173.199.115.11 - - [13/Aug/2013:18:13:51 +0000] "GET /materiais/identificacaoEspecialistas/index.html HTTP/1.1" 200 1618 "-" "Mozilla/5.0 (compatible; AhrefsBot/4.0; +http://ahrefs.com/robot/)"
46.229.164.102 - - [13/Aug/2013:18:38:33 +0000] "GET /projetos/riInteligente.html HTTP/1.1" 200 5640 "-" "Mozilla/5.0 (compatible; SemrushBot/0.96.4; +http://www.semrush.com/bot.html)"
189.38.236.12 - - [13/Aug/2013:19:34:32 +0000] "GET / HTTP/1.1" 200 1811 "http://www.google.com.br/url?sa=t&rct=j&q=fbarth&source=web&cd=1&ved=0CDAQFjAA&url=http%3A%2F%2Ffbarth.net.br%2F&ei=Q4oKUt_LM4Xa8wSG9oDYCQ&usg=AFQjCNGahqy2ST2Di8ETeZ-X0WvbmzwVHQ&bvm=bv.50500085,d.eWU" "Mozilla/5.0 (X11; Ubuntu; Linux x86_64; rv:11.0) Gecko/20100101 Firefox/11.0"
189.38.236.12 - - [13/Aug/2013:19:34:33 +0000] "GET /img/foto.jpg HTTP/1.1" 200 14854 "http://fbarth.net.br/" "Mozilla/5.0 (X11; Ubuntu; Linux x86_64; rv:11.0) Gecko/20100101 Firefox/11.0"
189.38.236.12 - - [13/Aug/2013:19:34:34 +0000] "GET /default.css HTTP/1.1" 200 1427 "http://fbarth.net.br/" "Mozilla/5.0 (X11; Ubuntu; Linux x86_64; rv:11.0) Gecko/20100101 Firefox/11.0"
189.38.236.12 - - [13/Aug/2013:19:34:34 +0000] "GET /img/body.jpg HTTP/1.1" 200 13570 "http://fbarth.net.br/default.css" "Mozilla/5.0 (X11; Ubuntu; Linux x86_64; rv:11.0) Gecko/20100101 Firefox/11.0"
189.38.236.12 - - [13/Aug/2013:19:34:34 +0000] "GET /img/container.jpg HTTP/1.1" 200 2343 "http://fbarth.net.br/default.css" "Mozilla/5.0 (X11; Ubuntu; Linux x86_64; rv:11.0) Gecko/20100101 Firefox/11.0"
189.38.236.12 - - [13/Aug/2013:19:34:34 +0000] "GET /img/header.jpg HTTP/1.1" 200 11112 "http://fbarth.net.br/default.css" "Mozilla/5.0 (X11; Ubuntu; Linux x86_64; rv:11.0) Gecko/20100101 Firefox/11.0"
189.38.236.12 - - [13/Aug/2013:19:34:34 +0000] "GET /img/main.gif HTTP/1.1" 200 148 "http://fbarth.net.br/default.css" "Mozilla/5.0 (X11; Ubuntu; Linux x86_64; rv:11.0) Gecko/20100101 Firefox/11.0"
189.38.236.12 - - [13/Aug/2013:19:34:35 +0000] "GET /favicon.ico HTTP/1.1" 404 926 "-" "Mozilla/5.0 (X11; Ubuntu; Linux x86_64; rv:11.0) Gecko/20100101 Firefox/11.0"
189.38.236.12 - - [13/Aug/2013:19:34:35 +0000] "GET /favicon.ico HTTP/1.1" 404 926 "-" "Mozilla/5.0 (X11; Ubuntu; Linux x86_64; rv:11.0) Gecko/20100101 Firefox/11.0"
189.38.236.12 - - [13/Aug/2013:19:34:44 +0000] "GET /materiais.html HTTP/1.1" 200 1249 "http://fbarth.net.br/" "Mozilla/5.0 (X11; Ubuntu; Linux x86_64; rv:11.0) Gecko/20100101 Firefox/11.0"
189.38.236.12 - - [13/Aug/2013:19:34:45 +0000] "GET /img/li.gif HTTP/1.1" 200 199 "http://fbarth.net.br/default.css" "Mozilla/5.0 (X11; Ubuntu; Linux x86_64; rv:11.0) Gecko/20100101 Firefox/11.0"
189.38.236.12 - - [13/Aug/2013:19:34:47 +0000] "GET /materiais/disciplinas.html HTTP/1.1" 200 1116 "http://fbarth.net.br/materiais.html" "Mozilla/5.0 (X11; Ubuntu; Linux x86_64; rv:11.0) Gecko/20100101 Firefox/11.0"
189.38.236.12 - - [13/Aug/2013:19:34:49 +0000] "GET /materiais/estrutura-dados.html HTTP/1.1" 200 1329 "http://fbarth.net.br/materiais/disciplinas.html" "Mozilla/5.0 (X11; Ubuntu; Linux x86_64; rv:11.0) Gecko/20100101 Firefox/11.0"
189.38.236.12 - - [13/Aug/2013:19:34:52 +0000] "GET /materiais/docs/estruturas/aListaEncadeada.pdf HTTP/1.1" 200 285026 "http://fbarth.net.br/materiais/estrutura-dados.html" "Mozilla/5.0 (X11; Ubuntu; Linux x86_64; rv:11.0) Gecko/20100101 Firefox/11.0"
187.106.151.16 - - [13/Aug/2013:19:48:56 +0000] "GET /materiais/docs/estruturas/aOrdenacao.pdf HTTP/1.1" 200 99024 "http://www.google.com.br/url?sa=t&rct=j&q=material+algoritmo+e+estrutura+de+dados&source=web&cd=24&cad=rja&ved=0CEAQFjADOBQ&url=http%3A%2F%2Ffbarth.net.br%2Fmateriais%2Fdocs%2Festruturas%2FaOrdenacao.pdf&ei=n40KUsrHJpSr2AXKhoHoDw&usg=AFQjCNG2mkkVPEI5RUvzZY-ln-yzX0E-3Q" "Mozilla/5.0 (Windows NT 6.1; WOW64) AppleWebKit/537.36 (KHTML, like Gecko) Chrome/28.0.1500.95 Safari/537.36"
187.106.151.16 - - [13/Aug/2013:19:48:56 +0000] "GET /materiais/docs/estruturas/aOrdenacao.pdf HTTP/1.1" 206 32768 "http://fbarth.net.br/materiais/docs/estruturas/aOrdenacao.pdf" "Mozilla/5.0 (Windows NT 6.1; WOW64) AppleWebKit/537.36 (KHTML, like Gecko) Chrome/28.0.1500.95 Safari/537.36"
187.106.151.16 - - [13/Aug/2013:19:48:56 +0000] "GET /favicon.ico HTTP/1.1" 404 926 "-" "Mozilla/5.0 (Windows NT 6.1; WOW64) AppleWebKit/537.36 (KHTML, like Gecko) Chrome/28.0.1500.95 Safari/537.36"
187.106.151.16 - - [13/Aug/2013:19:48:57 +0000] "GET /materiais/docs/estruturas/aOrdenacao.pdf HTTP/1.1" 206 209140 "http://fbarth.net.br/materiais/docs/estruturas/aOrdenacao.pdf" "Mozilla/5.0 (Windows NT 6.1; WOW64) AppleWebKit/537.36 (KHTML, like Gecko) Chrome/28.0.1500.95 Safari/537.36"
187.106.151.16 - - [13/Aug/2013:19:48:58 +0000] "GET /favicon.ico HTTP/1.1" 404 926 "-" "Mozilla/5.0 (Windows NT 6.1; WOW64) AppleWebKit/537.36 (KHTML, like Gecko) Chrome/28.0.1500.95 Safari/537.36"
66.249.73.206 - - [13/Aug/2013:20:12:52 +0000] "GET /publicacoes.html HTTP/1.1" 200 7717 "-" "Googlebot/2.1 (+http://www.google.com/bot.html)"
177.96.58.85 - - [13/Aug/2013:20:47:39 +0000] "GET /projetos/dissertacao.pdf HTTP/1.1" 200 97026 "https://www.google.com.br/" "Mozilla/5.0 (Windows NT 6.1; WOW64) AppleWebKit/537.36 (KHTML, like Gecko) Chrome/28.0.1500.95 Safari/537.36"
177.96.58.85 - - [13/Aug/2013:20:47:39 +0000] "GET /projetos/dissertacao.pdf HTTP/1.1" 206 32768 "http://fbarth.net.br/projetos/dissertacao.pdf" "Mozilla/5.0 (Windows NT 6.1; WOW64) AppleWebKit/537.36 (KHTML, like Gecko) Chrome/28.0.1500.95 Safari/537.36"
177.96.58.85 - - [13/Aug/2013:20:47:39 +0000] "GET /favicon.ico HTTP/1.1" 404 926 "-" "Mozilla/5.0 (Windows NT 6.1; WOW64) AppleWebKit/537.36 (KHTML, like Gecko) Chrome/28.0.1500.95 Safari/537.36"
177.96.58.85 - - [13/Aug/2013:20:47:41 +0000] "GET /projetos/dissertacao.pdf HTTP/1.1" 206 1667870 "http://fbarth.net.br/projetos/dissertacao.pdf" "Mozilla/5.0 (Windows NT 6.1; WOW64) AppleWebKit/537.36 (KHTML, like Gecko) Chrome/28.0.1500.95 Safari/537.36"
177.96.58.85 - - [13/Aug/2013:20:47:41 +0000] "GET /favicon.ico HTTP/1.1" 404 926 "-" "Mozilla/5.0 (Windows NT 6.1; WOW64) AppleWebKit/537.36 (KHTML, like Gecko) Chrome/28.0.1500.95 Safari/537.36"
46.37.166.22 - - [13/Aug/2013:22:37:14 +0000] "GET / HTTP/1.1" 200 1811 "-" "Mozilla/5.0 (compatible; Googlebot/2.1; +http://www.google.com/bot.html)"
5.10.83.16 - - [13/Aug/2013:22:42:45 +0000] "GET /materiais/?C=D;O=A HTTP/1.1" 200 814 "-" "Mozilla/5.0 (compatible; AhrefsBot/5.0; +http://ahrefs.com/robot/)"
5.10.83.16 - - [13/Aug/2013:23:12:10 +0000] "GET /materiais/docs/am/?C=D;O=D HTTP/1.1" 200 623 "-" "Mozilla/5.0 (compatible; AhrefsBot/5.0; +http://ahrefs.com/robot/)"
66.249.73.206 - - [13/Aug/2013:23:17:32 +0000] "GET /materiais/docs/am/analiseDescritiva_v3.pdf HTTP/1.1" 200 344869 "-" "SAMSUNG-SGH-E250/1.0 Profile/MIDP-2.0 Configuration/CLDC-1.1 UP.Browser/6.2.3.3.c.1.101 (GUI) MMP/2.0 (compatible; Googlebot-Mobile/2.1; +http://www.google.com/bot.html)"
5.10.83.16 - - [13/Aug/2013:23:18:05 +0000] "GET /materiais/docs/am/?C=M;O=D HTTP/1.1" 200 622 "-" "Mozilla/5.0 (compatible; AhrefsBot/5.0; +http://ahrefs.com/robot/)"
201.88.230.164 - - [13/Aug/2013:23:24:08 +0000] "GET /materiais/docs/estruturas/aArvores.pdf HTTP/1.1" 206 32768 "http://fbarth.net.br/materiais/docs/estruturas/aArvores.pdf" "Mozilla/5.0 (Windows NT 6.1) AppleWebKit/537.36 (KHTML, like Gecko) Chrome/28.0.1500.95 Safari/537.36"
201.88.230.164 - - [13/Aug/2013:23:24:08 +0000] "GET /materiais/docs/estruturas/aArvores.pdf HTTP/1.1" 200 248942 "https://www.google.com.br/" "Mozilla/5.0 (Windows NT 6.1) AppleWebKit/537.36 (KHTML, like Gecko) Chrome/28.0.1500.95 Safari/537.36"
201.88.230.164 - - [13/Aug/2013:23:24:09 +0000] "GET /favicon.ico HTTP/1.1" 404 926 "-" "Mozilla/5.0 (Windows NT 6.1) AppleWebKit/537.36 (KHTML, like Gecko) Chrome/28.0.1500.95 Safari/537.36"
201.88.230.164 - - [13/Aug/2013:23:24:33 +0000] "GET /materiais/docs/estruturas/aArvores.pdf HTTP/1.1" 206 5599494 "http://fbarth.net.br/materiais/docs/estruturas/aArvores.pdf" "Mozilla/5.0 (Windows NT 6.1) AppleWebKit/537.36 (KHTML, like Gecko) Chrome/28.0.1500.95 Safari/537.36"
201.88.230.164 - - [13/Aug/2013:23:24:35 +0000] "GET /favicon.ico HTTP/1.1" 404 926 "-" "Mozilla/5.0 (Windows NT 6.1) AppleWebKit/537.36 (KHTML, like Gecko) Chrome/28.0.1500.95 Safari/537.36"
5.10.83.16 - - [13/Aug/2013:23:38:44 +0000] "GET /materiais/docs/estruturas/?C=S;O=D HTTP/1.1" 200 583 "-" "Mozilla/5.0 (compatible; AhrefsBot/5.0; +http://ahrefs.com/robot/)"
66.249.73.206 - - [13/Aug/2013:23:39:45 +0000] "GET /projetos/mestrado.html HTTP/1.1" 200 3261 "-" "DoCoMo/2.0 N905i(c100;TB;W24H16) (compatible; Googlebot-Mobile/2.1; +http://www.google.com/bot.html)"
5.10.83.16 - - [13/Aug/2013:23:46:20 +0000] "GET /materiais/docs/estruturas/?C=D;O=D HTTP/1.1" 200 591 "-" "Mozilla/5.0 (compatible; AhrefsBot/5.0; +http://ahrefs.com/robot/)"
5.10.83.16 - - [13/Aug/2013:23:46:22 +0000] "GET /materiais/docs/am/?C=N;O=A HTTP/1.1" 200 616 "-" "Mozilla/5.0 (compatible; AhrefsBot/5.0; +http://ahrefs.com/robot/)"
189.83.158.44 - - [14/Aug/2013:00:12:08 +0000] "GET /materiais/docs/aDataTextMining.pdf HTTP/1.1" 200 45944 "https://www.google.com.br/" "Mozilla/5.0 (Windows NT 6.1; WOW64) AppleWebKit/537.36 (KHTML, like Gecko) Chrome/28.0.1500.95 Safari/537.36"
189.83.158.44 - - [14/Aug/2013:00:12:09 +0000] "GET /materiais/docs/aDataTextMining.pdf HTTP/1.1" 206 32768 "http://fbarth.net.br/materiais/docs/aDataTextMining.pdf" "Mozilla/5.0 (Windows NT 6.1; WOW64) AppleWebKit/537.36 (KHTML, like Gecko) Chrome/28.0.1500.95 Safari/537.36"
189.83.158.44 - - [14/Aug/2013:00:12:16 +0000] "GET /favicon.ico HTTP/1.1" 404 926 "-" "Mozilla/5.0 (Windows NT 6.1; WOW64) AppleWebKit/537.36 (KHTML, like Gecko) Chrome/28.0.1500.95 Safari/537.36"
189.83.158.44 - - [14/Aug/2013:00:13:57 +0000] "GET /materiais/docs/aDataTextMining.pdf HTTP/1.1" 206 928448 "http://fbarth.net.br/materiais/docs/aDataTextMining.pdf" "Mozilla/5.0 (Windows NT 6.1; WOW64) AppleWebKit/537.36 (KHTML, like Gecko) Chrome/28.0.1500.95 Safari/537.36"
189.83.158.44 - - [14/Aug/2013:00:14:03 +0000] "GET /favicon.ico HTTP/1.1" 404 926 "-" "Mozilla/5.0 (Windows NT 6.1; WOW64) AppleWebKit/537.36 (KHTML, like Gecko) Chrome/28.0.1500.95 Safari/537.36"
177.1.78.8 - - [14/Aug/2013:00:29:05 +0000] "GET /materiais/docs/ia/busca_versaoFabricio.pdf HTTP/1.1" 200 291633 "http://www.google.com.br/url?sa=t&rct=j&q=busca%20no%20espa%C3%A7o%20de%20estado%20&source=web&cd=2&ved=0CDIQFjAB&url=http%3A%2F%2Ffbarth.net.br%2Fmateriais%2Fdocs%2Fia%2Fbusca_versaoFabricio.pdf&ei=7M4KUtSBK--n4AO3r4DwDw&usg=AFQjCNHAK4ZRmf0dE9bRPBf7Pw-J4bN7Tw&bvm=bv.50723672,d.dmg" "Mozilla/5.0 (X11; Ubuntu; Linux i686; rv:16.0) Gecko/20100101 Firefox/16.0"
187.74.254.209 - - [14/Aug/2013:00:42:52 +0000] "GET /materiais/docs/aMineracaoInformacoesSeminco2012.pdf HTTP/1.1" 200 2036933 "http://scholar.google.com.br/scholar?q=big+data+e+patentes&hl=pt-BR&as_sdt=0%2C5" "Mozilla/4.0 (compatible; MSIE 8.0; Windows NT 5.1; Trident/4.0; GTB7.5; EasyBits GO v1.0; .NET CLR 2.0.50727; .NET CLR 3.0.4506.2152; .NET CLR 3.5.30729; AskTbMP3R7/5.13.1.18107)"
5.10.83.16 - - [14/Aug/2013:00:43:33 +0000] "GET /materiais/docs/ia/?C=M;O=A HTTP/1.1" 200 576 "-" "Mozilla/5.0 (compatible; AhrefsBot/5.0; +http://ahrefs.com/robot/)"
201.75.218.101 - - [14/Aug/2013:00:54:55 +0000] "GET /materiais/docs/ia/busca_versaoFabricio.pdf HTTP/1.1" 200 228964 "https://www.google.com.br/" "Mozilla/5.0 (Windows NT 6.1; WOW64) AppleWebKit/537.36 (KHTML, like Gecko) Chrome/28.0.1500.95 Safari/537.36"
201.75.218.101 - - [14/Aug/2013:00:54:55 +0000] "GET /materiais/docs/ia/busca_versaoFabricio.pdf HTTP/1.1" 206 32768 "http://fbarth.net.br/materiais/docs/ia/busca_versaoFabricio.pdf" "Mozilla/5.0 (Windows NT 6.1; WOW64) AppleWebKit/537.36 (KHTML, like Gecko) Chrome/28.0.1500.95 Safari/537.36"
201.75.218.101 - - [14/Aug/2013:00:54:56 +0000] "GET /favicon.ico HTTP/1.1" 404 926 "-" "Mozilla/5.0 (Windows NT 6.1; WOW64) AppleWebKit/537.36 (KHTML, like Gecko) Chrome/28.0.1500.95 Safari/537.36"
201.75.218.101 - - [14/Aug/2013:00:55:00 +0000] "GET /materiais/docs/ia/busca_versaoFabricio.pdf HTTP/1.1" 206 258865 "http://fbarth.net.br/materiais/docs/ia/busca_versaoFabricio.pdf" "Mozilla/5.0 (Windows NT 6.1; WOW64) AppleWebKit/537.36 (KHTML, like Gecko) Chrome/28.0.1500.95 Safari/537.36"
201.75.218.101 - - [14/Aug/2013:00:55:01 +0000] "GET /favicon.ico HTTP/1.1" 404 926 "-" "Mozilla/5.0 (Windows NT 6.1; WOW64) AppleWebKit/537.36 (KHTML, like Gecko) Chrome/28.0.1500.95 Safari/537.36"
189.89.245.1 - - [14/Aug/2013:01:06:19 +0000] "GET /materiais/docs/ia/buscaCompetitiva.pdf HTTP/1.0" 200 230866 "http://www.google.com.br/url?sa=t&rct=j&q=jogo%20de%20tabuleiro%20pdf&source=web&cd=9&ved=0CGUQFjAI&url=http%3A%2F%2Ffbarth.net.br%2Fmateriais%2Fdocs%2Fia%2FbuscaCompetitiva.pdf&ei=8dUKUpCSGrPe4AOksYHgAw&usg=AFQjCNFCIMvZbeT7T5ePeSyHMWrgIuLmmQ" "Mozilla/5.0 (Windows NT 5.1; rv:22.0) Gecko/20100101 Firefox/22.0"
189.89.245.1 - - [14/Aug/2013:01:06:20 +0000] "GET /favicon.ico HTTP/1.0" 404 1920 "-" "Mozilla/5.0 (Windows NT 5.1; rv:22.0) Gecko/20100101 Firefox/22.0"
5.10.83.16 - - [14/Aug/2013:01:16:02 +0000] "GET /materiais/?C=S;O=A HTTP/1.1" 200 791 "-" "Mozilla/5.0 (compatible; AhrefsBot/5.0; +http://ahrefs.com/robot/)"
5.10.83.16 - - [14/Aug/2013:01:24:16 +0000] "GET /materiais/webMining/ HTTP/1.1" 200 1612 "-" "Mozilla/5.0 (compatible; AhrefsBot/5.0; +http://ahrefs.com/robot/)"
217.69.133.218 - - [14/Aug/2013:01:41:22 +0000] "GET /docs/bar2012.pdf HTTP/1.0" 200 95863 "-" "Mozilla/5.0 (compatible; Linux x86_64; Mail.RU_Bot/2.0; +http://go.mail.ru/help/robots)"
5.10.83.16 - - [14/Aug/2013:01:49:22 +0000] "GET /materiais/identificacaoEspecialistas/ HTTP/1.1" 200 1618 "-" "Mozilla/5.0 (compatible; AhrefsBot/5.0; +http://ahrefs.com/robot/)"
157.55.33.77 - - [14/Aug/2013:01:49:45 +0000] "GET /robots.txt HTTP/1.1" 200 23 "-" "Mozilla/5.0 (compatible; bingbot/2.0; +http://www.bing.com/bingbot.htm)"
157.55.33.77 - - [14/Aug/2013:01:51:36 +0000] "GET / HTTP/1.1" 200 1811 "-" "Mozilla/5.0 (compatible; bingbot/2.0; +http://www.bing.com/bingbot.htm)"
66.249.73.206 - - [14/Aug/2013:01:53:43 +0000] "GET / HTTP/1.1" 200 1811 "-" "Mozilla/5.0 (iPhone; U; CPU iPhone OS 4_1 like Mac OS X; en-us) AppleWebKit/532.9 (KHTML, like Gecko) Version/4.0.5 Mobile/8B117 Safari/6531.22.7 (compatible; Googlebot-Mobile/2.1; +http://www.google.com/bot.html)"
5.10.83.16 - - [14/Aug/2013:02:18:24 +0000] "GET /materiais/?C=N;O=D HTTP/1.1" 200 811 "-" "Mozilla/5.0 (compatible; AhrefsBot/5.0; +http://ahrefs.com/robot/)"
5.10.83.16 - - [14/Aug/2013:02:35:43 +0000] "GET /materiais/docs/estruturas/?C=M;O=D HTTP/1.1" 200 591 "-" "Mozilla/5.0 (compatible; AhrefsBot/5.0; +http://ahrefs.com/robot/)"
5.10.83.16 - - [14/Aug/2013:02:46:32 +0000] "GET /materiais/docs/ia/?C=N;O=A HTTP/1.1" 200 577 "-" "Mozilla/5.0 (compatible; AhrefsBot/5.0; +http://ahrefs.com/robot/)"
66.249.73.206 - - [12/Aug/2013:03:12:04 +0000] "GET /materiais/docs/ia/buscaCompetitiva.pdf HTTP/1.1" 304 0 "-" "Mozilla/5.0 (iPhone; U; CPU iPhone OS 4_1 like Mac OS X; en-us) AppleWebKit/532.9 (KHTML, like Gecko) Version/4.0.5 Mobile/8B117 Safari/6531.22.7 (compatible; Googlebot-Mobile/2.1; +http://www.google.com/bot.html)"
187.65.144.80 - - [12/Aug/2013:03:35:58 +0000] "GET /materiais/docs/aDataTextMining.pdf HTTP/1.1" 200 961216 "http://scholar.google.com/scholar?as_ylo=2009&q=inteligencia+artificial+sistemas+colaborativos&hl=pt-BR&as_sdt=0,5&as_vis=1" "Mozilla/5.0 (Windows NT 6.2; WOW64; rv:22.0) Gecko/20100101 Firefox/22.0"
187.65.144.80 - - [12/Aug/2013:03:35:59 +0000] "GET /favicon.ico HTTP/1.1" 404 926 "-" "Mozilla/5.0 (Windows NT 6.2; WOW64; rv:22.0) Gecko/20100101 Firefox/22.0"
187.65.144.80 - - [12/Aug/2013:03:36:00 +0000] "GET /favicon.ico HTTP/1.1" 404 926 "-" "Mozilla/5.0 (Windows NT 6.2; WOW64; rv:22.0) Gecko/20100101 Firefox/22.0"
5.10.83.13 - - [12/Aug/2013:07:34:40 +0000] "GET /materiais/docs/ia/ HTTP/1.1" 200 577 "-" "Mozilla/5.0 (compatible; AhrefsBot/5.0; +http://ahrefs.com/robot/)"
5.10.83.13 - - [12/Aug/2013:07:59:26 +0000] "GET /materiais/docs/?C=M;O=A HTTP/1.1" 200 942 "-" "Mozilla/5.0 (compatible; AhrefsBot/5.0; +http://ahrefs.com/robot/)"
66.249.73.206 - - [12/Aug/2013:08:39:20 +0000] "GET /docs/bar2008.pdf HTTP/1.1" 304 0 "-" "DoCoMo/2.0 N905i(c100;TB;W24H16) (compatible; Googlebot-Mobile/2.1; +http://www.google.com/bot.html)"
5.10.83.13 - - [12/Aug/2013:08:42:05 +0000] "GET /materiais/docs/estruturas/ HTTP/1.1" 200 582 "-" "Mozilla/5.0 (compatible; AhrefsBot/5.0; +http://ahrefs.com/robot/)"
5.10.83.13 - - [12/Aug/2013:09:53:07 +0000] "GET /materiais/docs/?C=S;O=A HTTP/1.1" 200 932 "-" "Mozilla/5.0 (compatible; AhrefsBot/5.0; +http://ahrefs.com/robot/)"
100.43.83.157 - - [12/Aug/2013:10:18:32 +0000] "GET /robots.txt HTTP/1.1" 200 23 "-" "Mozilla/5.0 (compatible; YandexBot/3.0; +http://yandex.com/bots)"
5.10.83.13 - - [12/Aug/2013:11:07:50 +0000] "GET /materiais/docs/?C=N;O=D HTTP/1.1" 200 974 "-" "Mozilla/5.0 (compatible; AhrefsBot/5.0; +http://ahrefs.com/robot/)"
5.10.83.13 - - [12/Aug/2013:11:34:42 +0000] "GET /materiais/docs/am/ HTTP/1.1" 200 616 "-" "Mozilla/5.0 (compatible; AhrefsBot/5.0; +http://ahrefs.com/robot/)"
157.55.33.77 - - [12/Aug/2013:12:01:35 +0000] "GET /robots.txt HTTP/1.1" 200 23 "-" "Mozilla/5.0 (compatible; bingbot/2.0; +http://www.bing.com/bingbot.htm)"
157.55.33.77 - - [12/Aug/2013:12:05:01 +0000] "GET / HTTP/1.1" 200 1811 "-" "Mozilla/5.0 (compatible; bingbot/2.0; +http://www.bing.com/bingbot.htm)"
5.10.83.13 - - [12/Aug/2013:12:07:50 +0000] "GET /materiais/docs/?C=D;O=A HTTP/1.1" 200 950 "-" "Mozilla/5.0 (compatible; AhrefsBot/5.0; +http://ahrefs.com/robot/)"
5.10.83.13 - - [12/Aug/2013:12:13:31 +0000] "GET /materiais/ HTTP/1.1" 200 814 "-" "Mozilla/5.0 (compatible; AhrefsBot/5.0; +http://ahrefs.com/robot/)"
66.249.73.206 - - [12/Aug/2013:12:14:06 +0000] "GET /materiais/docs/aula01.pdf HTTP/1.1" 304 0 "-" "Mozilla/5.0 (compatible; Googlebot/2.1; +http://www.google.com/bot.html)"
200.131.52.1 - - [12/Aug/2013:12:20:53 +0000] "GET /index.html HTTP/1.0" 200 3990 "http://fbarth.net.br/materiais/codigos.html" "Mozilla/5.0 (Macintosh; Intel Mac OS X 10.8; rv:23.0) Gecko/20100101 Firefox/23.0"
200.131.52.1 - - [12/Aug/2013:12:20:53 +0000] "GET /default.css HTTP/1.0" 200 3614 "http://fbarth.net.br/index.html" "Mozilla/5.0 (Macintosh; Intel Mac OS X 10.8; rv:23.0) Gecko/20100101 Firefox/23.0"
200.131.52.1 - - [12/Aug/2013:12:20:54 +0000] "GET /img/foto.jpg HTTP/1.0" 304 0 "http://fbarth.net.br/index.html" "Mozilla/5.0 (Macintosh; Intel Mac OS X 10.8; rv:23.0) Gecko/20100101 Firefox/23.0"
200.131.52.1 - - [12/Aug/2013:12:20:54 +0000] "GET /img/container.jpg HTTP/1.0" 304 0 "http://fbarth.net.br/default.css" "Mozilla/5.0 (Macintosh; Intel Mac OS X 10.8; rv:23.0) Gecko/20100101 Firefox/23.0"
200.131.52.1 - - [12/Aug/2013:12:20:54 +0000] "GET /img/body.jpg HTTP/1.0" 304 0 "http://fbarth.net.br/default.css" "Mozilla/5.0 (Macintosh; Intel Mac OS X 10.8; rv:23.0) Gecko/20100101 Firefox/23.0"
200.131.52.1 - - [12/Aug/2013:12:20:54 +0000] "GET /img/header.jpg HTTP/1.0" 304 0 "http://fbarth.net.br/default.css" "Mozilla/5.0 (Macintosh; Intel Mac OS X 10.8; rv:23.0) Gecko/20100101 Firefox/23.0"
200.131.52.1 - - [12/Aug/2013:12:20:55 +0000] "GET /img/main.gif HTTP/1.0" 200 148 "http://fbarth.net.br/default.css" "Mozilla/5.0 (Macintosh; Intel Mac OS X 10.8; rv:23.0) Gecko/20100101 Firefox/23.0"
200.131.52.1 - - [12/Aug/2013:12:20:56 +0000] "GET /favicon.ico HTTP/1.0" 404 1920 "-" "Mozilla/5.0 (Macintosh; Intel Mac OS X 10.8; rv:23.0) Gecko/20100101 Firefox/23.0"
66.249.73.206 - - [12/Aug/2013:12:32:33 +0000] "GET / HTTP/1.1" 200 1811 "-" "Mozilla/5.0 (compatible; Googlebot/2.1; +http://www.google.com/bot.html)"
66.249.73.206 - - [12/Aug/2013:12:41:52 +0000] "GET /default.css HTTP/1.1" 200 1415 "-" "Mozilla/5.0 (compatible; Googlebot/2.1; +http://www.google.com/bot.html)"
180.76.5.67 - - [12/Aug/2013:12:44:14 +0000] "GET /default.css HTTP/1.1" 200 1415 "-" "Mozilla/5.0 (compatible; Baiduspider/2.0; +http://www.baidu.com/search/spider.html)"
180.76.5.136 - - [12/Aug/2013:12:44:15 +0000] "GET / HTTP/1.1" 200 1811 "-" "Mozilla/5.0 (compatible; Baiduspider/2.0; +http://www.baidu.com/search/spider.html)"
177.70.89.229 - - [12/Aug/2013:13:24:02 +0000] "GET /materiais/docs/soujava2008.pdf HTTP/1.1" 200 47262 "http://blog.fbarth.net.br/2010/05/26/rapidminer-uma-ferramenta-para-mineracao-de-textos-e-dados/" "Mozilla/5.0 (Windows NT 6.1) AppleWebKit/537.36 (KHTML, like Gecko) Chrome/28.0.1500.72 Safari/537.36"
177.70.89.229 - - [12/Aug/2013:13:24:02 +0000] "GET /materiais/docs/soujava2008.pdf HTTP/1.1" 206 32768 "http://fbarth.net.br/materiais/docs/soujava2008.pdf" "Mozilla/5.0 (Windows NT 6.1) AppleWebKit/537.36 (KHTML, like Gecko) Chrome/28.0.1500.72 Safari/537.36"
177.70.89.229 - - [12/Aug/2013:13:24:08 +0000] "GET /favicon.ico HTTP/1.1" 404 926 "-" "Mozilla/5.0 (Windows NT 6.1) AppleWebKit/537.36 (KHTML, like Gecko) Chrome/28.0.1500.72 Safari/537.36"
177.70.89.229 - - [12/Aug/2013:13:24:43 +0000] "GET /materiais/docs/soujava2008.pdf HTTP/1.1" 206 2243114 "http://fbarth.net.br/materiais/docs/soujava2008.pdf" "Mozilla/5.0 (Windows NT 6.1) AppleWebKit/537.36 (KHTML, like Gecko) Chrome/28.0.1500.72 Safari/537.36"
177.70.89.229 - - [12/Aug/2013:13:24:44 +0000] "GET /favicon.ico HTTP/1.1" 404 926 "-" "Mozilla/5.0 (Windows NT 6.1) AppleWebKit/537.36 (KHTML, like Gecko) Chrome/28.0.1500.72 Safari/537.36"
66.249.73.206 - - [12/Aug/2013:13:34:08 +0000] "GET /docs/bar2004.pdf HTTP/1.1" 200 133907 "-" "Mozilla/5.0 (compatible; Googlebot/2.1; +http://www.google.com/bot.html)"
69.58.178.57 - - [12/Aug/2013:14:15:23 +0000] "GET /robots.txt HTTP/1.1" 200 23 "-" "Mozilla/5.0 (X11; Ubuntu; Linux i686; rv:14.0; ips-agent) Gecko/20100101 Firefox/14.0.1"
69.58.178.57 - - [12/Aug/2013:14:15:25 +0000] "GET / HTTP/1.1" 200 3990 "-" "Mozilla/5.0 (X11; Ubuntu; Linux i686; rv:14.0; ips-agent) Gecko/20100101 Firefox/14.0.1"
69.58.178.57 - - [12/Aug/2013:14:15:29 +0000] "GET /index.html HTTP/1.1" 200 3990 "-" "Mozilla/5.0 (X11; Ubuntu; Linux i686; rv:14.0; ips-agent) Gecko/20100101 Firefox/14.0.1"
69.58.178.57 - - [12/Aug/2013:14:15:30 +0000] "GET /projetos.html HTTP/1.1" 200 3518 "-" "BlackBerry9000/4.6.0.167 Profile/MIDP-2.0 Configuration/CLDC-1.1 VendorID/102 ips-agent"
69.58.178.57 - - [12/Aug/2013:14:15:31 +0000] "GET /publicacoes.html HTTP/1.1" 200 19005 "-" "Mozilla/5.0 (X11; Ubuntu; Linux i686; rv:14.0; ips-agent) Gecko/20100101 Firefox/14.0.1"
69.58.178.57 - - [12/Aug/2013:14:15:32 +0000] "GET /materiais.html HTTP/1.1" 200 2736 "-" "Mozilla/5.0 (X11; Ubuntu; Linux i686; rv:14.0; ips-agent) Gecko/20100101 Firefox/14.0.1"
69.58.178.57 - - [12/Aug/2013:14:15:34 +0000] "GET /contatos.html HTTP/1.1" 200 3295 "-" "Mozilla/5.0 (X11; Ubuntu; Linux i686; rv:14.0; ips-agent) Gecko/20100101 Firefox/14.0.1"
100.43.83.157 - - [12/Aug/2013:14:16:16 +0000] "GET /materiais.html HTTP/1.1" 200 1249 "-" "Mozilla/5.0 (compatible; YandexBot/3.0; +http://yandex.com/bots)"
66.249.73.206 - - [12/Aug/2013:14:50:44 +0000] "GET /robots.txt HTTP/1.1" 200 65 "-" "Mozilla/5.0 (compatible; Googlebot/2.1; +http://www.google.com/bot.html)"
66.249.73.206 - - [12/Aug/2013:14:50:44 +0000] "GET / HTTP/1.1" 200 1811 "-" "Mozilla/5.0 (iPhone; U; CPU iPhone OS 4_1 like Mac OS X; en-us) AppleWebKit/532.9 (KHTML, like Gecko) Version/4.0.5 Mobile/8B117 Safari/6531.22.7 (compatible; Googlebot-Mobile/2.1; +http://www.google.com/bot.html)"
189.103.28.41 - - [12/Aug/2013:15:13:26 +0000] "GET /materiais/introducaoRecuperacaoInformacao/introducaoRecuperacaoInformacao.pdf HTTP/1.1" 200 84424 "https://www.google.com.br/" "Mozilla/5.0 (Windows NT 6.1; WOW64) AppleWebKit/537.36 (KHTML, like Gecko) Chrome/28.0.1500.95 Safari/537.36"
189.103.28.41 - - [12/Aug/2013:15:13:27 +0000] "GET /materiais/introducaoRecuperacaoInformacao/introducaoRecuperacaoInformacao.pdf HTTP/1.1" 200 163264 "https://www.google.com.br/" "Mozilla/5.0 (Windows NT 6.1; WOW64) AppleWebKit/537.36 (KHTML, like Gecko) Chrome/28.0.1500.95 Safari/537.36"
196.3.98.82 - - [12/Aug/2013:15:14:02 +0000] "GET /materiais/docs/ia/busca_versaoFabricio.pdf HTTP/1.1" 200 46464 "http://www.google.co.mz/search?hl=pt-PT&q=algoritmo+de+busca+cega+pdf&gbv=2&nfpr=&spell=1&sa=X&ei=d_sIUu7sHdDFtAbnmIHoBw&ved=0CBkQvwU" "Mozilla/4.0 (compatible; MSIE 7.0; Windows NT 6.0; SLCC1; .NET CLR 2.0.50727; .NET CLR 3.0.04506; .NET CLR 1.1.4322)"
196.3.98.82 - - [12/Aug/2013:15:14:03 +0000] "GET /materiais/docs/ia/busca_versaoFabricio.pdf HTTP/1.1" 206 128425 "http://www.google.co.mz/search?hl=pt-PT&q=algoritmo+de+busca+cega+pdf&gbv=2&nfpr=&spell=1&sa=X&ei=d_sIUu7sHdDFtAbnmIHoBw&ved=0CBkQvwU" "Mozilla/4.0 (compatible; MSIE 7.0; Windows NT 6.0; SLCC1; .NET CLR 2.0.50727; .NET CLR 3.0.04506; .NET CLR 1.1.4322)"
196.3.98.82 - - [12/Aug/2013:15:14:03 +0000] "GET /materiais/docs/ia/busca_versaoFabricio.pdf HTTP/1.1" 200 291633 "http://www.google.co.mz/search?hl=pt-PT&q=algoritmo+de+busca+cega+pdf&gbv=2&nfpr=&spell=1&sa=X&ei=d_sIUu7sHdDFtAbnmIHoBw&ved=0CBkQvwU" "Mozilla/4.0 (compatible; MSIE 7.0; Windows NT 6.0; SLCC1; .NET CLR 2.0.50727; .NET CLR 3.0.04506; .NET CLR 1.1.4322)"
196.3.98.82 - - [12/Aug/2013:15:14:03 +0000] "GET /materiais/docs/ia/busca_versaoFabricio.pdf HTTP/1.1" 206 47579 "http://www.google.co.mz/search?hl=pt-PT&q=algoritmo+de+busca+cega+pdf&gbv=2&nfpr=&spell=1&sa=X&ei=d_sIUu7sHdDFtAbnmIHoBw&ved=0CBkQvwU" "Mozilla/4.0 (compatible; MSIE 7.0; Windows NT 6.0; SLCC1; .NET CLR 2.0.50727; .NET CLR 3.0.04506; .NET CLR 1.1.4322)"
196.3.98.82 - - [12/Aug/2013:15:14:03 +0000] "GET /materiais/docs/ia/busca_versaoFabricio.pdf HTTP/1.1" 206 15186 "http://www.google.co.mz/search?hl=pt-PT&q=algoritmo+de+busca+cega+pdf&gbv=2&nfpr=&spell=1&sa=X&ei=d_sIUu7sHdDFtAbnmIHoBw&ved=0CBkQvwU" "Mozilla/4.0 (compatible; MSIE 7.0; Windows NT 6.0; SLCC1; .NET CLR 2.0.50727; .NET CLR 3.0.04506; .NET CLR 1.1.4322)"
189.103.28.41 - - [12/Aug/2013:15:14:24 +0000] "GET /materiais/introducaoRecuperacaoInformacao/introducaoRecuperacaoInformacao.pdf HTTP/1.1" 200 180972 "https://www.google.com.br/" "Mozilla/5.0 (Windows NT 6.1; WOW64) AppleWebKit/537.36 (KHTML, like Gecko) Chrome/28.0.1500.95 Safari/537.36"
189.103.28.41 - - [12/Aug/2013:15:14:24 +0000] "GET /materiais/introducaoRecuperacaoInformacao/introducaoRecuperacaoInformacao.pdf HTTP/1.1" 206 32768 "http://fbarth.net.br/materiais/introducaoRecuperacaoInformacao/introducaoRecuperacaoInformacao.pdf" "Mozilla/5.0 (Windows NT 6.1; WOW64) AppleWebKit/537.36 (KHTML, like Gecko) Chrome/28.0.1500.95 Safari/537.36"
189.103.28.41 - - [12/Aug/2013:15:14:25 +0000] "GET /favicon.ico HTTP/1.1" 404 926 "-" "Mozilla/5.0 (Windows NT 6.1; WOW64) AppleWebKit/537.36 (KHTML, like Gecko) Chrome/28.0.1500.95 Safari/537.36"
189.103.28.41 - - [12/Aug/2013:15:14:26 +0000] "GET /materiais/introducaoRecuperacaoInformacao/introducaoRecuperacaoInformacao.pdf HTTP/1.1" 206 148204 "http://fbarth.net.br/materiais/introducaoRecuperacaoInformacao/introducaoRecuperacaoInformacao.pdf" "Mozilla/5.0 (Windows NT 6.1; WOW64) AppleWebKit/537.36 (KHTML, like Gecko) Chrome/28.0.1500.95 Safari/537.36"
189.103.28.41 - - [12/Aug/2013:15:14:27 +0000] "GET /favicon.ico HTTP/1.1" 404 926 "-" "Mozilla/5.0 (Windows NT 6.1; WOW64) AppleWebKit/537.36 (KHTML, like Gecko) Chrome/28.0.1500.95 Safari/537.36"
46.229.164.97 - - [12/Aug/2013:15:49:21 +0000] "GET /robots.txt HTTP/1.1" 200 65 "-" "Mozilla/5.0 (compatible; SemrushBot/0.96.4; +http://www.semrush.com/bot.html)"
217.69.133.218 - - [12/Aug/2013:15:52:02 +0000] "GET /robots.txt HTTP/1.0" 200 23 "-" "Mozilla/5.0 (compatible; Linux x86_64; Mail.RU_Bot/2.0; +http://go.mail.ru/help/robots)"
66.249.73.206 - - [12/Aug/2013:16:04:49 +0000] "GET /materiais/docs/encontroProfessores.pdf HTTP/1.1" 304 0 "-" "Mozilla/5.0 (iPhone; U; CPU iPhone OS 4_1 like Mac OS X; en-us) AppleWebKit/532.9 (KHTML, like Gecko) Version/4.0.5 Mobile/8B117 Safari/6531.22.7 (compatible; Googlebot-Mobile/2.1; +http://www.google.com/bot.html)"
66.249.73.206 - - [12/Aug/2013:16:08:00 +0000] "GET /materiais/docs/am/analiseDescritiva_v3.pdf HTTP/1.1" 304 0 "-" "Mozilla/5.0 (compatible; Googlebot/2.1; +http://www.google.com/bot.html)"
8.28.16.254 - - [12/Aug/2013:16:09:44 +0000] "GET /materiais/introducaoRecuperacaoInformacao/introducaoRecuperacaoInformacao.pdf HTTP/1.1" 200 180972 "-" "Mozilla/4.0 (compatible; MSIE 7.0; Windows NT 5.1; InfoPath.1; .NET CLR 2.0.50727; .NET CLR 1.1.4322; MS-RTC LM 8; .NET CLR 3.0.4506.2152; .NET CLR 3.5.30729)"
200.196.153.28 - - [12/Aug/2013:16:09:44 +0000] "GET /materiais/introducaoRecuperacaoInformacao/introducaoRecuperacaoInformacao.pdf HTTP/1.1" 304 0 "-" "Mozilla/4.0 (compatible;)"
180.76.5.162 - - [12/Aug/2013:16:18:10 +0000] "GET /materiais/docs/ia/ HTTP/1.1" 200 577 "-" "Mozilla/5.0 (compatible; Baiduspider/2.0; +http://www.baidu.com/search/spider.html)"
200.239.132.229 - - [12/Aug/2013:16:42:24 +0000] "GET /materiais/docs/aula01.pdf HTTP/1.1" 200 65718 "http://fbarth.net.br/materiais/webMiningR.html" "Mozilla/5.0 (X11; Ubuntu; Linux x86_64; rv:22.0) Gecko/20100101 Firefox/22.0"
200.239.132.229 - - [12/Aug/2013:16:42:24 +0000] "GET /favicon.ico HTTP/1.1" 404 926 "-" "Mozilla/5.0 (X11; Ubuntu; Linux x86_64; rv:22.0) Gecko/20100101 Firefox/22.0"
200.19.177.25 - - [12/Aug/2013:16:57:07 +0000] "GET /docs/lop2008.pdf HTTP/1.1" 200 79384 "https://www.google.com.br/" "Mozilla/5.0 (Macintosh; Intel Mac OS X 10_7_5) AppleWebKit/537.36 (KHTML, like Gecko) Chrome/28.0.1500.95 Safari/537.36"
200.19.177.25 - - [12/Aug/2013:16:57:07 +0000] "GET /docs/lop2008.pdf HTTP/1.1" 206 32768 "http://fbarth.net.br/docs/lop2008.pdf" "Mozilla/5.0 (Macintosh; Intel Mac OS X 10_7_5) AppleWebKit/537.36 (KHTML, like Gecko) Chrome/28.0.1500.95 Safari/537.36"
200.19.177.25 - - [12/Aug/2013:16:57:08 +0000] "GET /favicon.ico HTTP/1.1" 404 926 "-" "Mozilla/5.0 (Macintosh; Intel Mac OS X 10_7_5) AppleWebKit/537.36 (KHTML, like Gecko) Chrome/28.0.1500.95 Safari/537.36"
200.19.177.25 - - [12/Aug/2013:16:57:09 +0000] "GET /docs/lop2008.pdf HTTP/1.1" 206 365275 "http://fbarth.net.br/docs/lop2008.pdf" "Mozilla/5.0 (Macintosh; Intel Mac OS X 10_7_5) AppleWebKit/537.36 (KHTML, like Gecko) Chrome/28.0.1500.95 Safari/537.36"
200.19.177.25 - - [12/Aug/2013:16:57:11 +0000] "GET /favicon.ico HTTP/1.1" 404 926 "-" "Mozilla/5.0 (Macintosh; Intel Mac OS X 10_7_5) AppleWebKit/537.36 (KHTML, like Gecko) Chrome/28.0.1500.95 Safari/537.36"
66.249.73.206 - - [12/Aug/2013:16:59:39 +0000] "GET /projetos/mestrado.html HTTP/1.1" 200 3261 "-" "Googlebot/2.1 (+http://www.google.com/bot.html)"
180.76.5.171 - - [12/Aug/2013:17:03:10 +0000] "GET /materiais/docs/ HTTP/1.1" 200 950 "-" "Mozilla/5.0 (compatible; Baiduspider/2.0; +http://www.baidu.com/search/spider.html)"
100.43.83.157 - - [12/Aug/2013:17:15:07 +0000] "GET /publicacoes.html HTTP/1.1" 200 7717 "-" "Mozilla/5.0 (compatible; YandexBot/3.0; +http://yandex.com/bots)"
66.249.73.206 - - [12/Aug/2013:17:26:49 +0000] "GET /materiais/docs/ia/buscaCompetitiva.pdf HTTP/1.1" 200 230866 "-" "Mozilla/5.0 (compatible; Googlebot/2.1; +http://www.google.com/bot.html)"
177.96.119.179 - - [12/Aug/2013:17:40:21 +0000] "GET /materiais/docs/am/agrupamento.pdf HTTP/1.1" 206 32768 "http://fbarth.net.br/materiais/docs/am/agrupamento.pdf" "Mozilla/5.0 (Windows NT 5.1) AppleWebKit/537.36 (KHTML, like Gecko) Chrome/28.0.1500.95 Safari/537.36"
177.96.119.179 - - [12/Aug/2013:17:40:22 +0000] "GET /materiais/docs/am/agrupamento.pdf HTTP/1.1" 200 184148 "http://www.google.com.br/url?sa=t&rct=j&q=pontos%20de%20agrupamento&source=web&cd=1&ved=0CCwQFjAA&url=http%3A%2F%2Ffbarth.net.br%2Fmateriais%2Fdocs%2Fam%2Fagrupamento.pdf&ei=7R0JUueLOaqq2QWr9YBg&usg=AFQjCNH6kKY5qUrfmeDz7vJCP5pMP2zlIw" "Mozilla/5.0 (Windows NT 5.1) AppleWebKit/537.36 (KHTML, like Gecko) Chrome/28.0.1500.95 Safari/537.36"
177.96.119.179 - - [12/Aug/2013:17:40:23 +0000] "GET /favicon.ico HTTP/1.1" 404 926 "-" "Mozilla/5.0 (Windows NT 5.1) AppleWebKit/537.36 (KHTML, like Gecko) Chrome/28.0.1500.95 Safari/537.36"
177.96.119.179 - - [12/Aug/2013:17:40:30 +0000] "GET /materiais/docs/am/agrupamento.pdf HTTP/1.1" 206 328736 "http://fbarth.net.br/materiais/docs/am/agrupamento.pdf" "Mozilla/5.0 (Windows NT 5.1) AppleWebKit/537.36 (KHTML, like Gecko) Chrome/28.0.1500.95 Safari/537.36"
177.96.119.179 - - [12/Aug/2013:17:40:36 +0000] "GET /favicon.ico HTTP/1.1" 404 926 "-" "Mozilla/5.0 (Windows NT 5.1) AppleWebKit/537.36 (KHTML, like Gecko) Chrome/28.0.1500.95 Safari/537.36"
190.183.62.72 - - [12/Aug/2013:17:54:52 +0000] "GET /materiais/codigos.html HTTP/1.1" 200 1622 "http://blog.fbarth.net.br/2012/09/07/uma-introducao-a-mineracao-de-informacoes-na-era-do-big-data-seminco-2012/" "Mozilla/5.0 (Windows NT 6.0; rv:23.0) Gecko/20100101 Firefox/23.0"
190.183.62.72 - - [12/Aug/2013:17:54:53 +0000] "GET /default.css HTTP/1.1" 200 1415 "http://fbarth.net.br/materiais/codigos.html" "Mozilla/5.0 (Windows NT 6.0; rv:23.0) Gecko/20100101 Firefox/23.0"
190.183.62.72 - - [12/Aug/2013:17:54:53 +0000] "GET /img/body.jpg HTTP/1.1" 200 13570 "http://fbarth.net.br/default.css" "Mozilla/5.0 (Windows NT 6.0; rv:23.0) Gecko/20100101 Firefox/23.0"
190.183.62.72 - - [12/Aug/2013:17:54:53 +0000] "GET /img/container.jpg HTTP/1.1" 200 2343 "http://fbarth.net.br/default.css" "Mozilla/5.0 (Windows NT 6.0; rv:23.0) Gecko/20100101 Firefox/23.0"
190.183.62.72 - - [12/Aug/2013:17:54:53 +0000] "GET /img/main.gif HTTP/1.1" 200 148 "http://fbarth.net.br/default.css" "Mozilla/5.0 (Windows NT 6.0; rv:23.0) Gecko/20100101 Firefox/23.0"
190.183.62.72 - - [12/Aug/2013:17:54:53 +0000] "GET /img/li.gif HTTP/1.1" 200 199 "http://fbarth.net.br/default.css" "Mozilla/5.0 (Windows NT 6.0; rv:23.0) Gecko/20100101 Firefox/23.0"
190.183.62.72 - - [12/Aug/2013:17:54:53 +0000] "GET /img/header.jpg HTTP/1.1" 200 11112 "http://fbarth.net.br/default.css" "Mozilla/5.0 (Windows NT 6.0; rv:23.0) Gecko/20100101 Firefox/23.0"
190.183.62.72 - - [12/Aug/2013:17:54:54 +0000] "GET /favicon.ico HTTP/1.1" 404 926 "-" "Mozilla/5.0 (Windows NT 6.0; rv:23.0) Gecko/20100101 Firefox/23.0"
66.249.73.206 - - [12/Aug/2013:18:01:49 +0000] "GET /materiais/docs/estruturas/ HTTP/1.1" 200 582 "-" "Mozilla/5.0 (compatible; Googlebot/2.1; +http://www.google.com/bot.html)"
200.239.132.229 - - [12/Aug/2013:18:09:56 +0000] "GET /materiais/docs/aula01.pdf HTTP/1.1" 200 65718 "http://fbarth.net.br/materiais/webMiningR.html" "Mozilla/5.0 (X11; Ubuntu; Linux x86_64; rv:23.0) Gecko/20100101 Firefox/23.0"
200.239.132.229 - - [12/Aug/2013:18:09:57 +0000] "GET /favicon.ico HTTP/1.1" 404 926 "-" "Mozilla/5.0 (X11; Ubuntu; Linux x86_64; rv:23.0) Gecko/20100101 Firefox/23.0"
200.239.132.229 - - [12/Aug/2013:18:09:57 +0000] "GET /favicon.ico HTTP/1.1" 404 926 "-" "Mozilla/5.0 (X11; Ubuntu; Linux x86_64; rv:23.0) Gecko/20100101 Firefox/23.0"
66.249.73.206 - - [12/Aug/2013:18:27:13 +0000] "GET /materiais/ia.html HTTP/1.1" 200 1585 "-" "Googlebot/2.1 (+http://www.google.com/bot.html)"
66.249.73.206 - - [12/Aug/2013:18:33:28 +0000] "GET /materiais.html HTTP/1.1" 200 1249 "-" "Mozilla/5.0 (iPhone; U; CPU iPhone OS 4_1 like Mac OS X; en-us) AppleWebKit/532.9 (KHTML, like Gecko) Version/4.0.5 Mobile/8B117 Safari/6531.22.7 (compatible; Googlebot-Mobile/2.1; +http://www.google.com/bot.html)"
66.249.73.206 - - [12/Aug/2013:18:37:51 +0000] "GET /materiais/docs/ia/busca_versaoFabricio.pdf HTTP/1.1" 304 0 "-" "Mozilla/5.0 (compatible; Googlebot/2.1; +http://www.google.com/bot.html)"
177.102.141.40 - - [12/Aug/2013:18:53:50 +0000] "GET / HTTP/1.1" 200 1811 "http://www.google.com.br/url?sa=t&rct=j&q=fabricio%20barth&source=web&cd=2&cad=rja&ved=0CDEQFjAB&url=http%3A%2F%2Ffbarth.net.br%2F&ei=NC8JUvKVKYjE2gWQ_ICwCQ&usg=AFQjCNGahqy2ST2Di8ETeZ-X0WvbmzwVHQ" "Mozilla/5.0 (Windows NT 6.1; WOW64) AppleWebKit/537.36 (KHTML, like Gecko) Chrome/28.0.1500.95 Safari/537.36"
177.102.141.40 - - [12/Aug/2013:18:53:50 +0000] "GET /default.css HTTP/1.1" 200 1415 "http://fbarth.net.br/" "Mozilla/5.0 (Windows NT 6.1; WOW64) AppleWebKit/537.36 (KHTML, like Gecko) Chrome/28.0.1500.95 Safari/537.36"
177.102.141.40 - - [12/Aug/2013:18:53:50 +0000] "GET /img/body.jpg HTTP/1.1" 200 13570 "http://fbarth.net.br/" "Mozilla/5.0 (Windows NT 6.1; WOW64) AppleWebKit/537.36 (KHTML, like Gecko) Chrome/28.0.1500.95 Safari/537.36"
177.102.141.40 - - [12/Aug/2013:18:53:50 +0000] "GET /img/foto.jpg HTTP/1.1" 200 14854 "http://fbarth.net.br/" "Mozilla/5.0 (Windows NT 6.1; WOW64) AppleWebKit/537.36 (KHTML, like Gecko) Chrome/28.0.1500.95 Safari/537.36"
177.102.141.40 - - [12/Aug/2013:18:53:50 +0000] "GET /img/container.jpg HTTP/1.1" 200 2343 "http://fbarth.net.br/" "Mozilla/5.0 (Windows NT 6.1; WOW64) AppleWebKit/537.36 (KHTML, like Gecko) Chrome/28.0.1500.95 Safari/537.36"
177.102.141.40 - - [12/Aug/2013:18:53:50 +0000] "GET /img/header.jpg HTTP/1.1" 200 11112 "http://fbarth.net.br/" "Mozilla/5.0 (Windows NT 6.1; WOW64) AppleWebKit/537.36 (KHTML, like Gecko) Chrome/28.0.1500.95 Safari/537.36"
177.102.141.40 - - [12/Aug/2013:18:53:50 +0000] "GET /img/main.gif HTTP/1.1" 200 148 "http://fbarth.net.br/" "Mozilla/5.0 (Windows NT 6.1; WOW64) AppleWebKit/537.36 (KHTML, like Gecko) Chrome/28.0.1500.95 Safari/537.36"
177.102.141.40 - - [12/Aug/2013:18:53:51 +0000] "GET /favicon.ico HTTP/1.1" 404 926 "-" "Mozilla/5.0 (Windows NT 6.1; WOW64) AppleWebKit/537.36 (KHTML, like Gecko) Chrome/28.0.1500.95 Safari/537.36"
177.102.141.40 - - [12/Aug/2013:18:53:55 +0000] "GET /materiais.html HTTP/1.1" 200 1249 "http://fbarth.net.br/" "Mozilla/5.0 (Windows NT 6.1; WOW64) AppleWebKit/537.36 (KHTML, like Gecko) Chrome/28.0.1500.95 Safari/537.36"
177.102.141.40 - - [12/Aug/2013:18:53:55 +0000] "GET /img/li.gif HTTP/1.1" 200 199 "http://fbarth.net.br/materiais.html" "Mozilla/5.0 (Windows NT 6.1; WOW64) AppleWebKit/537.36 (KHTML, like Gecko) Chrome/28.0.1500.95 Safari/537.36"
177.102.141.40 - - [12/Aug/2013:18:53:56 +0000] "GET /favicon.ico HTTP/1.1" 404 926 "-" "Mozilla/5.0 (Windows NT 6.1; WOW64) AppleWebKit/537.36 (KHTML, like Gecko) Chrome/28.0.1500.95 Safari/537.36"
177.102.141.40 - - [12/Aug/2013:18:53:58 +0000] "GET /materiais/disciplinas.html HTTP/1.1" 200 1116 "http://fbarth.net.br/materiais.html" "Mozilla/5.0 (Windows NT 6.1; WOW64) AppleWebKit/537.36 (KHTML, like Gecko) Chrome/28.0.1500.95 Safari/537.36"
