177.12.225.131 - - [17/Jun/2013:01:45:25 +0000] "GET /materiais/docs/ia/buscaCompetitiva.pdf HTTP/1.1" 200 230866 "http://www.google.com.br/url?sa=t&rct=j&q=&esrc=s&source=web&cd=1&ved=0CCoQFjAA&url=http%3A%2F%2Ffbarth.net.br%2Fmateriais%2Fdocs%2Fia%2FbuscaCompetitiva.pdf&ei=Jmq-UbYQxoiFB7yJgIgF&usg=AFQjCNFCIMvZbeT7T5ePeSyHMWrgIuLmmQ&sig2=MhqdVp4rGn-uqq8M0tthgw&bvm=bv.47883778,d.ZWU" "Mozilla/5.0 (Windows NT 6.1; rv:21.0) Gecko/20100101 Firefox/21.0"
201.52.209.60 - - [17/Jun/2013:01:45:39 +0000] "GET /favicon.ico HTTP/1.1" 404 926 "-" "Mozilla/5.0 (Macintosh; Intel Mac OS X 10_8_3) AppleWebKit/537.36 (KHTML, like Gecko) Chrome/27.0.1453.93 Safari/537.36"
201.52.209.60 - - [17/Jun/2013:01:45:43 +0000] "GET /contatos.html HTTP/1.1" 200 1472 "-" "Mozilla/5.0 (Macintosh; Intel Mac OS X 10_8_3) AppleWebKit/537.36 (KHTML, like Gecko) Chrome/27.0.1453.93 Safari/537.36"
201.52.209.60 - - [17/Jun/2013:01:45:45 +0000] "GET /favicon.ico HTTP/1.1" 404 926 "-" "Mozilla/5.0 (Macintosh; Intel Mac OS X 10_8_3) AppleWebKit/537.36 (KHTML, like Gecko) Chrome/27.0.1453.93 Safari/537.36"
201.52.209.60 - - [17/Jun/2013:01:45:50 +0000] "GET /materiais/contatos.html HTTP/1.1" 404 926 "-" "Mozilla/5.0 (Macintosh; Intel Mac OS X 10_8_3) AppleWebKit/537.36 (KHTML, like Gecko) Chrome/27.0.1453.93 Safari/537.36"
201.52.209.60 - - [17/Jun/2013:01:45:51 +0000] "GET /favicon.ico HTTP/1.1" 404 926 "-" "Mozilla/5.0 (Macintosh; Intel Mac OS X 10_8_3) AppleWebKit/537.36 (KHTML, like Gecko) Chrome/27.0.1453.93 Safari/537.36"
201.52.209.60 - - [17/Jun/2013:01:48:08 +0000] "GET /favicon.ico HTTP/1.1" 404 926 "-" "Mozilla/5.0 (Macintosh; Intel Mac OS X 10_8_3) AppleWebKit/537.36 (KHTML, like Gecko) Chrome/27.0.1453.93 Safari/537.36"
201.52.209.60 - - [17/Jun/2013:01:48:09 +0000] "GET /projetos.html HTTP/1.1" 200 1562 "http://fbarth.net.br/materiais.html" "Mozilla/5.0 (Macintosh; Intel Mac OS X 10_8_3) AppleWebKit/537.36 (KHTML, like Gecko) Chrome/27.0.1453.93 Safari/537.36"
201.52.209.60 - - [17/Jun/2013:01:48:09 +0000] "GET /favicon.ico HTTP/1.1" 404 926 "-" "Mozilla/5.0 (Macintosh; Intel Mac OS X 10_8_3) AppleWebKit/537.36 (KHTML, like Gecko) Chrome/27.0.1453.93 Safari/537.36"
201.52.209.60 - - [17/Jun/2013:01:48:13 +0000] "GET /projetos/doutorado.html HTTP/1.1" 200 2311 "http://fbarth.net.br/projetos.html" "Mozilla/5.0 (Macintosh; Intel Mac OS X 10_8_3) AppleWebKit/537.36 (KHTML, like Gecko) Chrome/27.0.1453.93 Safari/537.36"
201.52.209.60 - - [17/Jun/2013:01:48:13 +0000] "GET /favicon.ico HTTP/1.1" 404 926 "-" "Mozilla/5.0 (Macintosh; Intel Mac OS X 10_8_3) AppleWebKit/537.36 (KHTML, like Gecko) Chrome/27.0.1453.93 Safari/537.36"
201.52.209.60 - - [17/Jun/2013:01:48:21 +0000] "GET /favicon.ico HTTP/1.1" 404 926 "-" "Mozilla/5.0 (Macintosh; Intel Mac OS X 10_8_3) AppleWebKit/537.36 (KHTML, like Gecko) Chrome/27.0.1453.93 Safari/537.36"
201.52.209.60 - - [17/Jun/2013:01:48:24 +0000] "GET /favicon.ico HTTP/1.1" 404 926 "-" "Mozilla/5.0 (Macintosh; Intel Mac OS X 10_8_3) AppleWebKit/537.36 (KHTML, like Gecko) Chrome/27.0.1453.93 Safari/537.36"
201.52.209.60 - - [17/Jun/2013:01:48:29 +0000] "GET /favicon.ico HTTP/1.1" 404 926 "-" "Mozilla/5.0 (Macintosh; Intel Mac OS X 10_8_3) AppleWebKit/537.36 (KHTML, like Gecko) Chrome/27.0.1453.93 Safari/537.36"
201.52.209.60 - - [17/Jun/2013:01:48:30 +0000] "GET /materiais/introducaoRecuperacaoInformacao/index.html HTTP/1.1" 200 2402 "http://fbarth.net.br/materiais/textos.html" "Mozilla/5.0 (Macintosh; Intel Mac OS X 10_8_3) AppleWebKit/537.36 (KHTML, like Gecko) Chrome/27.0.1453.93 Safari/537.36"
201.52.209.60 - - [17/Jun/2013:01:48:31 +0000] "GET /favicon.ico HTTP/1.1" 404 926 "-" "Mozilla/5.0 (Macintosh; Intel Mac OS X 10_8_3) AppleWebKit/537.36 (KHTML, like Gecko) Chrome/27.0.1453.93 Safari/537.36"
201.52.209.60 - - [17/Jun/2013:01:48:32 +0000] "GET /favicon.ico HTTP/1.1" 404 926 "-" "Mozilla/5.0 (Macintosh; Intel Mac OS X 10_8_3) AppleWebKit/537.36 (KHTML, like Gecko) Chrome/27.0.1453.93 Safari/537.36"
66.249.73.206 - - [17/Jun/2013:01:49:26 +0000] "GET / HTTP/1.1" 304 0 "-" "Mozilla/5.0 (compatible; Googlebot/2.1; +http://www.google.com/bot.html)"
66.249.73.206 - - [17/Jun/2013:01:50:07 +0000] "GET / HTTP/1.1" 304 0 "-" "Mozilla/5.0 (compatible; Googlebot/2.1; +http://www.google.com/bot.html)"
66.249.73.206 - - [17/Jun/2013:01:52:44 +0000] "GET /img/foto.jpg HTTP/1.1" 200 14854 "-" "Googlebot-Image/1.0"
66.249.82.132 - - [17/Jun/2013:01:55:40 +0000] "GET /docs/bar2007a.pdf HTTP/1.1" 200 953944 "http://www.google.com/search" "Mozilla/5.0 (X11; Linux x86_64) AppleWebKit/537.4 (KHTML, like Gecko; Google Web Preview) Chrome/22.0.1229 Safari/537.4"
201.52.209.60 - - [17/Jun/2013:01:56:02 +0000] "GET /favicon.ico HTTP/1.1" 404 926 "-" "Mozilla/5.0 (Macintosh; Intel Mac OS X 10_8_3) AppleWebKit/537.36 (KHTML, like Gecko) Chrome/27.0.1453.93 Safari/537.36"
201.52.209.60 - - [17/Jun/2013:01:56:03 +0000] "GET /favicon.ico HTTP/1.1" 404 926 "-" "Mozilla/5.0 (Macintosh; Intel Mac OS X 10_8_3) AppleWebKit/537.36 (KHTML, like Gecko) Chrome/27.0.1453.93 Safari/537.36"
201.52.209.60 - - [17/Jun/2013:01:57:04 +0000] "GET /favicon.ico HTTP/1.1" 404 926 "-" "Mozilla/5.0 (Macintosh; Intel Mac OS X 10_8_3) AppleWebKit/537.36 (KHTML, like Gecko) Chrome/27.0.1453.93 Safari/537.36"
189.14.228.214 - - [17/Jun/2013:01:59:06 +0000] "GET /materiais/docs/ia/buscaCompetitiva.pdf HTTP/1.1" 200 230866 "http://www.google.com.br/url?sa=t&rct=j&q=3%2Bexemplos%2Bde%2Bjogos%2Bcompettivos&source=web&cd=1&ved=0CCwQFjAA&url=http%3A%2F%2Ffbarth.net.br%2Fmateriais%2Fdocs%2Fia%2FbuscaCompetitiva.pdf&ei=VW2-UfjOM-Xn0wG7vYGYDA&usg=AFQjCNFCIMvZbeT7T5ePeSyHMWrgIuLmmQ&bvm=bv.47883778,d.dmQ" "Mozilla/4.0 (compatible; MSIE 8.0; Windows NT 5.1; Trident/4.0; GTB7.4; InfoPath.2)"
66.249.73.206 - - [17/Jun/2013:02:01:37 +0000] "GET /materiais/docs/data/visitacao.txt HTTP/1.1" 200 74 "-" "Mozilla/5.0 (compatible; Googlebot/2.1; +http://www.google.com/bot.html)"
201.52.209.60 - - [17/Jun/2013:02:01:42 +0000] "GET /favicon.ico HTTP/1.1" 404 926 "-" "Mozilla/5.0 (Macintosh; Intel Mac OS X 10_8_3) AppleWebKit/537.36 (KHTML, like Gecko) Chrome/27.0.1453.93 Safari/537.36"
201.52.209.60 - - [17/Jun/2013:02:01:43 +0000] "GET /favicon.ico HTTP/1.1" 404 926 "-" "Mozilla/5.0 (Macintosh; Intel Mac OS X 10_8_3) AppleWebKit/537.36 (KHTML, like Gecko) Chrome/27.0.1453.93 Safari/537.36"
66.249.73.206 - - [17/Jun/2013:02:07:08 +0000] "GET /projetos/dissertacao.pdf HTTP/1.1" 304 0 "-" "SAMSUNG-SGH-E250/1.0 Profile/MIDP-2.0 Configuration/CLDC-1.1 UP.Browser/6.2.3.3.c.1.101 (GUI) MMP/2.0 (compatible; Googlebot-Mobile/2.1; +http://www.google.com/bot.html)"
187.38.181.4 - - [17/Jun/2013:02:32:24 +0000] "GET /docs/vit2009.pdf HTTP/1.1" 200 84936 "https://www.google.com/" "Mozilla/5.0 (Windows NT 6.2; WOW64) AppleWebKit/537.36 (KHTML, like Gecko) Chrome/27.0.1453.110 Safari/537.36"
187.38.181.4 - - [17/Jun/2013:02:32:24 +0000] "GET /docs/vit2009.pdf HTTP/1.1" 206 32768 "http://fbarth.net.br/docs/vit2009.pdf" "Mozilla/5.0 (Windows NT 6.2; WOW64) AppleWebKit/537.36 (KHTML, like Gecko) Chrome/27.0.1453.110 Safari/537.36"
187.38.181.4 - - [17/Jun/2013:02:32:25 +0000] "GET /favicon.ico HTTP/1.1" 404 926 "-" "Mozilla/5.0 (Windows NT 6.2; WOW64) AppleWebKit/537.36 (KHTML, like Gecko) Chrome/27.0.1453.110 Safari/537.36"
187.38.181.4 - - [17/Jun/2013:02:32:25 +0000] "GET /docs/vit2009.pdf HTTP/1.1" 206 52168 "http://fbarth.net.br/docs/vit2009.pdf" "Mozilla/5.0 (Windows NT 6.2; WOW64) AppleWebKit/537.36 (KHTML, like Gecko) Chrome/27.0.1453.110 Safari/537.36"
187.38.181.4 - - [17/Jun/2013:02:32:26 +0000] "GET /favicon.ico HTTP/1.1" 404 926 "-" "Mozilla/5.0 (Windows NT 6.2; WOW64) AppleWebKit/537.36 (KHTML, like Gecko) Chrome/27.0.1453.110 Safari/537.36"
187.38.181.4 - - [17/Jun/2013:02:33:20 +0000] "GET /favicon.ico HTTP/1.1" 404 926 "-" "Mozilla/5.0 (Windows NT 6.2; WOW64) AppleWebKit/537.36 (KHTML, like Gecko) Chrome/27.0.1453.110 Safari/537.36"
187.38.181.4 - - [17/Jun/2013:02:33:20 +0000] "GET /favicon.ico HTTP/1.1" 404 926 "-" "Mozilla/5.0 (Windows NT 6.2; WOW64) AppleWebKit/537.36 (KHTML, like Gecko) Chrome/27.0.1453.110 Safari/537.36"
66.249.73.206 - - [17/Jun/2013:02:48:12 +0000] "GET /robots.txt HTTP/1.1" 200 65 "-" "Mozilla/5.0 (compatible; Googlebot/2.1; +http://www.google.com/bot.html)"
66.249.73.206 - - [17/Jun/2013:02:48:13 +0000] "GET /docs/bar2013.pdf HTTP/1.1" 200 297214 "-" "DoCoMo/2.0 N905i(c100;TB;W24H16) (compatible; Googlebot-Mobile/2.1; +http://www.google.com/bot.html)"
66.249.73.206 - - [15/Jun/2013:03:20:32 +0000] "GET /materiais/introducaoRecuperacaoInformacao/introducaoRecuperacaoInformacao.pdf HTTP/1.1" 304 0 "-" "SAMSUNG-SGH-E250/1.0 Profile/MIDP-2.0 Configuration/CLDC-1.1 UP.Browser/6.2.3.3.c.1.101 (GUI) MMP/2.0 (compatible; Googlebot-Mobile/2.1; +http://www.google.com/bot.html)"
189.26.129.126 - - [15/Jun/2013:03:21:02 +0000] "GET /materiais/docs/ia/buscaCompetitiva.pdf HTTP/1.1" 200 230866 "http://www.google.com.br/url?sa=t&rct=j&q=&esrc=s&source=web&cd=24&cad=rja&ved=0CEEQFjADOBQ&url=http%3A%2F%2Ffbarth.net.br%2Fmateriais%2Fdocs%2Fia%2FbuscaCompetitiva.pdf&ei=kt27UcbGForO9gTl1IDYAg&usg=AFQjCNFCIMvZbeT7T5ePeSyHMWrgIuLmmQ&bvm=bv.47883778,d.eWU" "Mozilla/5.0 (Macintosh; Intel Mac OS X 10.7; rv:21.0) Gecko/20100101 Firefox/21.0"
189.26.129.126 - - [15/Jun/2013:03:21:03 +0000] "GET /favicon.ico HTTP/1.1" 404 926 "-" "Mozilla/5.0 (Macintosh; Intel Mac OS X 10.7; rv:21.0) Gecko/20100101 Firefox/21.0"
186.210.8.191 - - [15/Jun/2013:03:24:32 +0000] "GET /materiais/docs/desenvolvimentoSistemasTVDigital_ultimaVersao.pdf HTTP/1.1" 200 489183 "https://www.google.com.br/" "Mozilla/5.0 (Windows NT 6.1; WOW64) AppleWebKit/537.36 (KHTML, like Gecko) Chrome/27.0.1453.110 Safari/537.36"
186.210.8.191 - - [15/Jun/2013:03:24:33 +0000] "GET /materiais/docs/desenvolvimentoSistemasTVDigital_ultimaVersao.pdf HTTP/1.1" 206 32768 "http://fbarth.net.br/materiais/docs/desenvolvimentoSistemasTVDigital_ultimaVersao.pdf" "Mozilla/5.0 (Windows NT 6.1; WOW64) AppleWebKit/537.36 (KHTML, like Gecko) Chrome/27.0.1453.110 Safari/537.36"
186.210.8.191 - - [15/Jun/2013:03:24:33 +0000] "GET /favicon.ico HTTP/1.1" 404 926 "-" "Mozilla/5.0 (Windows NT 6.1; WOW64) AppleWebKit/537.36 (KHTML, like Gecko) Chrome/27.0.1453.110 Safari/537.36"
186.210.8.191 - - [15/Jun/2013:03:24:38 +0000] "GET /materiais/docs/desenvolvimentoSistemasTVDigital_ultimaVersao.pdf HTTP/1.1" 206 986070 "http://fbarth.net.br/materiais/docs/desenvolvimentoSistemasTVDigital_ultimaVersao.pdf" "Mozilla/5.0 (Windows NT 6.1; WOW64) AppleWebKit/537.36 (KHTML, like Gecko) Chrome/27.0.1453.110 Safari/537.36"
186.210.8.191 - - [15/Jun/2013:03:24:40 +0000] "GET /favicon.ico HTTP/1.1" 404 926 "-" "Mozilla/5.0 (Windows NT 6.1; WOW64) AppleWebKit/537.36 (KHTML, like Gecko) Chrome/27.0.1453.110 Safari/537.36"
186.210.8.191 - - [15/Jun/2013:03:24:59 +0000] "GET /favicon.ico HTTP/1.1" 404 926 "-" "Mozilla/5.0 (Windows NT 6.1; WOW64) AppleWebKit/537.36 (KHTML, like Gecko) Chrome/27.0.1453.110 Safari/537.36"
208.115.111.68 - - [15/Jun/2013:03:49:03 +0000] "GET /robots.txt HTTP/1.1" 200 23 "-" "Mozilla/5.0 (compatible; Ezooms/1.0; ezooms.bot@gmail.com)"
209.85.238.233 - - [15/Jun/2013:04:06:34 +0000] "GET / HTTP/1.1" 200 1811 "-" "Mozilla/5.0 (compatible; Google-Site-Verification/1.0)"
66.249.73.206 - - [15/Jun/2013:04:10:59 +0000] "GET /materiais/docs/estruturas/aPilhas.pdf HTTP/1.1" 304 0 "-" "DoCoMo/2.0 N905i(c100;TB;W24H16) (compatible; Googlebot-Mobile/2.1; +http://www.google.com/bot.html)"
66.249.73.206 - - [15/Jun/2013:04:58:48 +0000] "GET /projetos/mestrado.html HTTP/1.1" 304 0 "-" "Mozilla/5.0 (iPhone; U; CPU iPhone OS 4_1 like Mac OS X; en-us) AppleWebKit/532.9 (KHTML, like Gecko) Version/4.0.5 Mobile/8B117 Safari/6531.22.7 (compatible; Googlebot-Mobile/2.1; +http://www.google.com/bot.html)"
66.249.73.206 - - [15/Jun/2013:05:20:49 +0000] "GET /projetos/investigacao.html HTTP/1.1" 200 2736 "-" "Googlebot/2.1 (+http://www.google.com/bot.html)"
208.115.111.68 - - [15/Jun/2013:05:28:59 +0000] "GET /materiais.html HTTP/1.1" 200 2736 "-" "Mozilla/5.0 (compatible; Ezooms/1.0; ezooms.bot@gmail.com)"
208.115.111.68 - - [15/Jun/2013:05:29:00 +0000] "GET /projetos/doutorado.html HTTP/1.1" 200 5159 "-" "Mozilla/5.0 (compatible; Ezooms/1.0; ezooms.bot@gmail.com)"
123.125.71.103 - - [15/Jun/2013:05:32:24 +0000] "GET /default.css HTTP/1.1" 304 0 "-" "Mozilla/5.0 (compatible; Baiduspider/2.0; +http://www.baidu.com/search/spider.html)"
66.249.73.206 - - [15/Jun/2013:05:45:02 +0000] "GET /materiais/palestras.html HTTP/1.1" 200 1775 "-" "Googlebot/2.1 (+http://www.google.com/bot.html)"
66.249.73.206 - - [15/Jun/2013:05:56:16 +0000] "GET /materiais/ia.html HTTP/1.1" 200 1547 "-" "Googlebot/2.1 (+http://www.google.com/bot.html)"
66.249.73.206 - - [15/Jun/2013:06:10:41 +0000] "GET /projetos/graduacao.html HTTP/1.1" 200 2190 "-" "Googlebot/2.1 (+http://www.google.com/bot.html)"
66.249.73.206 - - [15/Jun/2013:06:13:31 +0000] "GET /projetos/instinct.html HTTP/1.1" 200 3011 "-" "Googlebot/2.1 (+http://www.google.com/bot.html)"
75.101.221.76 - - [15/Jun/2013:06:27:01 +0000] "GET /materiais/webMiningR.html HTTP/1.1" 200 1807 "-" "Mozilla/5.0 (Macintosh; U; Intel Mac OS X 10.6; en-US; rv:1.9.2) Gecko/20100115 Firefox/3.6 (FlipboardProxy/0.0.5; +http://flipboard.com/browserproxy)"
86.106.38.21 - - [15/Jun/2013:06:50:51 +0000] "GET / HTTP/1.1" 200 3990 "-" "-"
66.249.73.206 - - [15/Jun/2013:06:54:13 +0000] "GET /projetos.html HTTP/1.1" 200 1562 "-" "Googlebot/2.1 (+http://www.google.com/bot.html)"
50.17.49.92 - - [15/Jun/2013:06:54:14 +0000] "GET /materiais/webMiningR.html HTTP/1.1" 200 1807 "-" "Mozilla/5.0 (Macintosh; U; Intel Mac OS X 10.6; en-US; rv:1.9.2) Gecko/20100115 Firefox/3.6 (FlipboardProxy/0.0.5; +http://flipboard.com/browserproxy)"
66.249.73.206 - - [15/Jun/2013:07:05:44 +0000] "GET /materiais/docs/estruturas/aArvores.pdf HTTP/1.1" 304 0 "-" "Mozilla/5.0 (iPhone; U; CPU iPhone OS 4_1 like Mac OS X; en-us) AppleWebKit/532.9 (KHTML, like Gecko) Version/4.0.5 Mobile/8B117 Safari/6531.22.7 (compatible; Googlebot-Mobile/2.1; +http://www.google.com/bot.html)"
66.249.73.206 - - [15/Jun/2013:07:18:19 +0000] "GET /projetos/mestrado.html HTTP/1.1" 200 3261 "-" "Googlebot/2.1 (+http://www.google.com/bot.html)"
69.162.119.2 - - [15/Jun/2013:07:22:20 +0000] "GET / HTTP/1.1" 200 1811 "-" "Mozilla/4.0 (compatible; MSIE 6.0; Windows NT 5.1; SV1;)"
66.249.73.206 - - [15/Jun/2013:07:45:51 +0000] "GET /publicacoes.html HTTP/1.1" 200 7670 "-" "Googlebot/2.1 (+http://www.google.com/bot.html)"
208.115.111.68 - - [15/Jun/2013:07:48:13 +0000] "GET /robots.txt HTTP/1.1" 200 23 "-" "Mozilla/5.0 (compatible; Ezooms/1.0; ezooms.bot@gmail.com)"
66.249.73.206 - - [15/Jun/2013:08:07:47 +0000] "GET /projetos/riInteligente.html HTTP/1.1" 200 5643 "-" "Googlebot/2.1 (+http://www.google.com/bot.html)"
208.115.111.68 - - [15/Jun/2013:09:26:23 +0000] "GET /projetos/mestrado.html HTTP/1.1" 200 7248 "-" "Mozilla/5.0 (compatible; Ezooms/1.0; ezooms.bot@gmail.com)"
66.249.73.206 - - [15/Jun/2013:09:40:52 +0000] "GET /docs/bar2002.pdf HTTP/1.1" 304 0 "-" "Mozilla/5.0 (compatible; Googlebot/2.1; +http://www.google.com/bot.html)"
100.43.83.157 - - [15/Jun/2013:10:13:07 +0000] "GET /robots.txt HTTP/1.1" 200 23 "-" "Mozilla/5.0 (compatible; YandexBot/3.0; +http://yandex.com/bots)"
196.3.99.246 - - [15/Jun/2013:10:38:26 +0000] "GET /projetos/tcc.pdf HTTP/1.1" 200 672280 "http://www.google.co.mz/url?sa=t&rct=j&q=&esrc=s&source=web&cd=30&ved=0CGoQFjAJOBQ&url=http%3A%2F%2Ffbarth.net.br%2Fprojetos%2Ftcc.pdf&ei=6kK8UY6BBoTKswb_wYHgAQ&usg=AFQjCNFElsD03SmekFbp2HFsqopwOyCHDA" "Mozilla/5.0 (Windows NT 6.1; WOW64; rv:6.0) Gecko/20100101 Firefox/6.0"
196.3.99.246 - - [15/Jun/2013:10:38:27 +0000] "GET /favicon.ico HTTP/1.1" 404 926 "-" "Mozilla/5.0 (Windows NT 6.1; WOW64; rv:6.0) Gecko/20100101 Firefox/6.0"
196.3.99.246 - - [15/Jun/2013:10:38:27 +0000] "GET /favicon.ico HTTP/1.1" 404 926 "-" "Mozilla/5.0 (Windows NT 6.1; WOW64; rv:6.0) Gecko/20100101 Firefox/6.0"
196.3.99.246 - - [15/Jun/2013:10:38:28 +0000] "GET /favicon.ico HTTP/1.1" 404 926 "-" "Mozilla/5.0 (Windows NT 6.1; WOW64; rv:6.0) Gecko/20100101 Firefox/6.0"
66.249.73.206 - - [15/Jun/2013:10:57:48 +0000] "GET /materiais/docs/estruturas/aOrdenacao.pdf HTTP/1.1" 200 241908 "-" "Mozilla/5.0 (compatible; Googlebot/2.1; +http://www.google.com/bot.html)"
200.18.173.100 - - [15/Jun/2013:11:00:31 +0000] "GET /materiais/docs/ia/buscaCompetitiva.pdf HTTP/1.0" 200 230866 "http://www.google.com.br/url?sa=t&rct=j&q=busca%2Bparcial%2Bpara%2Bo%2Bjogo%2Bde%2Bxadrez&source=web&cd=3&ved=0CDkQFjAC&url=http%3A%2F%2Ffbarth.net.br%2Fmateriais%2Fdocs%2Fia%2FbuscaCompetitiva.pdf&ei=REm8UdGYNZDm8wSqiIHgDw&usg=AFQjCNFCIMvZbeT7T5ePeSyHMWrgIuLmmQ&bvm=bv.47883778,d.eWU" "Mozilla/5.0 (X11; Linux x86_64) AppleWebKit/537.31 (KHTML, like Gecko) Chrome/26.0.1410.43 Safari/537.31"
200.18.173.100 - - [15/Jun/2013:11:00:33 +0000] "GET /favicon.ico HTTP/1.0" 404 1920 "-" "Mozilla/5.0 (X11; Linux x86_64) AppleWebKit/537.31 (KHTML, like Gecko) Chrome/26.0.1410.43 Safari/537.31"
200.18.173.100 - - [15/Jun/2013:11:00:34 +0000] "GET /materiais/docs/ia/buscaCompetitiva.pdf HTTP/1.0" 200 230866 "http://fbarth.net.br/materiais/docs/ia/buscaCompetitiva.pdf" "Mozilla/5.0 (X11; Linux x86_64) AppleWebKit/537.31 (KHTML, like Gecko) Chrome/26.0.1410.43 Safari/537.31"
200.18.173.100 - - [15/Jun/2013:11:00:34 +0000] "GET /favicon.ico HTTP/1.0" 404 1920 "-" "Mozilla/5.0 (X11; Linux x86_64) AppleWebKit/537.31 (KHTML, like Gecko) Chrome/26.0.1410.43 Safari/537.31"
66.249.73.206 - - [15/Jun/2013:11:01:34 +0000] "GET /materiais/docs/am/aIntroducao.pdf HTTP/1.1" 304 0 "-" "SAMSUNG-SGH-E250/1.0 Profile/MIDP-2.0 Configuration/CLDC-1.1 UP.Browser/6.2.3.3.c.1.101 (GUI) MMP/2.0 (compatible; Googlebot-Mobile/2.1; +http://www.google.com/bot.html)"
66.249.73.206 - - [15/Jun/2013:12:06:36 +0000] "GET /docs/lop2000.pdf HTTP/1.1" 304 0 "-" "Mozilla/5.0 (compatible; Googlebot/2.1; +http://www.google.com/bot.html)"
157.55.32.52 - - [15/Jun/2013:12:07:30 +0000] "GET /robots.txt HTTP/1.1" 200 23 "-" "Mozilla/5.0 (compatible; bingbot/2.0; +http://www.bing.com/bingbot.htm)"
157.55.32.52 - - [15/Jun/2013:12:08:30 +0000] "GET / HTTP/1.1" 200 1811 "-" "Mozilla/5.0 (compatible; bingbot/2.0; +http://www.bing.com/bingbot.htm)"
66.249.73.206 - - [15/Jun/2013:12:20:42 +0000] "GET /materiais/docs/am/aIntroducao.pdf HTTP/1.1" 304 0 "-" "DoCoMo/2.0 N905i(c100;TB;W24H16) (compatible; Googlebot-Mobile/2.1; +http://www.google.com/bot.html)"
50.18.57.103 - - [15/Jun/2013:12:34:02 +0000] "GET /materiais/webMiningR.html HTTP/1.1" 200 4061 "-" "newsme/1.0; feedback@news.me"
66.249.73.206 - - [15/Jun/2013:12:42:59 +0000] "GET /materiais/docs/desenvolvimentoSistemasTVDigital_ultimaVersao.pdf HTTP/1.1" 304 0 "-" "Mozilla/5.0 (iPhone; U; CPU iPhone OS 4_1 like Mac OS X; en-us) AppleWebKit/532.9 (KHTML, like Gecko) Version/4.0.5 Mobile/8B117 Safari/6531.22.7 (compatible; Googlebot-Mobile/2.1; +http://www.google.com/bot.html)"
66.249.73.206 - - [15/Jun/2013:13:04:56 +0000] "GET /materiais/webMining/webUsageMining.pdf HTTP/1.1" 200 805697 "-" "Mozilla/5.0 (compatible; Googlebot/2.1; +http://www.google.com/bot.html)"
88.181.146.15 - - [15/Jun/2013:13:06:03 +0000] "GET / HTTP/1.1" 200 1811 "https://www.google.fr/" "Mozilla/5.0 (Windows NT 6.1; WOW64) AppleWebKit/537.36 (KHTML, like Gecko) Chrome/27.0.1453.94 Safari/537.36"
88.181.146.15 - - [15/Jun/2013:13:06:03 +0000] "GET /img/foto.jpg HTTP/1.1" 200 14854 "http://fbarth.net.br/" "Mozilla/5.0 (Windows NT 6.1; WOW64) AppleWebKit/537.36 (KHTML, like Gecko) Chrome/27.0.1453.94 Safari/537.36"
88.181.146.15 - - [15/Jun/2013:13:06:03 +0000] "GET /default.css HTTP/1.1" 200 1415 "http://fbarth.net.br/" "Mozilla/5.0 (Windows NT 6.1; WOW64) AppleWebKit/537.36 (KHTML, like Gecko) Chrome/27.0.1453.94 Safari/537.36"
88.181.146.15 - - [15/Jun/2013:13:06:03 +0000] "GET /img/body.jpg HTTP/1.1" 200 13570 "http://fbarth.net.br/" "Mozilla/5.0 (Windows NT 6.1; WOW64) AppleWebKit/537.36 (KHTML, like Gecko) Chrome/27.0.1453.94 Safari/537.36"
88.181.146.15 - - [15/Jun/2013:13:06:04 +0000] "GET /img/container.jpg HTTP/1.1" 200 2343 "http://fbarth.net.br/" "Mozilla/5.0 (Windows NT 6.1; WOW64) AppleWebKit/537.36 (KHTML, like Gecko) Chrome/27.0.1453.94 Safari/537.36"
88.181.146.15 - - [15/Jun/2013:13:06:04 +0000] "GET /img/header.jpg HTTP/1.1" 200 11112 "http://fbarth.net.br/" "Mozilla/5.0 (Windows NT 6.1; WOW64) AppleWebKit/537.36 (KHTML, like Gecko) Chrome/27.0.1453.94 Safari/537.36"
88.181.146.15 - - [15/Jun/2013:13:06:04 +0000] "GET /img/main.gif HTTP/1.1" 200 148 "http://fbarth.net.br/" "Mozilla/5.0 (Windows NT 6.1; WOW64) AppleWebKit/537.36 (KHTML, like Gecko) Chrome/27.0.1453.94 Safari/537.36"
88.181.146.15 - - [15/Jun/2013:13:06:04 +0000] "GET /favicon.ico HTTP/1.1" 404 926 "-" "Mozilla/5.0 (Windows NT 6.1; WOW64) AppleWebKit/537.36 (KHTML, like Gecko) Chrome/27.0.1453.94 Safari/537.36"
177.19.119.92 - - [15/Jun/2013:13:24:05 +0000] "GET /materiais/docs/ia/buscaCompetitiva.pdf HTTP/1.1" 200 230866 "http://www.google.com.br/url?sa=t&rct=j&q=&esrc=s&source=web&cd=6&ved=0CFMQFjAF&url=http%3A%2F%2Ffbarth.net.br%2Fmateriais%2Fdocs%2Fia%2FbuscaCompetitiva.pdf&ei=sGq8UeClFY6K9QSd2IH4AQ&usg=AFQjCNFCIMvZbeT7T5ePeSyHMWrgIuLmmQ&sig2=l6FIgyXb04S3BsRifEpD3w" "Mozilla/5.0 (Windows NT 6.1; rv:21.0) Gecko/20100101 Firefox/21.0"
177.19.119.92 - - [15/Jun/2013:13:24:06 +0000] "GET /favicon.ico HTTP/1.1" 404 926 "-" "Mozilla/5.0 (Windows NT 6.1; rv:21.0) Gecko/20100101 Firefox/21.0"
177.19.119.92 - - [15/Jun/2013:13:24:06 +0000] "GET /favicon.ico HTTP/1.1" 404 926 "-" "Mozilla/5.0 (Windows NT 6.1; rv:21.0) Gecko/20100101 Firefox/21.0"
157.56.93.39 - - [15/Jun/2013:13:26:46 +0000] "GET /robots.txt HTTP/1.1" 200 23 "-" "Mozilla/5.0 (compatible; bingbot/2.0; +http://www.bing.com/bingbot.htm)"
157.56.93.39 - - [15/Jun/2013:13:27:35 +0000] "GET /materiais/webMining/webUsageMining.pdf HTTP/1.1" 200 805697 "-" "Mozilla/5.0 (compatible; bingbot/2.0; +http://www.bing.com/bingbot.htm)"
66.249.73.206 - - [15/Jun/2013:13:59:16 +0000] "GET /docs/bar2004.pdf HTTP/1.1" 304 0 "-" "Mozilla/5.0 (compatible; Googlebot/2.1; +http://www.google.com/bot.html)"
71.168.109.155 - - [15/Jun/2013:14:29:34 +0000] "GET /robots.txt HTTP/1.0" 200 23 "-" "Mozilla/5.0 (compatible; MJ12bot/v1.4.3; http://www.majestic12.co.uk/bot.php?+)"
71.168.109.155 - - [15/Jun/2013:14:29:36 +0000] "GET /materiais.html HTTP/1.1" 200 2736 "-" "Mozilla/5.0 (compatible; MJ12bot/v1.4.3; http://www.majestic12.co.uk/bot.php?+)"
187.33.38.22 - - [15/Jun/2013:14:54:45 +0000] "GET /favicon.ico HTTP/1.1" 404 926 "-" "Mozilla/5.0 (Macintosh; Intel Mac OS X 10_8_3) AppleWebKit/537.36 (KHTML, like Gecko) Chrome/27.0.1453.93 Safari/537.36"
187.33.38.22 - - [15/Jun/2013:14:54:47 +0000] "GET /favicon.ico HTTP/1.1" 404 926 "-" "Mozilla/5.0 (Macintosh; Intel Mac OS X 10_8_3) AppleWebKit/537.36 (KHTML, like Gecko) Chrome/27.0.1453.93 Safari/537.36"
187.33.38.22 - - [15/Jun/2013:14:54:49 +0000] "GET /favicon.ico HTTP/1.1" 404 926 "-" "Mozilla/5.0 (Macintosh; Intel Mac OS X 10_8_3) AppleWebKit/537.36 (KHTML, like Gecko) Chrome/27.0.1453.93 Safari/537.36"
187.33.38.22 - - [15/Jun/2013:14:54:51 +0000] "GET /materiais/palestras.html HTTP/1.1" 304 0 "http://fbarth.net.br/materiais.html" "Mozilla/5.0 (Macintosh; Intel Mac OS X 10_8_3) AppleWebKit/537.36 (KHTML, like Gecko) Chrome/27.0.1453.93 Safari/537.36"
187.33.38.22 - - [15/Jun/2013:14:54:51 +0000] "GET /favicon.ico HTTP/1.1" 404 926 "-" "Mozilla/5.0 (Macintosh; Intel Mac OS X 10_8_3) AppleWebKit/537.36 (KHTML, like Gecko) Chrome/27.0.1453.93 Safari/537.36"
187.33.38.22 - - [15/Jun/2013:14:54:52 +0000] "GET /materiais/webMiningR.html HTTP/1.1" 304 0 "http://fbarth.net.br/materiais/palestras.html" "Mozilla/5.0 (Macintosh; Intel Mac OS X 10_8_3) AppleWebKit/537.36 (KHTML, like Gecko) Chrome/27.0.1453.93 Safari/537.36"
187.33.38.22 - - [15/Jun/2013:14:54:52 +0000] "GET /favicon.ico HTTP/1.1" 404 926 "-" "Mozilla/5.0 (Macintosh; Intel Mac OS X 10_8_3) AppleWebKit/537.36 (KHTML, like Gecko) Chrome/27.0.1453.93 Safari/537.36"
187.33.38.22 - - [15/Jun/2013:14:54:54 +0000] "GET /favicon.ico HTTP/1.1" 404 926 "-" "Mozilla/5.0 (Macintosh; Intel Mac OS X 10_8_3) AppleWebKit/537.36 (KHTML, like Gecko) Chrome/27.0.1453.93 Safari/537.36"
187.33.38.22 - - [15/Jun/2013:14:54:56 +0000] "GET /favicon.ico HTTP/1.1" 404 926 "-" "Mozilla/5.0 (Macintosh; Intel Mac OS X 10_8_3) AppleWebKit/537.36 (KHTML, like Gecko) Chrome/27.0.1453.93 Safari/537.36"
187.33.38.22 - - [15/Jun/2013:14:54:58 +0000] "GET /favicon.ico HTTP/1.1" 404 926 "-" "Mozilla/5.0 (Macintosh; Intel Mac OS X 10_8_3) AppleWebKit/537.36 (KHTML, like Gecko) Chrome/27.0.1453.93 Safari/537.36"
187.33.38.22 - - [15/Jun/2013:14:54:59 +0000] "GET /favicon.ico HTTP/1.1" 404 926 "-" "Mozilla/5.0 (Macintosh; Intel Mac OS X 10_8_3) AppleWebKit/537.36 (KHTML, like Gecko) Chrome/27.0.1453.93 Safari/537.36"
187.33.38.22 - - [15/Jun/2013:14:55:01 +0000] "GET /favicon.ico HTTP/1.1" 404 926 "-" "Mozilla/5.0 (Macintosh; Intel Mac OS X 10_8_3) AppleWebKit/537.36 (KHTML, like Gecko) Chrome/27.0.1453.93 Safari/537.36"
187.33.38.22 - - [15/Jun/2013:14:55:02 +0000] "GET /favicon.ico HTTP/1.1" 404 926 "-" "Mozilla/5.0 (Macintosh; Intel Mac OS X 10_8_3) AppleWebKit/537.36 (KHTML, like Gecko) Chrome/27.0.1453.93 Safari/537.36"
187.33.38.22 - - [15/Jun/2013:14:55:04 +0000] "GET /favicon.ico HTTP/1.1" 404 926 "-" "Mozilla/5.0 (Macintosh; Intel Mac OS X 10_8_3) AppleWebKit/537.36 (KHTML, like Gecko) Chrome/27.0.1453.93 Safari/537.36"
187.33.38.22 - - [15/Jun/2013:15:01:01 +0000] "GET /materiais/webMiningR.html HTTP/1.1" 200 1810 "http://fbarth.net.br/materiais/palestras.html" "Mozilla/5.0 (Macintosh; Intel Mac OS X 10_8_3) AppleWebKit/537.36 (KHTML, like Gecko) Chrome/27.0.1453.93 Safari/537.36"
187.33.38.22 - - [15/Jun/2013:15:01:01 +0000] "GET /default.css HTTP/1.1" 304 0 "http://fbarth.net.br/" "Mozilla/5.0 (Macintosh; Intel Mac OS X 10_8_3) AppleWebKit/537.36 (KHTML, like Gecko) Chrome/27.0.1453.93 Safari/537.36"
187.33.38.22 - - [15/Jun/2013:15:01:01 +0000] "GET /img/body.jpg HTTP/1.1" 304 0 "http://fbarth.net.br/" "Mozilla/5.0 (Macintosh; Intel Mac OS X 10_8_3) AppleWebKit/537.36 (KHTML, like Gecko) Chrome/27.0.1453.93 Safari/537.36"
187.33.38.22 - - [15/Jun/2013:15:01:01 +0000] "GET /img/container.jpg HTTP/1.1" 304 0 "http://fbarth.net.br/" "Mozilla/5.0 (Macintosh; Intel Mac OS X 10_8_3) AppleWebKit/537.36 (KHTML, like Gecko) Chrome/27.0.1453.93 Safari/537.36"
187.33.38.22 - - [15/Jun/2013:15:01:01 +0000] "GET /img/main.gif HTTP/1.1" 304 0 "http://fbarth.net.br/" "Mozilla/5.0 (Macintosh; Intel Mac OS X 10_8_3) AppleWebKit/537.36 (KHTML, like Gecko) Chrome/27.0.1453.93 Safari/537.36"
187.33.38.22 - - [15/Jun/2013:15:01:01 +0000] "GET /img/header.jpg HTTP/1.1" 304 0 "http://fbarth.net.br/" "Mozilla/5.0 (Macintosh; Intel Mac OS X 10_8_3) AppleWebKit/537.36 (KHTML, like Gecko) Chrome/27.0.1453.93 Safari/537.36"
187.33.38.22 - - [15/Jun/2013:15:01:04 +0000] "GET /img/li.gif HTTP/1.1" 304 0 "http://fbarth.net.br/materiais.html" "Mozilla/5.0 (Macintosh; Intel Mac OS X 10_8_3) AppleWebKit/537.36 (KHTML, like Gecko) Chrome/27.0.1453.93 Safari/537.36"
187.33.38.22 - - [15/Jun/2013:15:02:17 +0000] "GET /favicon.ico HTTP/1.1" 404 926 "-" "Mozilla/5.0 (Macintosh; Intel Mac OS X 10_8_3) AppleWebKit/537.36 (KHTML, like Gecko) Chrome/27.0.1453.93 Safari/537.36"
66.249.73.206 - - [15/Jun/2013:15:04:48 +0000] "GET /publicacoes.html HTTP/1.1" 304 0 "-" "Mozilla/5.0 (compatible; Googlebot/2.1; +http://www.google.com/bot.html)"
66.249.73.206 - - [15/Jun/2013:15:29:21 +0000] "GET /materiais/docs/ia/agentesInteligentes.pdf HTTP/1.1" 304 0 "-" "Mozilla/5.0 (compatible; Googlebot/2.1; +http://www.google.com/bot.html)"
189.35.13.142 - - [15/Jun/2013:15:51:19 +0000] "GET /materiais/webMiningR.html HTTP/1.1" 200 1810 "http://t.co/FFow8GwAJB" "Mozilla/5.0 (Windows NT 6.2; WOW64) AppleWebKit/537.36 (KHTML, like Gecko) Chrome/27.0.1453.110 Safari/537.36"
189.35.13.142 - - [15/Jun/2013:15:51:20 +0000] "GET /default.css HTTP/1.1" 200 1415 "http://fbarth.net.br/materiais/webMiningR.html" "Mozilla/5.0 (Windows NT 6.2; WOW64) AppleWebKit/537.36 (KHTML, like Gecko) Chrome/27.0.1453.110 Safari/537.36"
189.35.13.142 - - [15/Jun/2013:15:51:20 +0000] "GET /img/body.jpg HTTP/1.1" 200 13570 "http://fbarth.net.br/materiais/webMiningR.html" "Mozilla/5.0 (Windows NT 6.2; WOW64) AppleWebKit/537.36 (KHTML, like Gecko) Chrome/27.0.1453.110 Safari/537.36"
189.35.13.142 - - [15/Jun/2013:15:51:20 +0000] "GET /img/container.jpg HTTP/1.1" 200 2343 "http://fbarth.net.br/materiais/webMiningR.html" "Mozilla/5.0 (Windows NT 6.2; WOW64) AppleWebKit/537.36 (KHTML, like Gecko) Chrome/27.0.1453.110 Safari/537.36"
189.35.13.142 - - [15/Jun/2013:15:51:20 +0000] "GET /img/main.gif HTTP/1.1" 200 148 "http://fbarth.net.br/materiais/webMiningR.html" "Mozilla/5.0 (Windows NT 6.2; WOW64) AppleWebKit/537.36 (KHTML, like Gecko) Chrome/27.0.1453.110 Safari/537.36"
189.35.13.142 - - [15/Jun/2013:15:51:20 +0000] "GET /img/header.jpg HTTP/1.1" 200 11112 "http://fbarth.net.br/materiais/webMiningR.html" "Mozilla/5.0 (Windows NT 6.2; WOW64) AppleWebKit/537.36 (KHTML, like Gecko) Chrome/27.0.1453.110 Safari/537.36"
189.35.13.142 - - [15/Jun/2013:15:51:20 +0000] "GET /img/li.gif HTTP/1.1" 200 199 "http://fbarth.net.br/materiais/webMiningR.html" "Mozilla/5.0 (Windows NT 6.2; WOW64) AppleWebKit/537.36 (KHTML, like Gecko) Chrome/27.0.1453.110 Safari/537.36"
189.35.13.142 - - [15/Jun/2013:15:51:20 +0000] "GET /favicon.ico HTTP/1.1" 404 926 "-" "Mozilla/5.0 (Windows NT 6.2; WOW64) AppleWebKit/537.36 (KHTML, like Gecko) Chrome/27.0.1453.110 Safari/537.36"
50.16.106.179 - - [15/Jun/2013:15:51:43 +0000] "GET /materiais/webMiningR.html HTTP/1.1" 200 1810 "-" "HTTP_Request2/2.1.1 (http://pear.php.net/package/http_request2) PHP/5.3.2-1ubuntu4.18"
100.43.83.157 - - [15/Jun/2013:15:53:14 +0000] "GET /docs/bar2003.pdf HTTP/1.1" 200 402349 "-" "Mozilla/5.0 (compatible; YandexBot/3.0; +http://yandex.com/bots)"
180.76.5.191 - - [15/Jun/2013:15:57:52 +0000] "GET /projetos/investigacao.html HTTP/1.1" 200 2736 "-" "Mozilla/5.0 (compatible; Baiduspider/2.0; +http://www.baidu.com/search/spider.html)"
66.249.73.206 - - [15/Jun/2013:16:03:40 +0000] "GET /materiais/webMining/index.html HTTP/1.1" 200 1671 "-" "Mozilla/5.0 (compatible; Googlebot/2.1; +http://www.google.com/bot.html)"
66.249.73.206 - - [15/Jun/2013:16:05:51 +0000] "GET /materiais/docs/ia/busca_versaoFabricio.pdf HTTP/1.1" 304 0 "-" "Mozilla/5.0 (compatible; Googlebot/2.1; +http://www.google.com/bot.html)"
65.55.24.234 - - [15/Jun/2013:16:08:46 +0000] "GET /robots.txt HTTP/1.1" 200 23 "-" "Mozilla/5.0 (compatible; bingbot/2.0; +http://www.bing.com/bingbot.htm)"
65.55.24.234 - - [15/Jun/2013:16:09:41 +0000] "GET /publicacoes.html HTTP/1.1" 200 7670 "-" "Mozilla/5.0 (compatible; bingbot/2.0; +http://www.bing.com/bingbot.htm)"
66.249.73.206 - - [15/Jun/2013:16:10:12 +0000] "GET /default.css HTTP/1.1" 200 1415 "-" "Mozilla/5.0 (compatible; Googlebot/2.1; +http://www.google.com/bot.html)"
176.57.143.60 - - [15/Jun/2013:16:26:01 +0000] "GET /docs/bar2002a.pdf HTTP/1.1" 200 79506 "-" "Mozilla/5.0 (X11; Linux i686; rv:6.0) Gecko/20100101 Firefox/6.0"
142.4.217.219 - - [15/Jun/2013:16:26:03 +0000] "GET /docs/bar2004.pdf HTTP/1.1" 200 133907 "-" "Mozilla/5.0 (X11; Linux i686; rv:6.0) Gecko/20100101 Firefox/6.0"
142.4.217.221 - - [15/Jun/2013:16:26:07 +0000] "GET /docs/bar2004a.pdf HTTP/1.1" 200 10474 "-" "Mozilla/5.0 (X11; Linux i686; rv:6.0) Gecko/20100101 Firefox/6.0"
142.4.217.219 - - [15/Jun/2013:16:26:14 +0000] "GET /docs/bar2003.pdf HTTP/1.1" 200 402349 "-" "Mozilla/5.0 (X11; Linux i686; rv:6.0) Gecko/20100101 Firefox/6.0"
142.4.217.219 - - [15/Jun/2013:16:26:14 +0000] "GET /projetos/dissertacao.pdf HTTP/1.1" 200 1700638 "-" "Mozilla/5.0 (X11; Linux i686; rv:6.0) Gecko/20100101 Firefox/6.0"
66.249.73.206 - - [15/Jun/2013:16:57:25 +0000] "GET /docs/uch2008.pdf HTTP/1.1" 200 380886 "-" "Mozilla/5.0 (compatible; Googlebot/2.1; +http://www.google.com/bot.html)"
187.33.38.21 - - [15/Jun/2013:17:04:47 +0000] "GET / HTTP/1.1" 200 3990 "-" "Mozilla/5.0 (Windows NT 6.1; WOW64; rv:21.0) Gecko/20100101 Firefox/21.0"
187.33.38.21 - - [15/Jun/2013:17:04:48 +0000] "GET /default.css HTTP/1.1" 200 3614 "http://fbarth.net.br/" "Mozilla/5.0 (Windows NT 6.1; WOW64; rv:21.0) Gecko/20100101 Firefox/21.0"
187.33.38.21 - - [15/Jun/2013:17:04:48 +0000] "GET /img/foto.jpg HTTP/1.1" 200 14854 "http://fbarth.net.br/" "Mozilla/5.0 (Windows NT 6.1; WOW64; rv:21.0) Gecko/20100101 Firefox/21.0"
187.33.38.21 - - [15/Jun/2013:17:04:48 +0000] "GET /img/header.jpg HTTP/1.1" 200 11112 "http://fbarth.net.br/default.css" "Mozilla/5.0 (Windows NT 6.1; WOW64; rv:21.0) Gecko/20100101 Firefox/21.0"
187.33.38.21 - - [15/Jun/2013:17:04:48 +0000] "GET /img/container.jpg HTTP/1.1" 200 2343 "http://fbarth.net.br/default.css" "Mozilla/5.0 (Windows NT 6.1; WOW64; rv:21.0) Gecko/20100101 Firefox/21.0"
187.33.38.21 - - [15/Jun/2013:17:04:48 +0000] "GET /img/main.gif HTTP/1.1" 200 148 "http://fbarth.net.br/default.css" "Mozilla/5.0 (Windows NT 6.1; WOW64; rv:21.0) Gecko/20100101 Firefox/21.0"
187.33.38.21 - - [15/Jun/2013:17:04:48 +0000] "GET /img/body.jpg HTTP/1.1" 200 13570 "http://fbarth.net.br/default.css" "Mozilla/5.0 (Windows NT 6.1; WOW64; rv:21.0) Gecko/20100101 Firefox/21.0"
187.33.38.21 - - [15/Jun/2013:17:04:49 +0000] "GET /favicon.ico HTTP/1.1" 404 1920 "-" "Mozilla/5.0 (Windows NT 6.1; WOW64; rv:21.0) Gecko/20100101 Firefox/21.0"
187.33.38.21 - - [15/Jun/2013:17:04:51 +0000] "GET /materiais.html HTTP/1.1" 200 2736 "http://fbarth.net.br/" "Mozilla/5.0 (Windows NT 6.1; WOW64; rv:21.0) Gecko/20100101 Firefox/21.0"
187.33.38.21 - - [15/Jun/2013:17:04:51 +0000] "GET /img/li.gif HTTP/1.1" 200 199 "http://fbarth.net.br/default.css" "Mozilla/5.0 (Windows NT 6.1; WOW64; rv:21.0) Gecko/20100101 Firefox/21.0"
187.33.38.21 - - [15/Jun/2013:17:04:53 +0000] "GET /materiais/palestras.html HTTP/1.1" 200 4005 "http://fbarth.net.br/materiais.html" "Mozilla/5.0 (Windows NT 6.1; WOW64; rv:21.0) Gecko/20100101 Firefox/21.0"
187.33.38.21 - - [15/Jun/2013:17:04:57 +0000] "GET /materiais/webMiningR.html HTTP/1.1" 200 4063 "http://fbarth.net.br/materiais/palestras.html" "Mozilla/5.0 (Windows NT 6.1; WOW64; rv:21.0) Gecko/20100101 Firefox/21.0"
187.33.38.21 - - [15/Jun/2013:17:05:54 +0000] "GET /favicon.ico HTTP/1.1" 404 1920 "-" "Mozilla/5.0 (Windows NT 6.1; WOW64; rv:21.0) Gecko/20100101 Firefox/21.0"
187.33.38.21 - - [15/Jun/2013:17:05:54 +0000] "GET /favicon.ico HTTP/1.1" 404 1920 "-" "Mozilla/5.0 (Windows NT 6.1; WOW64; rv:21.0) Gecko/20100101 Firefox/21.0"
187.33.38.21 - - [15/Jun/2013:17:06:23 +0000] "GET /favicon.ico HTTP/1.1" 404 1920 "-" "Mozilla/5.0 (Windows NT 6.1; WOW64) AppleWebKit/537.36 (KHTML, like Gecko) Chrome/27.0.1453.110 Safari/537.36"
187.33.38.21 - - [15/Jun/2013:17:06:25 +0000] "GET /index.html HTTP/1.1" 200 3990 "http://fbarth.net.br/materiais/webMiningR.html" "Mozilla/5.0 (Windows NT 6.1; WOW64; rv:21.0) Gecko/20100101 Firefox/21.0"
187.33.38.21 - - [15/Jun/2013:17:06:36 +0000] "GET /favicon.ico HTTP/1.1" 404 1920 "-" "Mozilla/5.0 (Windows NT 6.1; WOW64) AppleWebKit/537.36 (KHTML, like Gecko) Chrome/27.0.1453.110 Safari/537.36"
187.33.38.21 - - [15/Jun/2013:17:06:37 +0000] "GET /materiais/webmining.html HTTP/1.1" 404 1920 "-" "Mozilla/5.0 (Windows NT 6.1; WOW64) AppleWebKit/537.36 (KHTML, like Gecko) Chrome/27.0.1453.110 Safari/537.36"
187.33.38.21 - - [15/Jun/2013:17:06:38 +0000] "GET /favicon.ico HTTP/1.1" 404 1920 "-" "Mozilla/5.0 (Windows NT 6.1; WOW64) AppleWebKit/537.36 (KHTML, like Gecko) Chrome/27.0.1453.110 Safari/537.36"
187.33.38.21 - - [15/Jun/2013:17:06:38 +0000] "GET /favicon.ico HTTP/1.1" 404 1920 "-" "Mozilla/5.0 (Windows NT 6.1; WOW64) AppleWebKit/537.36 (KHTML, like Gecko) Chrome/27.0.1453.110 Safari/537.36"
187.33.38.21 - - [15/Jun/2013:17:06:51 +0000] "GET /materiais/webminingR.html HTTP/1.1" 404 1920 "-" "Mozilla/5.0 (Windows NT 6.1; WOW64) AppleWebKit/537.36 (KHTML, like Gecko) Chrome/27.0.1453.110 Safari/537.36"
187.33.38.21 - - [15/Jun/2013:17:06:51 +0000] "GET /favicon.ico HTTP/1.1" 404 1920 "-" "Mozilla/5.0 (Windows NT 6.1; WOW64) AppleWebKit/537.36 (KHTML, like Gecko) Chrome/27.0.1453.110 Safari/537.36"
187.33.38.21 - - [15/Jun/2013:17:06:58 +0000] "GET /favicon.ico HTTP/1.1" 404 1920 "-" "Mozilla/5.0 (Windows NT 6.1; WOW64) AppleWebKit/537.36 (KHTML, like Gecko) Chrome/27.0.1453.110 Safari/537.36"
187.33.38.21 - - [15/Jun/2013:17:07:13 +0000] "GET /materiais/webminingR.html HTTP/1.1" 404 1920 "-" "Mozilla/5.0 (Windows NT 6.1; WOW64) AppleWebKit/537.36 (KHTML, like Gecko) Chrome/27.0.1453.110 Safari/537.36"
187.33.38.21 - - [15/Jun/2013:17:07:14 +0000] "GET /favicon.ico HTTP/1.1" 404 1920 "-" "Mozilla/5.0 (Windows NT 6.1; WOW64) AppleWebKit/537.36 (KHTML, like Gecko) Chrome/27.0.1453.110 Safari/537.36"
187.33.38.21 - - [15/Jun/2013:17:07:19 +0000] "GET /materiais/webminingR.htm HTTP/1.1" 404 1920 "-" "Mozilla/5.0 (Windows NT 6.1; WOW64) AppleWebKit/537.36 (KHTML, like Gecko) Chrome/27.0.1453.110 Safari/537.36"
187.33.38.21 - - [15/Jun/2013:17:07:19 +0000] "GET /favicon.ico HTTP/1.1" 404 1920 "-" "Mozilla/5.0 (Windows NT 6.1; WOW64) AppleWebKit/537.36 (KHTML, like Gecko) Chrome/27.0.1453.110 Safari/537.36"
187.33.38.21 - - [15/Jun/2013:17:07:27 +0000] "GET /materiais/docs/aula01.pdf HTTP/1.1" 200 65718 "http://fbarth.net.br/materiais/webMiningR.html" "Mozilla/5.0 (Windows NT 6.1; WOW64; rv:21.0) Gecko/20100101 Firefox/21.0"
187.33.38.21 - - [15/Jun/2013:17:07:49 +0000] "GET /favicon.ico HTTP/1.1" 404 1920 "-" "Mozilla/5.0 (Windows NT 6.1; WOW64) AppleWebKit/537.36 (KHTML, like Gecko) Chrome/27.0.1453.110 Safari/537.36"
187.33.38.21 - - [15/Jun/2013:17:07:55 +0000] "GET /favicon.ico HTTP/1.1" 404 1920 "-" "Mozilla/5.0 (Windows NT 6.1; WOW64) AppleWebKit/537.36 (KHTML, like Gecko) Chrome/27.0.1453.110 Safari/537.36"
187.33.38.21 - - [15/Jun/2013:17:08:09 +0000] "GET /favicon.ico HTTP/1.1" 404 1920 "-" "Mozilla/5.0 (Windows NT 6.1; WOW64) AppleWebKit/537.36 (KHTML, like Gecko) Chrome/27.0.1453.110 Safari/537.36"
187.33.38.21 - - [15/Jun/2013:17:08:33 +0000] "GET /favicon.ico HTTP/1.1" 404 1920 "-" "Mozilla/5.0 (Windows NT 6.1; WOW64) AppleWebKit/537.36 (KHTML, like Gecko) Chrome/27.0.1453.110 Safari/537.36"
187.33.38.21 - - [15/Jun/2013:17:08:52 +0000] "GET /materiais/webminingR.html HTTP/1.1" 404 1920 "-" "Mozilla/5.0 (Windows NT 6.1; WOW64) AppleWebKit/537.36 (KHTML, like Gecko) Chrome/27.0.1453.110 Safari/537.36"
187.33.38.21 - - [15/Jun/2013:17:08:52 +0000] "GET /favicon.ico HTTP/1.1" 404 1920 "-" "Mozilla/5.0 (Windows NT 6.1; WOW64) AppleWebKit/537.36 (KHTML, like Gecko) Chrome/27.0.1453.110 Safari/537.36"
187.33.38.21 - - [15/Jun/2013:17:09:18 +0000] "GET /favicon.ico HTTP/1.1" 404 1920 "-" "Mozilla/5.0 (Windows NT 6.1; WOW64) AppleWebKit/537.36 (KHTML, like Gecko) Chrome/27.0.1453.110 Safari/537.36"
187.33.38.21 - - [15/Jun/2013:17:10:00 +0000] "GET /favicon.ico HTTP/1.1" 404 1920 "-" "Mozilla/5.0 (Windows NT 6.1; WOW64) AppleWebKit/537.36 (KHTML, like Gecko) Chrome/27.0.1453.110 Safari/537.36"
187.33.38.21 - - [15/Jun/2013:17:10:03 +0000] "GET /favicon.ico HTTP/1.1" 404 1920 "-" "Mozilla/5.0 (Windows NT 6.1; WOW64) AppleWebKit/537.36 (KHTML, like Gecko) Chrome/27.0.1453.110 Safari/537.36"
187.33.38.21 - - [15/Jun/2013:17:10:03 +0000] "GET /favicon.ico HTTP/1.1" 404 1920 "-" "Mozilla/5.0 (Windows NT 6.1; WOW64) AppleWebKit/537.36 (KHTML, like Gecko) Chrome/27.0.1453.110 Safari/537.36"
187.33.38.21 - - [15/Jun/2013:17:10:10 +0000] "GET /favicon.ico HTTP/1.1" 404 1920 "-" "Mozilla/5.0 (Windows NT 6.1; WOW64) AppleWebKit/537.36 (KHTML, like Gecko) Chrome/27.0.1453.110 Safari/537.36"
187.33.38.21 - - [15/Jun/2013:17:10:13 +0000] "GET /publicacoes.html HTTP/1.1" 200 19005 "http://fbarth.net.br/" "Mozilla/5.0 (Windows NT 6.1; WOW64) AppleWebKit/537.36 (KHTML, like Gecko) Chrome/27.0.1453.110 Safari/537.36"
187.33.38.21 - - [15/Jun/2013:17:10:14 +0000] "GET /favicon.ico HTTP/1.1" 404 1920 "-" "Mozilla/5.0 (Windows NT 6.1; WOW64) AppleWebKit/537.36 (KHTML, like Gecko) Chrome/27.0.1453.110 Safari/537.36"
187.33.38.21 - - [15/Jun/2013:17:10:16 +0000] "GET /favicon.ico HTTP/1.1" 404 1920 "-" "Mozilla/5.0 (Windows NT 6.1; WOW64) AppleWebKit/537.36 (KHTML, like Gecko) Chrome/27.0.1453.110 Safari/537.36"
187.33.38.21 - - [15/Jun/2013:17:10:18 +0000] "GET /materiais/codigos.html HTTP/1.1" 200 3469 "http://fbarth.net.br/materiais.html" "Mozilla/5.0 (Windows NT 6.1; WOW64) AppleWebKit/537.36 (KHTML, like Gecko) Chrome/27.0.1453.110 Safari/537.36"
187.33.38.21 - - [15/Jun/2013:17:10:18 +0000] "GET /favicon.ico HTTP/1.1" 404 1920 "-" "Mozilla/5.0 (Windows NT 6.1; WOW64) AppleWebKit/537.36 (KHTML, like Gecko) Chrome/27.0.1453.110 Safari/537.36"
187.33.38.21 - - [15/Jun/2013:17:10:26 +0000] "GET /projetos.html HTTP/1.1" 200 3518 "http://fbarth.net.br/materiais/codigos.html" "Mozilla/5.0 (Windows NT 6.1; WOW64) AppleWebKit/537.36 (KHTML, like Gecko) Chrome/27.0.1453.110 Safari/537.36"
187.33.38.21 - - [15/Jun/2013:17:10:27 +0000] "GET /favicon.ico HTTP/1.1" 404 1920 "-" "Mozilla/5.0 (Windows NT 6.1; WOW64) AppleWebKit/537.36 (KHTML, like Gecko) Chrome/27.0.1453.110 Safari/537.36"
187.33.38.21 - - [15/Jun/2013:17:10:36 +0000] "GET /favicon.ico HTTP/1.1" 404 1920 "-" "Mozilla/5.0 (Windows NT 6.1; WOW64) AppleWebKit/537.36 (KHTML, like Gecko) Chrome/27.0.1453.110 Safari/537.36"
187.33.38.21 - - [15/Jun/2013:17:10:37 +0000] "GET /favicon.ico HTTP/1.1" 404 1920 "-" "Mozilla/5.0 (Windows NT 6.1; WOW64) AppleWebKit/537.36 (KHTML, like Gecko) Chrome/27.0.1453.110 Safari/537.36"
187.33.38.21 - - [15/Jun/2013:17:10:39 +0000] "GET /materiais/textos.html HTTP/1.1" 200 2883 "http://fbarth.net.br/materiais.html" "Mozilla/5.0 (Windows NT 6.1; WOW64) AppleWebKit/537.36 (KHTML, like Gecko) Chrome/27.0.1453.110 Safari/537.36"
187.33.38.21 - - [15/Jun/2013:17:10:40 +0000] "GET /favicon.ico HTTP/1.1" 404 1920 "-" "Mozilla/5.0 (Windows NT 6.1; WOW64) AppleWebKit/537.36 (KHTML, like Gecko) Chrome/27.0.1453.110 Safari/537.36"
187.33.38.21 - - [15/Jun/2013:17:11:14 +0000] "GET /favicon.ico HTTP/1.1" 404 1920 "-" "Mozilla/5.0 (Windows NT 6.1; WOW64) AppleWebKit/537.36 (KHTML, like Gecko) Chrome/27.0.1453.110 Safari/537.36"
187.33.38.21 - - [15/Jun/2013:17:11:14 +0000] "GET /favicon.ico HTTP/1.1" 404 1920 "-" "Mozilla/5.0 (Windows NT 6.1; WOW64) AppleWebKit/537.36 (KHTML, like Gecko) Chrome/27.0.1453.110 Safari/537.36"
180.76.5.26 - - [15/Jun/2013:17:12:30 +0000] "GET /publicacoes.html HTTP/1.1" 304 0 "-" "Mozilla/5.0 (compatible; Baiduspider/2.0; +http://www.baidu.com/search/spider.html)"
187.33.38.21 - - [15/Jun/2013:17:12:38 +0000] "GET /favicon.ico HTTP/1.1" 404 1920 "-" "Mozilla/5.0 (Windows NT 6.1; WOW64) AppleWebKit/537.36 (KHTML, like Gecko) Chrome/27.0.1453.110 Safari/537.36"
187.33.38.21 - - [15/Jun/2013:17:12:39 +0000] "GET /favicon.ico HTTP/1.1" 404 1920 "-" "Mozilla/5.0 (Windows NT 6.1; WOW64) AppleWebKit/537.36 (KHTML, like Gecko) Chrome/27.0.1453.110 Safari/537.36"
187.33.38.21 - - [15/Jun/2013:17:13:04 +0000] "GET /favicon.ico HTTP/1.1" 404 1920 "-" "Mozilla/5.0 (Windows NT 6.1; WOW64) AppleWebKit/537.36 (KHTML, like Gecko) Chrome/27.0.1453.110 Safari/537.36"
187.33.38.21 - - [15/Jun/2013:17:13:09 +0000] "GET /materiais/disciplinas.html HTTP/1.1" 200 2451 "http://fbarth.net.br/materiais.html" "Mozilla/5.0 (Windows NT 6.1; WOW64) AppleWebKit/537.36 (KHTML, like Gecko) Chrome/27.0.1453.110 Safari/537.36"
187.33.38.21 - - [15/Jun/2013:17:13:10 +0000] "GET /favicon.ico HTTP/1.1" 404 1920 "-" "Mozilla/5.0 (Windows NT 6.1; WOW64) AppleWebKit/537.36 (KHTML, like Gecko) Chrome/27.0.1453.110 Safari/537.36"
187.33.38.21 - - [15/Jun/2013:17:13:12 +0000] "GET /favicon.ico HTTP/1.1" 404 1920 "-" "Mozilla/5.0 (Windows NT 6.1; WOW64) AppleWebKit/537.36 (KHTML, like Gecko) Chrome/27.0.1453.110 Safari/537.36"
187.33.38.21 - - [15/Jun/2013:17:13:13 +0000] "GET /favicon.ico HTTP/1.1" 404 1920 "-" "Mozilla/5.0 (Windows NT 6.1; WOW64) AppleWebKit/537.36 (KHTML, like Gecko) Chrome/27.0.1453.110 Safari/537.36"
187.33.38.21 - - [15/Jun/2013:17:13:34 +0000] "GET /materiais/docs/aula02.pdf HTTP/1.1" 206 32768 "http://fbarth.net.br/materiais/docs/aula02.pdf" "Mozilla/5.0 (Windows NT 6.1; WOW64) AppleWebKit/537.36 (KHTML, like Gecko) Chrome/27.0.1453.110 Safari/537.36"
187.33.38.21 - - [15/Jun/2013:17:13:34 +0000] "GET /favicon.ico HTTP/1.1" 404 1920 "-" "Mozilla/5.0 (Windows NT 6.1; WOW64) AppleWebKit/537.36 (KHTML, like Gecko) Chrome/27.0.1453.110 Safari/537.36"
187.33.38.21 - - [15/Jun/2013:17:13:34 +0000] "GET /materiais/docs/aula02.pdf HTTP/1.1" 200 350142 "http://fbarth.net.br/materiais/webMiningR.html" "Mozilla/5.0 (Windows NT 6.1; WOW64) AppleWebKit/537.36 (KHTML, like Gecko) Chrome/27.0.1453.110 Safari/537.36"
187.33.38.21 - - [15/Jun/2013:17:13:35 +0000] "GET /materiais/docs/aula02.pdf HTTP/1.1" 206 1179631 "http://fbarth.net.br/materiais/docs/aula02.pdf" "Mozilla/5.0 (Windows NT 6.1; WOW64) AppleWebKit/537.36 (KHTML, like Gecko) Chrome/27.0.1453.110 Safari/537.36"
187.33.38.21 - - [15/Jun/2013:17:13:36 +0000] "GET /favicon.ico HTTP/1.1" 404 1920 "-" "Mozilla/5.0 (Windows NT 6.1; WOW64) AppleWebKit/537.36 (KHTML, like Gecko) Chrome/27.0.1453.110 Safari/537.36"
187.33.38.21 - - [15/Jun/2013:17:15:26 +0000] "GET /materiais/docs/aula02.pdf HTTP/1.1" 200 1212399 "http://fbarth.net.br/materiais/webMiningR.html" "Mozilla/5.0 (Windows NT 6.1; WOW64; rv:21.0) Gecko/20100101 Firefox/21.0"
187.33.38.21 - - [15/Jun/2013:17:15:29 +0000] "GET /favicon.ico HTTP/1.1" 404 1920 "-" "Mozilla/5.0 (Windows NT 6.1; WOW64) AppleWebKit/537.36 (KHTML, like Gecko) Chrome/27.0.1453.110 Safari/537.36"
187.33.38.21 - - [15/Jun/2013:17:15:33 +0000] "GET /favicon.ico HTTP/1.1" 404 1920 "-" "Mozilla/5.0 (Windows NT 6.1; WOW64) AppleWebKit/537.36 (KHTML, like Gecko) Chrome/27.0.1453.110 Safari/537.36"
187.33.38.21 - - [15/Jun/2013:17:15:34 +0000] "GET /favicon.ico HTTP/1.1" 404 1920 "-" "Mozilla/5.0 (Windows NT 6.1; WOW64) AppleWebKit/537.36 (KHTML, like Gecko) Chrome/27.0.1453.110 Safari/537.36"
187.33.38.21 - - [15/Jun/2013:17:18:27 +0000] "GET /favicon.ico HTTP/1.1" 404 1920 "-" "Mozilla/5.0 (Windows NT 6.1; WOW64) AppleWebKit/537.36 (KHTML, like Gecko) Chrome/27.0.1453.110 Safari/537.36"
187.33.38.21 - - [15/Jun/2013:17:19:06 +0000] "GET /favicon.ico HTTP/1.1" 404 1920 "-" "Mozilla/5.0 (Windows NT 6.1; WOW64) AppleWebKit/537.36 (KHTML, like Gecko) Chrome/27.0.1453.110 Safari/537.36"
187.33.38.21 - - [15/Jun/2013:17:19:17 +0000] "GET /favicon.ico HTTP/1.1" 404 1920 "-" "Mozilla/5.0 (Windows NT 6.1; WOW64) AppleWebKit/537.36 (KHTML, like Gecko) Chrome/27.0.1453.110 Safari/537.36"
187.33.38.21 - - [15/Jun/2013:17:19:19 +0000] "GET /favicon.ico HTTP/1.1" 404 1920 "-" "Mozilla/5.0 (Windows NT 6.1; WOW64) AppleWebKit/537.36 (KHTML, like Gecko) Chrome/27.0.1453.110 Safari/537.36"
187.33.38.21 - - [15/Jun/2013:17:19:22 +0000] "GET /favicon.ico HTTP/1.1" 404 1920 "-" "Mozilla/5.0 (Windows NT 6.1; WOW64) AppleWebKit/537.36 (KHTML, like Gecko) Chrome/27.0.1453.110 Safari/537.36"
187.33.38.21 - - [15/Jun/2013:17:19:34 +0000] "GET /favicon.ico HTTP/1.1" 404 1920 "-" "Mozilla/5.0 (Windows NT 6.1; WOW64) AppleWebKit/537.36 (KHTML, like Gecko) Chrome/27.0.1453.110 Safari/537.36"
187.33.38.21 - - [15/Jun/2013:17:19:34 +0000] "GET /favicon.ico HTTP/1.1" 404 1920 "-" "Mozilla/5.0 (Windows NT 6.1; WOW64) AppleWebKit/537.36 (KHTML, like Gecko) Chrome/27.0.1453.110 Safari/537.36"
187.33.38.21 - - [15/Jun/2013:17:20:19 +0000] "GET /materiais/docs/aula08.pdf HTTP/1.1" 200 261965 "http://fbarth.net.br/materiais/webMiningR.html" "Mozilla/5.0 (Windows NT 6.1; WOW64; rv:21.0) Gecko/20100101 Firefox/21.0"
187.33.38.21 - - [15/Jun/2013:17:20:47 +0000] "GET /favicon.ico HTTP/1.1" 404 1920 "-" "Mozilla/5.0 (Windows NT 6.1; WOW64) AppleWebKit/537.36 (KHTML, like Gecko) Chrome/27.0.1453.110 Safari/537.36"
187.33.38.21 - - [15/Jun/2013:17:21:37 +0000] "GET /favicon.ico HTTP/1.1" 404 1920 "-" "Mozilla/5.0 (Windows NT 6.1; WOW64) AppleWebKit/537.36 (KHTML, like Gecko) Chrome/27.0.1453.110 Safari/537.36"
187.33.38.21 - - [15/Jun/2013:17:21:46 +0000] "GET /favicon.ico HTTP/1.1" 404 1920 "-" "Mozilla/5.0 (Windows NT 6.1; WOW64) AppleWebKit/537.36 (KHTML, like Gecko) Chrome/27.0.1453.110 Safari/537.36"
187.33.38.21 - - [15/Jun/2013:17:21:46 +0000] "GET /favicon.ico HTTP/1.1" 404 1920 "-" "Mozilla/5.0 (Windows NT 6.1; WOW64) AppleWebKit/537.36 (KHTML, like Gecko) Chrome/27.0.1453.110 Safari/537.36"
187.33.38.21 - - [15/Jun/2013:17:23:10 +0000] "GET /favicon.ico HTTP/1.1" 404 1920 "-" "Mozilla/5.0 (Windows NT 6.1; WOW64) AppleWebKit/537.36 (KHTML, like Gecko) Chrome/27.0.1453.110 Safari/537.36"
187.33.38.21 - - [15/Jun/2013:17:23:19 +0000] "GET /favicon.ico HTTP/1.1" 404 1920 "-" "Mozilla/5.0 (Windows NT 6.1; WOW64) AppleWebKit/537.36 (KHTML, like Gecko) Chrome/27.0.1453.110 Safari/537.36"
187.33.38.21 - - [15/Jun/2013:17:23:20 +0000] "GET /favicon.ico HTTP/1.1" 404 1920 "-" "Mozilla/5.0 (Windows NT 6.1; WOW64) AppleWebKit/537.36 (KHTML, like Gecko) Chrome/27.0.1453.110 Safari/537.36"
187.33.38.21 - - [15/Jun/2013:17:23:34 +0000] "GET /favicon.ico HTTP/1.1" 404 1920 "-" "Mozilla/5.0 (Windows NT 6.1; WOW64) AppleWebKit/537.36 (KHTML, like Gecko) Chrome/27.0.1453.110 Safari/537.36"
187.33.38.21 - - [15/Jun/2013:17:23:39 +0000] "GET /favicon.ico HTTP/1.1" 404 1920 "-" "Mozilla/5.0 (Windows NT 6.1; WOW64) AppleWebKit/537.36 (KHTML, like Gecko) Chrome/27.0.1453.110 Safari/537.36"
187.33.38.21 - - [15/Jun/2013:17:23:39 +0000] "GET /favicon.ico HTTP/1.1" 404 1920 "-" "Mozilla/5.0 (Windows NT 6.1; WOW64) AppleWebKit/537.36 (KHTML, like Gecko) Chrome/27.0.1453.110 Safari/537.36"
187.33.38.21 - - [15/Jun/2013:17:23:40 +0000] "GET /materiais/docs/webdataminingR.html HTTP/1.1" 404 1920 "-" "Mozilla/5.0 (Windows NT 6.1; WOW64) AppleWebKit/537.36 (KHTML, like Gecko) Chrome/27.0.1453.110 Safari/537.36"
