187.33.38.21 - - [09/Aug/2013:00:47:21 +0000] "GET /favicon.ico HTTP/1.1" 404 1920 "-" "Mozilla/5.0 (Macintosh; Intel Mac OS X 10_8_4) AppleWebKit/537.36 (KHTML, like Gecko) Chrome/28.0.1500.95 Safari/537.36"
187.33.38.21 - - [09/Aug/2013:00:47:21 +0000] "GET /materiais/disciplinas.html HTTP/1.1" 200 2451 "http://fbarth.net.br/materiais.html" "Mozilla/5.0 (Windows NT 6.2; WOW64) AppleWebKit/537.36 (KHTML, like Gecko) Chrome/28.0.1500.72 Safari/537.36"
187.33.38.21 - - [09/Aug/2013:00:47:22 +0000] "GET /favicon.ico HTTP/1.1" 404 1920 "-" "Mozilla/5.0 (Windows NT 6.2; WOW64) AppleWebKit/537.36 (KHTML, like Gecko) Chrome/28.0.1500.72 Safari/537.36"
187.33.38.21 - - [09/Aug/2013:00:47:24 +0000] "GET /materiais/ia.html HTTP/1.1" 200 3665 "http://fbarth.net.br/materiais/disciplinas.html" "Mozilla/5.0 (Windows NT 6.2; WOW64) AppleWebKit/537.36 (KHTML, like Gecko) Chrome/28.0.1500.72 Safari/537.36"
187.33.38.21 - - [09/Aug/2013:00:47:25 +0000] "GET /favicon.ico HTTP/1.1" 404 1920 "-" "Mozilla/5.0 (Windows NT 6.2; WOW64) AppleWebKit/537.36 (KHTML, like Gecko) Chrome/28.0.1500.72 Safari/537.36"
187.33.38.21 - - [09/Aug/2013:00:47:25 +0000] "GET /favicon.ico HTTP/1.1" 404 1920 "-" "Mozilla/5.0 (Macintosh; Intel Mac OS X 10_8_4) AppleWebKit/537.36 (KHTML, like Gecko) Chrome/28.0.1500.95 Safari/537.36"
187.33.38.21 - - [09/Aug/2013:00:47:30 +0000] "GET / HTTP/1.1" 200 3990 "-" "Mozilla/5.0 (Windows NT 6.2; WOW64) AppleWebKit/537.36 (KHTML, like Gecko) Chrome/28.0.1500.95 Safari/537.36"
187.33.38.21 - - [09/Aug/2013:00:47:31 +0000] "GET /img/foto.jpg HTTP/1.1" 200 14854 "http://fbarth.net.br/" "Mozilla/5.0 (Windows NT 6.2; WOW64) AppleWebKit/537.36 (KHTML, like Gecko) Chrome/28.0.1500.95 Safari/537.36"
187.33.38.21 - - [09/Aug/2013:00:47:31 +0000] "GET /default.css HTTP/1.1" 200 3614 "http://fbarth.net.br/" "Mozilla/5.0 (Windows NT 6.2; WOW64) AppleWebKit/537.36 (KHTML, like Gecko) Chrome/28.0.1500.95 Safari/537.36"
187.33.38.21 - - [09/Aug/2013:00:47:31 +0000] "GET /img/body.jpg HTTP/1.1" 200 13570 "http://fbarth.net.br/" "Mozilla/5.0 (Windows NT 6.2; WOW64) AppleWebKit/537.36 (KHTML, like Gecko) Chrome/28.0.1500.95 Safari/537.36"
187.33.38.21 - - [09/Aug/2013:00:47:31 +0000] "GET /img/container.jpg HTTP/1.1" 200 2343 "http://fbarth.net.br/" "Mozilla/5.0 (Windows NT 6.2; WOW64) AppleWebKit/537.36 (KHTML, like Gecko) Chrome/28.0.1500.95 Safari/537.36"
187.33.38.21 - - [09/Aug/2013:00:47:31 +0000] "GET /img/main.gif HTTP/1.1" 200 148 "http://fbarth.net.br/" "Mozilla/5.0 (Windows NT 6.2; WOW64) AppleWebKit/537.36 (KHTML, like Gecko) Chrome/28.0.1500.95 Safari/537.36"
187.33.38.21 - - [09/Aug/2013:00:47:31 +0000] "GET /img/header.jpg HTTP/1.1" 200 11112 "http://fbarth.net.br/" "Mozilla/5.0 (Windows NT 6.2; WOW64) AppleWebKit/537.36 (KHTML, like Gecko) Chrome/28.0.1500.95 Safari/537.36"
187.33.38.21 - - [09/Aug/2013:00:47:32 +0000] "GET /favicon.ico HTTP/1.1" 404 1920 "-" "Mozilla/5.0 (Windows NT 6.2; WOW64) AppleWebKit/537.36 (KHTML, like Gecko) Chrome/28.0.1500.95 Safari/537.36"
187.33.38.21 - - [09/Aug/2013:00:47:39 +0000] "GET /materiais/docs/ia/aplicacoesIntroducao.pdf HTTP/1.1" 206 32768 "http://fbarth.net.br/materiais/docs/ia/aplicacoesIntroducao.pdf" "Mozilla/5.0 (Windows NT 6.2; WOW64) AppleWebKit/537.36 (KHTML, like Gecko) Chrome/28.0.1500.72 Safari/537.36"
187.33.38.21 - - [09/Aug/2013:00:47:39 +0000] "GET /materiais/docs/ia/aplicacoesIntroducao.pdf HTTP/1.1" 200 290282 "http://fbarth.net.br/materiais/ia.html" "Mozilla/5.0 (Windows NT 6.2; WOW64) AppleWebKit/537.36 (KHTML, like Gecko) Chrome/28.0.1500.72 Safari/537.36"
187.33.38.21 - - [09/Aug/2013:00:47:39 +0000] "GET /favicon.ico HTTP/1.1" 404 1920 "-" "Mozilla/5.0 (Windows NT 6.2; WOW64) AppleWebKit/537.36 (KHTML, like Gecko) Chrome/28.0.1500.72 Safari/537.36"
187.33.38.21 - - [09/Aug/2013:00:47:41 +0000] "GET /materiais/docs/ia/aplicacoesIntroducao.pdf HTTP/1.1" 206 1480152 "http://fbarth.net.br/materiais/docs/ia/aplicacoesIntroducao.pdf" "Mozilla/5.0 (Windows NT 6.2; WOW64) AppleWebKit/537.36 (KHTML, like Gecko) Chrome/28.0.1500.72 Safari/537.36"
187.33.38.21 - - [09/Aug/2013:00:47:41 +0000] "GET /favicon.ico HTTP/1.1" 404 1920 "-" "Mozilla/5.0 (Windows NT 6.2; WOW64) AppleWebKit/537.36 (KHTML, like Gecko) Chrome/28.0.1500.72 Safari/537.36"
187.33.38.21 - - [09/Aug/2013:00:47:49 +0000] "GET /materiais/docs/ia/busca_versaoFabricio.pdf HTTP/1.1" 206 32768 "http://fbarth.net.br/materiais/docs/ia/busca_versaoFabricio.pdf" "Mozilla/5.0 (Windows NT 6.2; WOW64) AppleWebKit/537.36 (KHTML, like Gecko) Chrome/28.0.1500.72 Safari/537.36"
187.33.38.21 - - [09/Aug/2013:00:47:49 +0000] "GET /materiais/docs/ia/busca_versaoFabricio.pdf HTTP/1.1" 200 131144 "http://fbarth.net.br/materiais/ia.html" "Mozilla/5.0 (Windows NT 6.2; WOW64) AppleWebKit/537.36 (KHTML, like Gecko) Chrome/28.0.1500.72 Safari/537.36"
187.33.38.21 - - [09/Aug/2013:00:47:50 +0000] "GET /favicon.ico HTTP/1.1" 404 1920 "-" "Mozilla/5.0 (Windows NT 6.2; WOW64) AppleWebKit/537.36 (KHTML, like Gecko) Chrome/28.0.1500.72 Safari/537.36"
187.33.38.21 - - [09/Aug/2013:00:47:50 +0000] "GET /materiais/docs/ia/busca_versaoFabricio.pdf HTTP/1.1" 200 291633 "http://fbarth.net.br/materiais/ia.html" "Mozilla/5.0 (Macintosh; Intel Mac OS X 10.8; rv:22.0) Gecko/20100101 Firefox/22.0"
187.33.38.21 - - [09/Aug/2013:00:47:50 +0000] "GET /materiais/docs/ia/busca_versaoFabricio.pdf HTTP/1.1" 206 258865 "http://fbarth.net.br/materiais/docs/ia/busca_versaoFabricio.pdf" "Mozilla/5.0 (Windows NT 6.2; WOW64) AppleWebKit/537.36 (KHTML, like Gecko) Chrome/28.0.1500.72 Safari/537.36"
187.33.38.21 - - [09/Aug/2013:00:47:51 +0000] "GET /materiais/docs/ia/busca_versaoFabricio.pdf HTTP/1.1" 206 32768 "http://fbarth.net.br/materiais/docs/ia/busca_versaoFabricio.pdf" "Mozilla/5.0 (Windows NT 6.2; WOW64) AppleWebKit/537.36 (KHTML, like Gecko) Chrome/28.0.1500.72 Safari/537.36"
187.33.38.21 - - [09/Aug/2013:00:47:51 +0000] "GET /materiais/docs/ia/busca_versaoFabricio.pdf HTTP/1.1" 200 291633 "http://fbarth.net.br/materiais/ia.html" "Mozilla/5.0 (Windows NT 6.2; WOW64) AppleWebKit/537.36 (KHTML, like Gecko) Chrome/28.0.1500.72 Safari/537.36"
187.33.38.21 - - [09/Aug/2013:00:47:52 +0000] "GET /favicon.ico HTTP/1.1" 404 1920 "-" "Mozilla/5.0 (Windows NT 6.2; WOW64) AppleWebKit/537.36 (KHTML, like Gecko) Chrome/28.0.1500.72 Safari/537.36"
187.33.38.21 - - [09/Aug/2013:00:47:52 +0000] "GET /favicon.ico HTTP/1.1" 404 1920 "-" "Mozilla/5.0 (Windows NT 6.2; WOW64) AppleWebKit/537.36 (KHTML, like Gecko) Chrome/28.0.1500.72 Safari/537.36"
187.33.38.21 - - [09/Aug/2013:00:47:52 +0000] "GET /materiais/docs/ia/busca_versaoFabricio.pdf HTTP/1.1" 206 258865 "http://fbarth.net.br/materiais/docs/ia/busca_versaoFabricio.pdf" "Mozilla/5.0 (Windows NT 6.2; WOW64) AppleWebKit/537.36 (KHTML, like Gecko) Chrome/28.0.1500.72 Safari/537.36"
187.33.38.21 - - [09/Aug/2013:00:47:53 +0000] "GET /favicon.ico HTTP/1.1" 404 1920 "-" "Mozilla/5.0 (Windows NT 6.2; WOW64) AppleWebKit/537.36 (KHTML, like Gecko) Chrome/28.0.1500.72 Safari/537.36"
187.33.38.21 - - [09/Aug/2013:00:47:55 +0000] "GET /materiais.html HTTP/1.1" 200 2736 "http://fbarth.net.br/" "Mozilla/5.0 (Windows NT 6.2; WOW64) AppleWebKit/537.36 (KHTML, like Gecko) Chrome/28.0.1500.95 Safari/537.36"
187.33.38.21 - - [09/Aug/2013:00:47:56 +0000] "GET /img/li.gif HTTP/1.1" 200 199 "http://fbarth.net.br/materiais.html" "Mozilla/5.0 (Windows NT 6.2; WOW64) AppleWebKit/537.36 (KHTML, like Gecko) Chrome/28.0.1500.95 Safari/537.36"
187.33.38.21 - - [09/Aug/2013:00:47:56 +0000] "GET /favicon.ico HTTP/1.1" 404 1920 "-" "Mozilla/5.0 (Windows NT 6.2; WOW64) AppleWebKit/537.36 (KHTML, like Gecko) Chrome/28.0.1500.95 Safari/537.36"
187.33.38.21 - - [09/Aug/2013:00:48:00 +0000] "GET /materiais/disciplinas.html HTTP/1.1" 200 2451 "http://fbarth.net.br/materiais.html" "Mozilla/5.0 (Windows NT 6.2; WOW64) AppleWebKit/537.36 (KHTML, like Gecko) Chrome/28.0.1500.95 Safari/537.36"
187.33.38.21 - - [09/Aug/2013:00:48:01 +0000] "GET /favicon.ico HTTP/1.1" 404 1920 "-" "Mozilla/5.0 (Windows NT 6.2; WOW64) AppleWebKit/537.36 (KHTML, like Gecko) Chrome/28.0.1500.95 Safari/537.36"
187.33.38.21 - - [09/Aug/2013:00:48:02 +0000] "GET /favicon.ico HTTP/1.1" 404 1920 "-" "Mozilla/5.0 (Windows NT 6.2; WOW64) AppleWebKit/537.36 (KHTML, like Gecko) Chrome/28.0.1500.95 Safari/537.36"
187.33.38.21 - - [09/Aug/2013:00:48:04 +0000] "GET /materiais/docs/ia/agentesInteligentes.pdf HTTP/1.1" 206 32768 "http://fbarth.net.br/materiais/docs/ia/agentesInteligentes.pdf" "Mozilla/5.0 (Windows NT 6.2; WOW64) AppleWebKit/537.36 (KHTML, like Gecko) Chrome/28.0.1500.72 Safari/537.36"
187.33.38.21 - - [09/Aug/2013:00:48:05 +0000] "GET /materiais/docs/ia/agentesInteligentes.pdf HTTP/1.1" 200 304882 "http://fbarth.net.br/materiais/ia.html" "Mozilla/5.0 (Windows NT 6.2; WOW64) AppleWebKit/537.36 (KHTML, like Gecko) Chrome/28.0.1500.72 Safari/537.36"
187.33.38.21 - - [09/Aug/2013:00:48:05 +0000] "GET /favicon.ico HTTP/1.1" 404 1920 "-" "Mozilla/5.0 (Windows NT 6.2; WOW64) AppleWebKit/537.36 (KHTML, like Gecko) Chrome/28.0.1500.72 Safari/537.36"
187.33.38.21 - - [09/Aug/2013:00:48:06 +0000] "GET /materiais/docs/ia/agentesInteligentes.pdf HTTP/1.1" 206 1398152 "http://fbarth.net.br/materiais/docs/ia/agentesInteligentes.pdf" "Mozilla/5.0 (Windows NT 6.2; WOW64) AppleWebKit/537.36 (KHTML, like Gecko) Chrome/28.0.1500.72 Safari/537.36"
187.33.38.21 - - [09/Aug/2013:00:48:07 +0000] "GET /favicon.ico HTTP/1.1" 404 1920 "-" "Mozilla/5.0 (Windows NT 6.2; WOW64) AppleWebKit/537.36 (KHTML, like Gecko) Chrome/28.0.1500.72 Safari/537.36"
187.33.38.21 - - [09/Aug/2013:00:48:07 +0000] "GET /favicon.ico HTTP/1.1" 404 1920 "-" "Mozilla/5.0 (Windows NT 6.2; WOW64) AppleWebKit/537.36 (KHTML, like Gecko) Chrome/28.0.1500.95 Safari/537.36"
187.33.38.21 - - [09/Aug/2013:00:48:07 +0000] "GET /favicon.ico HTTP/1.1" 404 1920 "-" "Mozilla/5.0 (Windows NT 6.2; WOW64) AppleWebKit/537.36 (KHTML, like Gecko) Chrome/28.0.1500.95 Safari/537.36"
66.249.73.206 - - [09/Aug/2013:00:53:53 +0000] "GET /projetos/curriculo2009-09.pdf HTTP/1.1" 200 516564 "-" "Mozilla/5.0 (compatible; Googlebot/2.1; +http://www.google.com/bot.html)"
5.10.83.56 - - [09/Aug/2013:01:00:39 +0000] "GET /projetos/instinct.html HTTP/1.1" 200 3011 "-" "Mozilla/5.0 (compatible; AhrefsBot/5.0; +http://ahrefs.com/robot/)"
176.10.104.27 - - [09/Aug/2013:01:05:14 +0000] "GET /docs/sbsc2010_barth.pdf HTTP/1.1" 200 184311 "http://fbarth.net.br/" "Mozilla/5.0 (X11; Linux x86_64; rv:21.0) Gecko/20100101 Firefox/21.0"
176.10.104.27 - - [09/Aug/2013:01:05:15 +0000] "GET /docs/bar2008b.pdf HTTP/1.1" 200 258112 "http://fbarth.net.br/" "Mozilla/5.0 (Macintosh; Intel Mac OS X 10_6_8) AppleWebKit/537.36 (KHTML, like Gecko) Chrome/27.0.1453.116 Safari/537.36"
5.10.83.56 - - [09/Aug/2013:01:11:28 +0000] "GET /projetos/educacao.html HTTP/1.1" 200 2234 "-" "Mozilla/5.0 (compatible; AhrefsBot/5.0; +http://ahrefs.com/robot/)"
5.10.83.56 - - [09/Aug/2013:01:12:24 +0000] "GET / HTTP/1.1" 200 1811 "-" "Mozilla/5.0 (compatible; AhrefsBot/5.0; +http://ahrefs.com/robot/)"
5.10.83.56 - - [09/Aug/2013:01:18:59 +0000] "GET /projetos/mestrado.html HTTP/1.1" 200 3261 "-" "Mozilla/5.0 (compatible; AhrefsBot/5.0; +http://ahrefs.com/robot/)"
66.249.73.206 - - [09/Aug/2013:01:31:16 +0000] "GET /materiais/ HTTP/1.1" 200 814 "-" "Mozilla/5.0 (compatible; Googlebot/2.1; +http://www.google.com/bot.html)"
66.249.73.206 - - [09/Aug/2013:02:12:09 +0000] "GET /materiais/docs/ia/ HTTP/1.1" 200 577 "-" "Mozilla/5.0 (compatible; Googlebot/2.1; +http://www.google.com/bot.html)"
179.176.67.218 - - [09/Aug/2013:02:15:13 +0000] "GET /materiais/docs/ia/aplicacoesIntroducao.pdf HTTP/1.1" 200 71742 "https://www.google.com.br/" "Mozilla/5.0 (Windows NT 6.2; WOW64) AppleWebKit/537.36 (KHTML, like Gecko) Chrome/28.0.1500.95 Safari/537.36"
179.176.67.218 - - [09/Aug/2013:02:15:17 +0000] "GET /materiais/docs/ia/aplicacoesIntroducao.pdf HTTP/1.1" 206 32768 "http://fbarth.net.br/materiais/docs/ia/aplicacoesIntroducao.pdf" "Mozilla/5.0 (Windows NT 6.2; WOW64) AppleWebKit/537.36 (KHTML, like Gecko) Chrome/28.0.1500.95 Safari/537.36"
179.176.67.218 - - [09/Aug/2013:02:15:18 +0000] "GET /favicon.ico HTTP/1.1" 404 926 "-" "Mozilla/5.0 (Windows NT 6.2; WOW64) AppleWebKit/537.36 (KHTML, like Gecko) Chrome/28.0.1500.95 Safari/537.36"
179.176.67.218 - - [09/Aug/2013:02:15:22 +0000] "GET /materiais/docs/ia/aplicacoesIntroducao.pdf HTTP/1.1" 206 1480152 "http://fbarth.net.br/materiais/docs/ia/aplicacoesIntroducao.pdf" "Mozilla/5.0 (Windows NT 6.2; WOW64) AppleWebKit/537.36 (KHTML, like Gecko) Chrome/28.0.1500.95 Safari/537.36"
179.176.67.218 - - [09/Aug/2013:02:15:24 +0000] "GET /favicon.ico HTTP/1.1" 404 926 "-" "Mozilla/5.0 (Windows NT 6.2; WOW64) AppleWebKit/537.36 (KHTML, like Gecko) Chrome/28.0.1500.95 Safari/537.36"
157.55.33.15 - - [09/Aug/2013:02:44:41 +0000] "GET /robots.txt HTTP/1.1" 200 23 "-" "Mozilla/5.0 (compatible; bingbot/2.0; +http://www.bing.com/bingbot.htm)"
157.55.33.15 - - [09/Aug/2013:02:46:51 +0000] "GET /materiais/ia.html HTTP/1.1" 304 0 "-" "Mozilla/5.0 (compatible; bingbot/2.0; +http://www.bing.com/bingbot.htm)"
66.249.73.206 - - [09/Aug/2013:02:47:07 +0000] "GET /materiais/docs/estruturas/ HTTP/1.1" 200 582 "-" "Mozilla/5.0 (compatible; Googlebot/2.1; +http://www.google.com/bot.html)"
66.249.73.206 - - [07/Aug/2013:04:12:25 +0000] "GET /materiais/docs/am/aIntroducao.pdf HTTP/1.1" 200 419711 "-" "DoCoMo/2.0 N905i(c100;TB;W24H16) (compatible; Googlebot-Mobile/2.1; +http://www.google.com/bot.html)"
46.229.164.98 - - [07/Aug/2013:04:16:19 +0000] "GET / HTTP/1.1" 200 1811 "-" "Mozilla/5.0 (compatible; SemrushBot/0.96.4; +http://www.semrush.com/bot.html)"
177.32.185.28 - - [07/Aug/2013:04:34:00 +0000] "GET /materiais/docs/am/agrupamento.pdf HTTP/1.1" 200 124272 "http://blog.fbarth.net.br/2013/07/24/exemplos-de-clustering-classificacao-e-regras-de-associacao-usando-o-r/" "Mozilla/5.0 (Macintosh; Intel Mac OS X 10_7_5) AppleWebKit/537.36 (KHTML, like Gecko) Chrome/28.0.1500.71 Safari/537.36"
177.32.185.28 - - [07/Aug/2013:04:34:00 +0000] "GET /materiais/docs/am/agrupamento.pdf HTTP/1.1" 206 32768 "http://fbarth.net.br/materiais/docs/am/agrupamento.pdf" "Mozilla/5.0 (Macintosh; Intel Mac OS X 10_7_5) AppleWebKit/537.36 (KHTML, like Gecko) Chrome/28.0.1500.71 Safari/537.36"
177.32.185.28 - - [07/Aug/2013:04:34:00 +0000] "GET /favicon.ico HTTP/1.1" 404 926 "-" "Mozilla/5.0 (Macintosh; Intel Mac OS X 10_7_5) AppleWebKit/537.36 (KHTML, like Gecko) Chrome/28.0.1500.71 Safari/537.36"
177.32.185.28 - - [07/Aug/2013:04:34:02 +0000] "GET /materiais/docs/am/agrupamento.pdf HTTP/1.1" 206 328736 "http://fbarth.net.br/materiais/docs/am/agrupamento.pdf" "Mozilla/5.0 (Macintosh; Intel Mac OS X 10_7_5) AppleWebKit/537.36 (KHTML, like Gecko) Chrome/28.0.1500.71 Safari/537.36"
177.32.185.28 - - [07/Aug/2013:04:34:02 +0000] "GET /favicon.ico HTTP/1.1" 404 926 "-" "Mozilla/5.0 (Macintosh; Intel Mac OS X 10_7_5) AppleWebKit/537.36 (KHTML, like Gecko) Chrome/28.0.1500.71 Safari/537.36"
66.249.73.206 - - [07/Aug/2013:05:00:20 +0000] "GET /docs/tccs/recomendacaoMusicas-2010.pdf HTTP/1.1" 304 0 "-" "Mozilla/5.0 (iPhone; U; CPU iPhone OS 4_1 like Mac OS X; en-us) AppleWebKit/532.9 (KHTML, like Gecko) Version/4.0.5 Mobile/8B117 Safari/6531.22.7 (compatible; Googlebot-Mobile/2.1; +http://www.google.com/bot.html)"
5.10.83.54 - - [07/Aug/2013:05:05:57 +0000] "GET /materiais/docs/ia/?C=M;O=A HTTP/1.1" 200 576 "-" "Mozilla/5.0 (compatible; AhrefsBot/5.0; +http://ahrefs.com/robot/)"
5.10.83.54 - - [07/Aug/2013:05:29:00 +0000] "GET /materiais/docs/estruturas/?C=N;O=D HTTP/1.1" 200 591 "-" "Mozilla/5.0 (compatible; AhrefsBot/5.0; +http://ahrefs.com/robot/)"
5.10.83.54 - - [07/Aug/2013:05:56:03 +0000] "GET /materiais/docs/am/?C=D;O=A HTTP/1.1" 200 616 "-" "Mozilla/5.0 (compatible; AhrefsBot/5.0; +http://ahrefs.com/robot/)"
5.10.83.54 - - [07/Aug/2013:05:58:47 +0000] "GET /materiais/docs/am/?C=M;O=A HTTP/1.1" 200 616 "-" "Mozilla/5.0 (compatible; AhrefsBot/5.0; +http://ahrefs.com/robot/)"
173.236.21.106 - - [07/Aug/2013:06:25:38 +0000] "GET /robots.txt HTTP/1.0" 200 23 "-" "Mozilla/5.0 (compatible; MJ12bot/v1.4.3; http://www.majestic12.co.uk/bot.php?+)"
173.236.21.106 - - [07/Aug/2013:06:25:40 +0000] "GET / HTTP/1.0" 200 3990 "-" "Mozilla/5.0 (compatible; MJ12bot/v1.4.3; http://www.majestic12.co.uk/bot.php?+)"
173.199.114.3 - - [07/Aug/2013:06:57:37 +0000] "GET /materiais/webMiningR.html HTTP/1.1" 200 1816 "-" "Mozilla/5.0 (compatible; AhrefsBot/4.0; +http://ahrefs.com/robot/)"
173.199.114.3 - - [07/Aug/2013:08:36:28 +0000] "GET /materiais/textos.html HTTP/1.1" 200 1359 "-" "Mozilla/5.0 (compatible; AhrefsBot/4.0; +http://ahrefs.com/robot/)"
46.21.99.26 - - [07/Aug/2013:09:19:36 +0000] "GET /materiais/docs/am/aIntroducao.pdf HTTP/1.1" 200 419711 "http://www.google.com/url?sa=t&rct=j&q=aprendizado%20de%20maquina%20social&source=web&cd=2&ved=0CDAQFjAB&url=http%3A%2F%2Ffbarth.net.br%2Fmateriais%2Fdocs%2Fam%2FaIntroducao.pdf&ei=GRECUonMNKq04ASaooCgDw&usg=AFQjCNElVPlhzDjLB5NpBSxVoR9KzHr7zA&bvm=bv.50310824,d.bGE&cad=rja" "Mozilla/5.0 (Macintosh; Intel Mac OS X 10_9) AppleWebKit/537.51.3 (KHTML, like Gecko) Version/7.0 Safari/537.51.3"
187.106.51.135 - - [07/Aug/2013:10:39:50 +0000] "GET /materiais/docs/estruturas/aBusca.pdf HTTP/1.1" 200 58144 "http://www.google.com.br/url?sa=t&rct=j&q=busca+binaria+recursiva+codigo&source=web&cd=5&ved=0CEcQFjAE&url=http%3A%2F%2Ffbarth.net.br%2Fmateriais%2Fdocs%2Festruturas%2FaBusca.pdf&ei=wyMCUrr8CuLWyQHrpIBA&usg=AFQjCNG1fiUS168LzHMRqr72uQV_Q2eu8A" "Mozilla/5.0 (Windows NT 6.2; WOW64) AppleWebKit/537.36 (KHTML, like Gecko) Chrome/30.0.1581.2 Safari/537.36"
187.106.51.135 - - [07/Aug/2013:10:39:50 +0000] "GET /materiais/docs/estruturas/aBusca.pdf HTTP/1.1" 206 32768 "http://fbarth.net.br/materiais/docs/estruturas/aBusca.pdf" "Mozilla/5.0 (Windows NT 6.2; WOW64) AppleWebKit/537.36 (KHTML, like Gecko) Chrome/30.0.1581.2 Safari/537.36"
187.106.51.135 - - [07/Aug/2013:10:39:51 +0000] "GET /favicon.ico HTTP/1.1" 404 926 "-" "Mozilla/5.0 (Windows NT 6.2; WOW64) AppleWebKit/537.36 (KHTML, like Gecko) Chrome/30.0.1581.2 Safari/537.36"
187.106.51.135 - - [07/Aug/2013:10:39:51 +0000] "GET /materiais/docs/estruturas/aBusca.pdf HTTP/1.1" 206 194312 "http://fbarth.net.br/materiais/docs/estruturas/aBusca.pdf" "Mozilla/5.0 (Windows NT 6.2; WOW64) AppleWebKit/537.36 (KHTML, like Gecko) Chrome/30.0.1581.2 Safari/537.36"
189.104.248.101 - - [07/Aug/2013:11:04:01 +0000] "GET /publicacoes.html HTTP/1.1" 200 7717 "https://www.google.com/" "Mozilla/5.0 (Windows NT 6.1) AppleWebKit/537.36 (KHTML, like Gecko) Chrome/28.0.1500.95 Safari/537.36"
189.104.248.101 - - [07/Aug/2013:11:04:02 +0000] "GET /default.css HTTP/1.1" 200 1415 "http://fbarth.net.br/publicacoes.html" "Mozilla/5.0 (Windows NT 6.1) AppleWebKit/537.36 (KHTML, like Gecko) Chrome/28.0.1500.95 Safari/537.36"
189.104.248.101 - - [07/Aug/2013:11:04:02 +0000] "GET /img/body.jpg HTTP/1.1" 200 13570 "http://fbarth.net.br/publicacoes.html" "Mozilla/5.0 (Windows NT 6.1) AppleWebKit/537.36 (KHTML, like Gecko) Chrome/28.0.1500.95 Safari/537.36"
189.104.248.101 - - [07/Aug/2013:11:04:02 +0000] "GET /img/header.jpg HTTP/1.1" 200 11112 "http://fbarth.net.br/publicacoes.html" "Mozilla/5.0 (Windows NT 6.1) AppleWebKit/537.36 (KHTML, like Gecko) Chrome/28.0.1500.95 Safari/537.36"
189.104.248.101 - - [07/Aug/2013:11:04:03 +0000] "GET /img/container.jpg HTTP/1.1" 200 2343 "http://fbarth.net.br/publicacoes.html" "Mozilla/5.0 (Windows NT 6.1) AppleWebKit/537.36 (KHTML, like Gecko) Chrome/28.0.1500.95 Safari/537.36"
189.104.248.101 - - [07/Aug/2013:11:04:03 +0000] "GET /img/li.gif HTTP/1.1" 200 199 "http://fbarth.net.br/publicacoes.html" "Mozilla/5.0 (Windows NT 6.1) AppleWebKit/537.36 (KHTML, like Gecko) Chrome/28.0.1500.95 Safari/537.36"
189.104.248.101 - - [07/Aug/2013:11:04:03 +0000] "GET /img/main.gif HTTP/1.1" 200 148 "http://fbarth.net.br/publicacoes.html" "Mozilla/5.0 (Windows NT 6.1) AppleWebKit/537.36 (KHTML, like Gecko) Chrome/28.0.1500.95 Safari/537.36"
189.104.248.101 - - [07/Aug/2013:11:04:14 +0000] "GET /favicon.ico HTTP/1.1" 404 926 "-" "Mozilla/5.0 (Windows NT 6.1) AppleWebKit/537.36 (KHTML, like Gecko) Chrome/28.0.1500.95 Safari/537.36"
46.229.164.98 - - [07/Aug/2013:11:30:17 +0000] "GET / HTTP/1.1" 200 1811 "-" "Mozilla/5.0 (compatible; SemrushBot/0.96.4; +http://www.semrush.com/bot.html)"
157.55.33.77 - - [07/Aug/2013:11:39:32 +0000] "GET /robots.txt HTTP/1.1" 200 23 "-" "Mozilla/5.0 (compatible; bingbot/2.0; +http://www.bing.com/bingbot.htm)"
157.55.33.77 - - [07/Aug/2013:11:41:04 +0000] "GET / HTTP/1.1" 200 1811 "-" "Mozilla/5.0 (compatible; bingbot/2.0; +http://www.bing.com/bingbot.htm)"
46.229.164.101 - - [07/Aug/2013:11:52:55 +0000] "GET /docs/bar2012-apresentacao.pdf HTTP/1.1" 200 43187 "-" "Mozilla/5.0 (compatible; SemrushBot/0.96.4; +http://www.semrush.com/bot.html)"
180.76.6.225 - - [07/Aug/2013:12:06:51 +0000] "GET /materiais/docs/data/spambase.names HTTP/1.1" 304 0 "-" "Mozilla/5.0 (compatible; Baiduspider/2.0; +http://www.baidu.com/search/spider.html)"
46.229.164.102 - - [07/Aug/2013:12:08:47 +0000] "GET /materiais/docs/encontroProfessores.pdf HTTP/1.1" 200 43187 "-" "Mozilla/5.0 (compatible; SemrushBot/0.96.4; +http://www.semrush.com/bot.html)"
46.229.164.102 - - [07/Aug/2013:12:23:30 +0000] "GET /projetos/riInteligente.html HTTP/1.1" 200 5640 "-" "Mozilla/5.0 (compatible; SemrushBot/0.96.4; +http://www.semrush.com/bot.html)"
46.229.164.101 - - [07/Aug/2013:12:23:36 +0000] "GET /materiais/docs/aMineracaoInformacoesSeminco2012.pdf HTTP/1.1" 200 43187 "-" "Mozilla/5.0 (compatible; SemrushBot/0.96.4; +http://www.semrush.com/bot.html)"
46.229.164.102 - - [07/Aug/2013:12:23:37 +0000] "GET /materiais/codigos.html HTTP/1.1" 200 1622 "-" "Mozilla/5.0 (compatible; SemrushBot/0.96.4; +http://www.semrush.com/bot.html)"
46.229.164.98 - - [07/Aug/2013:12:23:54 +0000] "GET /docs/bar2012.pdf HTTP/1.1" 200 21470 "-" "Mozilla/5.0 (compatible; SemrushBot/0.96.4; +http://www.semrush.com/bot.html)"
66.249.73.206 - - [07/Aug/2013:12:25:08 +0000] "GET /docs/bar2005a.pdf HTTP/1.1" 200 174520 "-" "Mozilla/5.0 (compatible; Googlebot/2.1; +http://www.google.com/bot.html)"
180.76.5.89 - - [07/Aug/2013:13:02:48 +0000] "GET /materiais/docs/data/protesto.rda HTTP/1.1" 304 0 "-" "Mozilla/5.0 (compatible; Baiduspider/2.0; +http://www.baidu.com/search/spider.html)"
201.4.164.22 - - [07/Aug/2013:13:05:54 +0000] "GET /projetos/dissertacao.pdf HTTP/1.1" 200 47262 "https://www.google.com.br/" "Mozilla/5.0 (Windows NT 6.1; WOW64) AppleWebKit/537.36 (KHTML, like Gecko) Chrome/28.0.1500.95 Safari/537.36"
201.4.164.22 - - [07/Aug/2013:13:05:54 +0000] "GET /projetos/dissertacao.pdf HTTP/1.1" 206 32768 "http://fbarth.net.br/projetos/dissertacao.pdf" "Mozilla/5.0 (Windows NT 6.1; WOW64) AppleWebKit/537.36 (KHTML, like Gecko) Chrome/28.0.1500.95 Safari/537.36"
201.4.164.22 - - [07/Aug/2013:13:05:55 +0000] "GET /favicon.ico HTTP/1.1" 404 926 "-" "Mozilla/5.0 (Windows NT 6.1; WOW64) AppleWebKit/537.36 (KHTML, like Gecko) Chrome/28.0.1500.95 Safari/537.36"
201.4.164.22 - - [07/Aug/2013:13:06:19 +0000] "GET /projetos/dissertacao.pdf HTTP/1.1" 206 1667870 "http://fbarth.net.br/projetos/dissertacao.pdf" "Mozilla/5.0 (Windows NT 6.1; WOW64) AppleWebKit/537.36 (KHTML, like Gecko) Chrome/28.0.1500.95 Safari/537.36"
201.4.164.22 - - [07/Aug/2013:13:06:28 +0000] "GET /favicon.ico HTTP/1.1" 404 926 "-" "Mozilla/5.0 (Windows NT 6.1; WOW64) AppleWebKit/537.36 (KHTML, like Gecko) Chrome/28.0.1500.95 Safari/537.36"
46.229.164.97 - - [07/Aug/2013:13:27:51 +0000] "GET /robots.txt HTTP/1.1" 200 65 "-" "Mozilla/5.0 (compatible; SemrushBot/0.96.4; +http://www.semrush.com/bot.html)"
66.249.73.206 - - [07/Aug/2013:13:43:09 +0000] "GET /projetos/curriculoResumido2011-01.pdf HTTP/1.1" 200 142729 "-" "Mozilla/5.0 (iPhone; U; CPU iPhone OS 4_1 like Mac OS X; en-us) AppleWebKit/532.9 (KHTML, like Gecko) Version/4.0.5 Mobile/8B117 Safari/6531.22.7 (compatible; Googlebot-Mobile/2.1; +http://www.google.com/bot.html)"
180.76.6.223 - - [07/Aug/2013:13:53:32 +0000] "GET / HTTP/1.1" 200 1811 "-" "Mozilla/5.0 (compatible; Baiduspider/2.0; +http://www.baidu.com/search/spider.html)"
173.199.114.3 - - [07/Aug/2013:14:26:24 +0000] "GET /publicacoes.html HTTP/1.1" 200 7717 "-" "Mozilla/5.0 (compatible; AhrefsBot/4.0; +http://ahrefs.com/robot/)"
5.10.83.72 - - [07/Aug/2013:14:42:40 +0000] "GET /materiais/docs/am/?C=M;O=D HTTP/1.1" 200 622 "-" "Mozilla/5.0 (compatible; AhrefsBot/5.0; +http://ahrefs.com/robot/)"
66.249.73.206 - - [07/Aug/2013:14:43:57 +0000] "GET /docs/bar2002a.pdf HTTP/1.1" 304 0 "-" "Mozilla/5.0 (iPhone; U; CPU iPhone OS 4_1 like Mac OS X; en-us) AppleWebKit/532.9 (KHTML, like Gecko) Version/4.0.5 Mobile/8B117 Safari/6531.22.7 (compatible; Googlebot-Mobile/2.1; +http://www.google.com/bot.html)"
66.249.73.206 - - [07/Aug/2013:14:44:05 +0000] "GET /materiais/docs/am/agrupamento.pdf HTTP/1.1" 200 361504 "-" "Mozilla/5.0 (iPhone; U; CPU iPhone OS 4_1 like Mac OS X; en-us) AppleWebKit/532.9 (KHTML, like Gecko) Version/4.0.5 Mobile/8B117 Safari/6531.22.7 (compatible; Googlebot-Mobile/2.1; +http://www.google.com/bot.html)"
66.249.73.206 - - [07/Aug/2013:15:22:20 +0000] "GET / HTTP/1.1" 200 1811 "-" "SAMSUNG-SGH-E250/1.0 Profile/MIDP-2.0 Configuration/CLDC-1.1 UP.Browser/6.2.3.3.c.1.101 (GUI) MMP/2.0 (compatible; Googlebot-Mobile/2.1; +http://www.google.com/bot.html)"
5.10.83.72 - - [07/Aug/2013:16:03:08 +0000] "GET /materiais/docs/ia/?C=N;O=A HTTP/1.1" 200 577 "-" "Mozilla/5.0 (compatible; AhrefsBot/5.0; +http://ahrefs.com/robot/)"
200.179.192.4 - - [07/Aug/2013:16:10:41 +0000] "GET /publicacoes.html HTTP/1.1" 200 7717 "http://www.google.com.br/url?sa=t&rct=j&q=&esrc=s&source=web&cd=1&ved=0CCwQFjAA&url=http%3A%2F%2Ffbarth.net.br%2Fpublicacoes.html&ei=aXECUvrFGIqC8gSer4G4BQ&usg=AFQjCNGOLc6NPCwTLrRCr_3MVX7qiGOVwg&bvm=bv.50310824,d.eWU" "Mozilla/5.0 (Windows NT 6.1; rv:23.0) Gecko/20100101 Firefox/23.0"
200.179.192.4 - - [07/Aug/2013:16:10:41 +0000] "GET /default.css HTTP/1.1" 200 3614 "http://fbarth.net.br/" "Mozilla/5.0 (Windows NT 6.1; rv:23.0) Gecko/20100101 Firefox/23.0"
200.179.192.4 - - [07/Aug/2013:16:10:43 +0000] "GET /img/body.jpg HTTP/1.1" 200 13570 "http://fbarth.net.br/default.css" "Mozilla/5.0 (Windows NT 6.1; rv:23.0) Gecko/20100101 Firefox/23.0"
200.179.192.4 - - [07/Aug/2013:16:10:43 +0000] "GET /img/container.jpg HTTP/1.1" 200 2343 "http://fbarth.net.br/default.css" "Mozilla/5.0 (Windows NT 6.1; rv:23.0) Gecko/20100101 Firefox/23.0"
200.179.192.4 - - [07/Aug/2013:16:10:43 +0000] "GET /img/header.jpg HTTP/1.1" 200 11112 "http://fbarth.net.br/default.css" "Mozilla/5.0 (Windows NT 6.1; rv:23.0) Gecko/20100101 Firefox/23.0"
200.179.192.4 - - [07/Aug/2013:16:10:44 +0000] "GET /img/main.gif HTTP/1.1" 200 148 "http://fbarth.net.br/default.css" "Mozilla/5.0 (Windows NT 6.1; rv:23.0) Gecko/20100101 Firefox/23.0"
200.179.192.4 - - [07/Aug/2013:16:10:44 +0000] "GET /img/li.gif HTTP/1.1" 200 199 "http://fbarth.net.br/default.css" "Mozilla/5.0 (Windows NT 6.1; rv:23.0) Gecko/20100101 Firefox/23.0"
200.179.192.4 - - [07/Aug/2013:16:10:46 +0000] "GET /favicon.ico HTTP/1.1" 404 926 "-" "Mozilla/5.0 (Windows NT 6.1; rv:23.0) Gecko/20100101 Firefox/23.0"
200.179.192.4 - - [07/Aug/2013:16:10:48 +0000] "GET /favicon.ico HTTP/1.1" 404 926 "-" "Mozilla/5.0 (Windows NT 6.1; rv:23.0) Gecko/20100101 Firefox/23.0"
200.179.192.4 - - [07/Aug/2013:16:11:13 +0000] "GET /docs/zan1999.pdf HTTP/1.1" 200 358463 "http://fbarth.net.br/publicacoes.html" "Mozilla/5.0 (Windows NT 6.1; rv:23.0) Gecko/20100101 Firefox/23.0"
66.249.73.206 - - [07/Aug/2013:16:13:15 +0000] "GET /projetos/investigacao.html HTTP/1.1" 200 2736 "-" "Mozilla/5.0 (iPhone; U; CPU iPhone OS 4_1 like Mac OS X; en-us) AppleWebKit/532.9 (KHTML, like Gecko) Version/4.0.5 Mobile/8B117 Safari/6531.22.7 (compatible; Googlebot-Mobile/2.1; +http://www.google.com/bot.html)"
5.10.83.72 - - [07/Aug/2013:16:55:57 +0000] "GET /materiais/docs/?C=N;O=D HTTP/1.1" 200 974 "-" "Mozilla/5.0 (compatible; AhrefsBot/5.0; +http://ahrefs.com/robot/)"
66.249.73.206 - - [07/Aug/2013:17:27:58 +0000] "GET /materiais/palestras.html HTTP/1.1" 200 1775 "-" "Googlebot/2.1 (+http://www.google.com/bot.html)"
66.249.73.206 - - [07/Aug/2013:17:34:50 +0000] "GET /materiais/ia.html HTTP/1.1" 200 1585 "-" "Googlebot/2.1 (+http://www.google.com/bot.html)"
66.249.73.206 - - [07/Aug/2013:17:39:29 +0000] "GET /projetos/instinct.html HTTP/1.1" 200 3011 "-" "Googlebot/2.1 (+http://www.google.com/bot.html)"
5.10.83.72 - - [07/Aug/2013:17:42:56 +0000] "GET /materiais/docs/ia/?C=M;O=D HTTP/1.1" 200 572 "-" "Mozilla/5.0 (compatible; AhrefsBot/5.0; +http://ahrefs.com/robot/)"
100.43.83.157 - - [07/Aug/2013:17:51:43 +0000] "GET /robots.txt HTTP/1.1" 200 23 "-" "Mozilla/5.0 (compatible; YandexBot/3.0; +http://yandex.com/bots)"
189.104.145.216 - - [07/Aug/2013:18:05:49 +0000] "GET /publicacoes.html HTTP/1.1" 200 7717 "http://www.google.com.br/url?sa=t&rct=j&q=(barth%2C1999)&source=web&cd=1&ved=0CCwQFjAA&url=http%3A%2F%2Ffbarth.net.br%2Fpublicacoes.html&ei=cIwCUtyuGYj68QSV7YD4Cw&usg=AFQjCNGOLc6NPCwTLrRCr_3MVX7qiGOVwg&bvm=bv.50310824,d.eWU" "Mozilla/5.0 (compatible; MSIE 9.0; Windows NT 6.1; WOW64; Trident/5.0)"
189.104.145.216 - - [07/Aug/2013:18:05:51 +0000] "GET /default.css HTTP/1.1" 200 1415 "http://fbarth.net.br/publicacoes.html" "Mozilla/5.0 (compatible; MSIE 9.0; Windows NT 6.1; WOW64; Trident/5.0)"
189.104.145.216 - - [07/Aug/2013:18:05:51 +0000] "GET /img/main.gif HTTP/1.1" 200 148 "http://fbarth.net.br/publicacoes.html" "Mozilla/5.0 (compatible; MSIE 9.0; Windows NT 6.1; WOW64; Trident/5.0)"
189.104.145.216 - - [07/Aug/2013:18:05:51 +0000] "GET /img/li.gif HTTP/1.1" 200 199 "http://fbarth.net.br/publicacoes.html" "Mozilla/5.0 (compatible; MSIE 9.0; Windows NT 6.1; WOW64; Trident/5.0)"
189.104.145.216 - - [07/Aug/2013:18:05:51 +0000] "GET /img/body.jpg HTTP/1.1" 200 13570 "http://fbarth.net.br/publicacoes.html" "Mozilla/5.0 (compatible; MSIE 9.0; Windows NT 6.1; WOW64; Trident/5.0)"
189.104.145.216 - - [07/Aug/2013:18:05:51 +0000] "GET /img/container.jpg HTTP/1.1" 200 2343 "http://fbarth.net.br/publicacoes.html" "Mozilla/5.0 (compatible; MSIE 9.0; Windows NT 6.1; WOW64; Trident/5.0)"
189.104.145.216 - - [07/Aug/2013:18:05:51 +0000] "GET /img/header.jpg HTTP/1.1" 200 11112 "http://fbarth.net.br/publicacoes.html" "Mozilla/5.0 (compatible; MSIE 9.0; Windows NT 6.1; WOW64; Trident/5.0)"
189.104.145.216 - - [07/Aug/2013:18:05:56 +0000] "GET /favicon.ico HTTP/1.1" 404 926 "-" "Mozilla/5.0 (compatible; MSIE 9.0; Windows NT 6.1; WOW64; Trident/5.0)"
189.104.145.216 - - [07/Aug/2013:18:06:37 +0000] "GET /docs/zan1999.pdf HTTP/1.1" 200 358463 "http://fbarth.net.br/publicacoes.html" "Mozilla/5.0 (compatible; MSIE 9.0; Windows NT 6.1; WOW64; Trident/5.0)"
5.10.83.72 - - [07/Aug/2013:18:06:46 +0000] "GET /materiais/docs/am/?C=S;O=D HTTP/1.1" 200 615 "-" "Mozilla/5.0 (compatible; AhrefsBot/5.0; +http://ahrefs.com/robot/)"
5.10.83.72 - - [07/Aug/2013:18:10:01 +0000] "GET /materiais/docs/ia/?C=S;O=D HTTP/1.1" 200 572 "-" "Mozilla/5.0 (compatible; AhrefsBot/5.0; +http://ahrefs.com/robot/)"
187.49.234.83 - - [07/Aug/2013:18:32:43 +0000] "GET /materiais/docs/soujava2008.pdf HTTP/1.1" 200 228962 "http://blog.fbarth.net.br/2010/05/26/rapidminer-uma-ferramenta-para-mineracao-de-textos-e-dados/" "Mozilla/5.0 (Windows NT 6.1; WOW64) AppleWebKit/537.36 (KHTML, like Gecko) Chrome/28.0.1500.95 Safari/537.36"
187.49.234.83 - - [07/Aug/2013:18:32:43 +0000] "GET /materiais/docs/soujava2008.pdf HTTP/1.1" 206 32768 "http://fbarth.net.br/materiais/docs/soujava2008.pdf" "Mozilla/5.0 (Windows NT 6.1; WOW64) AppleWebKit/537.36 (KHTML, like Gecko) Chrome/28.0.1500.95 Safari/537.36"
187.49.234.83 - - [07/Aug/2013:18:32:43 +0000] "GET /favicon.ico HTTP/1.1" 404 926 "-" "Mozilla/5.0 (Windows NT 6.1; WOW64) AppleWebKit/537.36 (KHTML, like Gecko) Chrome/28.0.1500.95 Safari/537.36"
187.49.234.83 - - [07/Aug/2013:18:32:50 +0000] "GET /materiais/docs/soujava2008.pdf HTTP/1.1" 206 2243114 "http://fbarth.net.br/materiais/docs/soujava2008.pdf" "Mozilla/5.0 (Windows NT 6.1; WOW64) AppleWebKit/537.36 (KHTML, like Gecko) Chrome/28.0.1500.95 Safari/537.36"
187.49.234.83 - - [07/Aug/2013:18:32:51 +0000] "GET /favicon.ico HTTP/1.1" 404 926 "-" "Mozilla/5.0 (Windows NT 6.1; WOW64) AppleWebKit/537.36 (KHTML, like Gecko) Chrome/28.0.1500.95 Safari/537.36"
179.117.6.93 - - [07/Aug/2013:18:41:34 +0000] "GET /publicacoes.html HTTP/1.1" 200 7717 "https://www.google.com.br/" "Mozilla/5.0 (Windows NT 6.1) AppleWebKit/537.36 (KHTML, like Gecko) Chrome/28.0.1500.95 Safari/537.36"
179.117.6.93 - - [07/Aug/2013:18:41:34 +0000] "GET /default.css HTTP/1.1" 200 1415 "http://fbarth.net.br/publicacoes.html" "Mozilla/5.0 (Windows NT 6.1) AppleWebKit/537.36 (KHTML, like Gecko) Chrome/28.0.1500.95 Safari/537.36"
179.117.6.93 - - [07/Aug/2013:18:41:35 +0000] "GET /img/body.jpg HTTP/1.1" 200 13570 "http://fbarth.net.br/publicacoes.html" "Mozilla/5.0 (Windows NT 6.1) AppleWebKit/537.36 (KHTML, like Gecko) Chrome/28.0.1500.95 Safari/537.36"
179.117.6.93 - - [07/Aug/2013:18:41:35 +0000] "GET /img/container.jpg HTTP/1.1" 200 2343 "http://fbarth.net.br/publicacoes.html" "Mozilla/5.0 (Windows NT 6.1) AppleWebKit/537.36 (KHTML, like Gecko) Chrome/28.0.1500.95 Safari/537.36"
179.117.6.93 - - [07/Aug/2013:18:41:35 +0000] "GET /img/header.jpg HTTP/1.1" 200 11112 "http://fbarth.net.br/publicacoes.html" "Mozilla/5.0 (Windows NT 6.1) AppleWebKit/537.36 (KHTML, like Gecko) Chrome/28.0.1500.95 Safari/537.36"
179.117.6.93 - - [07/Aug/2013:18:41:35 +0000] "GET /img/li.gif HTTP/1.1" 200 199 "http://fbarth.net.br/publicacoes.html" "Mozilla/5.0 (Windows NT 6.1) AppleWebKit/537.36 (KHTML, like Gecko) Chrome/28.0.1500.95 Safari/537.36"
179.117.6.93 - - [07/Aug/2013:18:41:35 +0000] "GET /img/main.gif HTTP/1.1" 200 148 "http://fbarth.net.br/publicacoes.html" "Mozilla/5.0 (Windows NT 6.1) AppleWebKit/537.36 (KHTML, like Gecko) Chrome/28.0.1500.95 Safari/537.36"
179.117.6.93 - - [07/Aug/2013:18:41:36 +0000] "GET /favicon.ico HTTP/1.1" 404 926 "-" "Mozilla/5.0 (Windows NT 6.1) AppleWebKit/537.36 (KHTML, like Gecko) Chrome/28.0.1500.95 Safari/537.36"
179.117.6.93 - - [07/Aug/2013:18:41:46 +0000] "GET /favicon.ico HTTP/1.1" 404 926 "-" "Mozilla/5.0 (Windows NT 6.1) AppleWebKit/537.36 (KHTML, like Gecko) Chrome/28.0.1500.95 Safari/537.36"
100.43.83.157 - - [07/Aug/2013:18:43:58 +0000] "GET /materiais/docs/ HTTP/1.1" 200 950 "-" "Mozilla/5.0 (compatible; YandexBot/3.0; +http://yandex.com/bots)"
66.249.73.206 - - [07/Aug/2013:18:44:03 +0000] "GET /projetos.html HTTP/1.1" 200 1562 "-" "Googlebot/2.1 (+http://www.google.com/bot.html)"
66.249.73.206 - - [07/Aug/2013:18:45:32 +0000] "GET /docs/bar2008c.pdf HTTP/1.1" 200 164096 "-" "Googlebot/2.1 (+http://www.google.com/bot.html)"
66.249.73.206 - - [07/Aug/2013:18:46:04 +0000] "GET /projetos/investigacao.html HTTP/1.1" 200 2736 "-" "Googlebot/2.1 (+http://www.google.com/bot.html)"
66.249.73.206 - - [07/Aug/2013:18:49:43 +0000] "GET /projetos/mestrado.html HTTP/1.1" 200 3261 "-" "Googlebot/2.1 (+http://www.google.com/bot.html)"
66.249.73.206 - - [07/Aug/2013:18:59:36 +0000] "GET /projetos/riInteligente.html HTTP/1.1" 200 5640 "-" "Googlebot/2.1 (+http://www.google.com/bot.html)"
180.76.5.12 - - [07/Aug/2013:18:59:45 +0000] "GET / HTTP/1.1" 304 0 "-" "Mozilla/5.0 (compatible; Baiduspider/2.0; +http://www.baidu.com/search/spider.html)"
66.249.73.206 - - [07/Aug/2013:18:59:50 +0000] "GET /projetos/graduacao.html HTTP/1.1" 304 0 "-" "Mozilla/5.0 (compatible; Googlebot/2.1; +http://www.google.com/bot.html)"
66.249.73.206 - - [07/Aug/2013:19:08:21 +0000] "GET /docs/tccs/twitterFernandoJandi.pdf HTTP/1.1" 200 526618 "-" "Googlebot/2.1 (+http://www.google.com/bot.html)"
157.55.33.77 - - [07/Aug/2013:19:09:17 +0000] "GET /robots.txt HTTP/1.1" 200 23 "-" "Mozilla/5.0 (compatible; bingbot/2.0; +http://www.bing.com/bingbot.htm)"
157.55.33.77 - - [07/Aug/2013:19:09:59 +0000] "GET /contatos.html HTTP/1.1" 304 0 "-" "Mozilla/5.0 (compatible; bingbot/2.0; +http://www.bing.com/bingbot.htm)"
66.249.73.206 - - [07/Aug/2013:19:23:02 +0000] "GET /projetos/graduacao.html HTTP/1.1" 200 2190 "-" "Googlebot/2.1 (+http://www.google.com/bot.html)"
5.10.83.72 - - [07/Aug/2013:19:37:16 +0000] "GET /materiais/docs/estruturas/?C=N;O=A HTTP/1.1" 200 582 "-" "Mozilla/5.0 (compatible; AhrefsBot/5.0; +http://ahrefs.com/robot/)"
5.10.83.72 - - [07/Aug/2013:20:09:27 +0000] "GET /materiais/docs/estruturas/?C=D;O=D HTTP/1.1" 200 591 "-" "Mozilla/5.0 (compatible; AhrefsBot/5.0; +http://ahrefs.com/robot/)"
5.10.83.72 - - [07/Aug/2013:20:09:28 +0000] "GET /materiais/docs/am/?C=D;O=D HTTP/1.1" 200 623 "-" "Mozilla/5.0 (compatible; AhrefsBot/5.0; +http://ahrefs.com/robot/)"
5.10.83.72 - - [07/Aug/2013:20:25:03 +0000] "GET /materiais/docs/am/?C=N;O=A HTTP/1.1" 200 616 "-" "Mozilla/5.0 (compatible; AhrefsBot/5.0; +http://ahrefs.com/robot/)"
5.10.83.72 - - [07/Aug/2013:20:28:55 +0000] "GET /materiais/docs/estruturas/?C=S;O=D HTTP/1.1" 200 583 "-" "Mozilla/5.0 (compatible; AhrefsBot/5.0; +http://ahrefs.com/robot/)"
5.10.83.72 - - [07/Aug/2013:20:38:02 +0000] "GET /materiais/docs/ia/?C=D;O=D HTTP/1.1" 200 574 "-" "Mozilla/5.0 (compatible; AhrefsBot/5.0; +http://ahrefs.com/robot/)"
5.10.83.72 - - [07/Aug/2013:21:18:34 +0000] "GET /materiais/docs/estruturas/?C=M;O=D HTTP/1.1" 200 591 "-" "Mozilla/5.0 (compatible; AhrefsBot/5.0; +http://ahrefs.com/robot/)"
201.78.63.209 - - [07/Aug/2013:21:28:53 +0000] "GET /materiais/introducaoRecuperacaoInformacao/introducaoRecuperacaoInformacao.pdf HTTP/1.1" 200 180972 "http://www.google.com.br/url?sa=t&rct=j&q=&esrc=s&source=web&cd=8&ved=0CFoQFjAH&url=http%3A%2F%2Ffbarth.net.br%2Fmateriais%2FintroducaoRecuperacaoInformacao%2FintroducaoRecuperacaoInformacao.pdf&ei=SLsCUqfpB-fA4AOm2oDoBw&usg=AFQjCNGisMpbyn7p-kqsMmAxmrtIHJ6gSw&sig2=MboJm605m2lc3ZikXZAjiw&bvm=bv.50310824,d.aWM" "Mozilla/5.0 (Windows NT 6.1; rv:22.0) Gecko/20100101 Firefox/22.0"
201.78.63.209 - - [07/Aug/2013:21:28:55 +0000] "GET /favicon.ico HTTP/1.1" 404 926 "-" "Mozilla/5.0 (Windows NT 6.1; rv:22.0) Gecko/20100101 Firefox/22.0"
201.78.63.209 - - [07/Aug/2013:21:28:55 +0000] "GET /favicon.ico HTTP/1.1" 404 926 "-" "Mozilla/5.0 (Windows NT 6.1; rv:22.0) Gecko/20100101 Firefox/22.0"
5.34.241.73 - - [07/Aug/2013:22:13:02 +0000] "GET /docs/sbsc2010_barth.pdf HTTP/1.0" 200 184311 "http://fbarth.net.br/" "Mozilla/5.0 (Windows NT 6.1; WOW64; rv:21.0) Gecko/20100101 Firefox/21.0"
5.34.241.64 - - [07/Aug/2013:22:13:03 +0000] "GET /docs/bar2008b.pdf HTTP/1.1" 200 258112 "http://fbarth.net.br/" "Mozilla/5.0 (Windows NT 6.1; WOW64; rv:22.0) Gecko/20100101 Firefox/22.0"
66.249.73.206 - - [07/Aug/2013:22:33:33 +0000] "GET /materiais/docs/aMineracaoInformacoesSeminco2012.pdf HTTP/1.1" 304 0 "-" "SAMSUNG-SGH-E250/1.0 Profile/MIDP-2.0 Configuration/CLDC-1.1 UP.Browser/6.2.3.3.c.1.101 (GUI) MMP/2.0 (compatible; Googlebot-Mobile/2.1; +http://www.google.com/bot.html)"
157.55.35.99 - - [07/Aug/2013:23:01:44 +0000] "GET /robots.txt HTTP/1.1" 200 23 "-" "Mozilla/5.0 (compatible; bingbot/2.0; +http://www.bing.com/bingbot.htm)"
157.55.35.99 - - [07/Aug/2013:23:02:43 +0000] "GET /materiais/docs/encontroProfessores.pdf HTTP/1.1" 200 5070987 "-" "Mozilla/5.0 (compatible; bingbot/2.0; +http://www.bing.com/bingbot.htm)"
176.57.141.254 - - [07/Aug/2013:23:57:49 +0000] "GET /docs/tccs/folksonomia2009.pdf HTTP/1.1" 200 1033555 "-" "Mozilla/5.0 (X11; Linux i686; rv:6.0) Gecko/20100101 Firefox/6.0"
187.21.16.246 - - [08/Aug/2013:01:32:10 +0000] "GET /materiais/docs/estruturas/aArvores.pdf HTTP/1.1" 200 5632262 "http://www.google.com.br/url?sa=t&rct=j&q=arvores%20binarias%20com%20n%20filhos%20em%20java&source=web&cd=7&cad=rja&ved=0CE4QFjAG&url=http%3A%2F%2Ffbarth.net.br%2Fmateriais%2Fdocs%2Festruturas%2FaArvores.pdf&ei=_vQCUsiCCo_W9ASm3oGoBQ&usg=AFQjCNFzN9mxyZNtIbmLDbSEQn-4gapMsw&bvm=bv.50500085,d.aWc" "Mozilla/5.0 (Windows NT 6.1; WOW64; rv:22.0) Gecko/20100101 Firefox/22.0"
187.21.16.246 - - [08/Aug/2013:01:32:11 +0000] "GET /favicon.ico HTTP/1.1" 404 926 "-" "Mozilla/5.0 (Windows NT 6.1; WOW64; rv:22.0) Gecko/20100101 Firefox/22.0"
179.192.89.93 - - [08/Aug/2013:01:55:55 +0000] "GET /materiais/docs/aula06.pdf HTTP/1.1" 200 107744 "-" "Mozilla/5.0 (Windows NT 6.2; WOW64) AppleWebKit/537.36 (KHTML, like Gecko) Chrome/28.0.1500.95 Safari/537.36"
179.192.89.93 - - [08/Aug/2013:01:55:56 +0000] "GET /materiais/docs/aula06.pdf HTTP/1.1" 206 32768 "http://fbarth.net.br/materiais/docs/aula06.pdf" "Mozilla/5.0 (Windows NT 6.2; WOW64) AppleWebKit/537.36 (KHTML, like Gecko) Chrome/28.0.1500.95 Safari/537.36"
179.192.89.93 - - [08/Aug/2013:01:55:58 +0000] "GET /favicon.ico HTTP/1.1" 404 926 "-" "Mozilla/5.0 (Windows NT 6.2; WOW64) AppleWebKit/537.36 (KHTML, like Gecko) Chrome/28.0.1500.95 Safari/537.36"
179.192.89.93 - - [08/Aug/2013:01:56:03 +0000] "GET /materiais/docs/aula06.pdf HTTP/1.1" 206 275074 "http://fbarth.net.br/materiais/docs/aula06.pdf" "Mozilla/5.0 (Windows NT 6.2; WOW64) AppleWebKit/537.36 (KHTML, like Gecko) Chrome/28.0.1500.95 Safari/537.36"
179.192.89.93 - - [08/Aug/2013:01:56:06 +0000] "GET /favicon.ico HTTP/1.1" 404 926 "-" "Mozilla/5.0 (Windows NT 6.2; WOW64) AppleWebKit/537.36 (KHTML, like Gecko) Chrome/28.0.1500.95 Safari/537.36"
173.199.114.3 - - [08/Aug/2013:02:01:27 +0000] "GET /materiais/introducaoRecuperacaoInformacao/index.html HTTP/1.1" 200 2402 "-" "Mozilla/5.0 (compatible; AhrefsBot/4.0; +http://ahrefs.com/robot/)"
66.249.73.206 - - [08/Aug/2013:02:20:44 +0000] "GET /robots.txt HTTP/1.1" 200 65 "-" "Mozilla/5.0 (compatible; Googlebot/2.1; +http://www.google.com/bot.html)"
66.249.73.206 - - [08/Aug/2013:02:20:44 +0000] "GET /docs/bar2007.pdf HTTP/1.1" 304 0 "-" "DoCoMo/2.0 N905i(c100;TB;W24H16) (compatible; Googlebot-Mobile/2.1; +http://www.google.com/bot.html)"
