187.33.38.22 - - [13/Aug/2013:01:00:14 +0000] "GET /favicon.ico HTTP/1.1" 404 926 "-" "Mozilla/5.0 (Windows NT 6.2; WOW64) AppleWebKit/537.36 (KHTML, like Gecko) Chrome/28.0.1500.95 Safari/537.36"
187.33.38.22 - - [13/Aug/2013:01:00:22 +0000] "GET /materiais/docs/estruturas/aListaEncadeada.pdf HTTP/1.1" 206 252258 "http://fbarth.net.br/materiais/docs/estruturas/aListaEncadeada.pdf" "Mozilla/5.0 (Windows NT 6.2; WOW64) AppleWebKit/537.36 (KHTML, like Gecko) Chrome/28.0.1500.95 Safari/537.36"
187.33.38.22 - - [13/Aug/2013:01:00:24 +0000] "GET /favicon.ico HTTP/1.1" 404 926 "-" "Mozilla/5.0 (Windows NT 6.2; WOW64) AppleWebKit/537.36 (KHTML, like Gecko) Chrome/28.0.1500.95 Safari/537.36"
187.33.38.22 - - [13/Aug/2013:01:00:28 +0000] "GET / HTTP/1.1" 200 1811 "-" "Mozilla/5.0 (Windows NT 6.2; WOW64) AppleWebKit/537.36 (KHTML, like Gecko) Chrome/28.0.1500.95 Safari/537.36"
187.33.38.22 - - [13/Aug/2013:01:00:28 +0000] "GET /default.css HTTP/1.1" 200 1415 "http://fbarth.net.br/" "Mozilla/5.0 (Windows NT 6.2; WOW64) AppleWebKit/537.36 (KHTML, like Gecko) Chrome/28.0.1500.95 Safari/537.36"
187.33.38.22 - - [13/Aug/2013:01:00:28 +0000] "GET /img/foto.jpg HTTP/1.1" 200 14854 "http://fbarth.net.br/" "Mozilla/5.0 (Windows NT 6.2; WOW64) AppleWebKit/537.36 (KHTML, like Gecko) Chrome/28.0.1500.95 Safari/537.36"
187.33.38.22 - - [13/Aug/2013:01:00:29 +0000] "GET /img/container.jpg HTTP/1.1" 200 2343 "http://fbarth.net.br/" "Mozilla/5.0 (Windows NT 6.2; WOW64) AppleWebKit/537.36 (KHTML, like Gecko) Chrome/28.0.1500.95 Safari/537.36"
187.33.38.22 - - [13/Aug/2013:01:00:29 +0000] "GET /img/body.jpg HTTP/1.1" 200 13570 "http://fbarth.net.br/" "Mozilla/5.0 (Windows NT 6.2; WOW64) AppleWebKit/537.36 (KHTML, like Gecko) Chrome/28.0.1500.95 Safari/537.36"
187.33.38.22 - - [13/Aug/2013:01:00:30 +0000] "GET /img/header.jpg HTTP/1.1" 200 11112 "http://fbarth.net.br/" "Mozilla/5.0 (Windows NT 6.2; WOW64) AppleWebKit/537.36 (KHTML, like Gecko) Chrome/28.0.1500.95 Safari/537.36"
187.33.38.22 - - [13/Aug/2013:01:00:30 +0000] "GET /img/main.gif HTTP/1.1" 200 148 "http://fbarth.net.br/" "Mozilla/5.0 (Windows NT 6.2; WOW64) AppleWebKit/537.36 (KHTML, like Gecko) Chrome/28.0.1500.95 Safari/537.36"
187.33.38.22 - - [13/Aug/2013:01:00:30 +0000] "GET /favicon.ico HTTP/1.1" 404 926 "-" "Mozilla/5.0 (Windows NT 6.2; WOW64) AppleWebKit/537.36 (KHTML, like Gecko) Chrome/28.0.1500.95 Safari/537.36"
187.33.38.22 - - [13/Aug/2013:01:00:33 +0000] "GET /materiais.html HTTP/1.1" 200 1249 "http://fbarth.net.br/" "Mozilla/5.0 (Windows NT 6.2; WOW64) AppleWebKit/537.36 (KHTML, like Gecko) Chrome/28.0.1500.95 Safari/537.36"
187.33.38.22 - - [13/Aug/2013:01:00:33 +0000] "GET /img/li.gif HTTP/1.1" 200 199 "http://fbarth.net.br/materiais.html" "Mozilla/5.0 (Windows NT 6.2; WOW64) AppleWebKit/537.36 (KHTML, like Gecko) Chrome/28.0.1500.95 Safari/537.36"
187.33.38.22 - - [13/Aug/2013:01:00:34 +0000] "GET /favicon.ico HTTP/1.1" 404 926 "-" "Mozilla/5.0 (Windows NT 6.2; WOW64) AppleWebKit/537.36 (KHTML, like Gecko) Chrome/28.0.1500.95 Safari/537.36"
187.33.38.22 - - [13/Aug/2013:01:00:34 +0000] "GET /materiais/disciplinas.html HTTP/1.1" 200 1116 "http://fbarth.net.br/materiais.html" "Mozilla/5.0 (Windows NT 6.2; WOW64) AppleWebKit/537.36 (KHTML, like Gecko) Chrome/28.0.1500.95 Safari/537.36"
187.33.38.22 - - [13/Aug/2013:01:00:35 +0000] "GET /favicon.ico HTTP/1.1" 404 926 "-" "Mozilla/5.0 (Windows NT 6.2; WOW64) AppleWebKit/537.36 (KHTML, like Gecko) Chrome/28.0.1500.95 Safari/537.36"
187.33.38.22 - - [13/Aug/2013:01:00:36 +0000] "GET /materiais/estrutura-dados.html HTTP/1.1" 200 1329 "http://fbarth.net.br/materiais/disciplinas.html" "Mozilla/5.0 (Windows NT 6.2; WOW64) AppleWebKit/537.36 (KHTML, like Gecko) Chrome/28.0.1500.95 Safari/537.36"
187.33.38.22 - - [13/Aug/2013:01:00:36 +0000] "GET /favicon.ico HTTP/1.1" 404 926 "-" "Mozilla/5.0 (Windows NT 6.2; WOW64) AppleWebKit/537.36 (KHTML, like Gecko) Chrome/28.0.1500.95 Safari/537.36"
187.33.38.22 - - [13/Aug/2013:01:00:39 +0000] "GET /materiais/docs/estruturas/aListaEncadeada.pdf HTTP/1.1" 200 42084 "http://fbarth.net.br/materiais/estrutura-dados.html" "Mozilla/5.0 (Windows NT 6.2; WOW64) AppleWebKit/537.36 (KHTML, like Gecko) Chrome/28.0.1500.95 Safari/537.36"
187.33.38.22 - - [13/Aug/2013:01:00:39 +0000] "GET /materiais/docs/estruturas/aListaEncadeada.pdf HTTP/1.1" 206 32768 "http://fbarth.net.br/materiais/docs/estruturas/aListaEncadeada.pdf" "Mozilla/5.0 (Windows NT 6.2; WOW64) AppleWebKit/537.36 (KHTML, like Gecko) Chrome/28.0.1500.95 Safari/537.36"
187.33.38.22 - - [13/Aug/2013:01:00:41 +0000] "GET /favicon.ico HTTP/1.1" 404 926 "-" "Mozilla/5.0 (Windows NT 6.2; WOW64) AppleWebKit/537.36 (KHTML, like Gecko) Chrome/28.0.1500.95 Safari/537.36"
187.33.38.22 - - [13/Aug/2013:01:00:57 +0000] "GET /materiais/docs/estruturas/aListaEncadeada.pdf HTTP/1.1" 206 252258 "http://fbarth.net.br/materiais/docs/estruturas/aListaEncadeada.pdf" "Mozilla/5.0 (Windows NT 6.2; WOW64) AppleWebKit/537.36 (KHTML, like Gecko) Chrome/28.0.1500.95 Safari/537.36"
187.33.38.22 - - [13/Aug/2013:01:00:57 +0000] "GET /favicon.ico HTTP/1.1" 404 926 "-" "Mozilla/5.0 (Windows NT 6.2; WOW64) AppleWebKit/537.36 (KHTML, like Gecko) Chrome/28.0.1500.95 Safari/537.36"
179.236.221.166 - - [13/Aug/2013:01:04:04 +0000] "GET /favicon.ico HTTP/1.1" 404 926 "-" "Mozilla/5.0 (X11; Linux x86_64) AppleWebKit/537.36 (KHTML, like Gecko) Chrome/28.0.1500.95 Safari/537.36"
179.236.221.166 - - [13/Aug/2013:01:04:04 +0000] "GET /favicon.ico HTTP/1.1" 404 926 "-" "Mozilla/5.0 (X11; Linux x86_64) AppleWebKit/537.36 (KHTML, like Gecko) Chrome/28.0.1500.95 Safari/537.36"
66.249.73.206 - - [13/Aug/2013:01:13:01 +0000] "GET /materiais/docs/am/agrupamento.pdf HTTP/1.1" 200 361504 "-" "Mozilla/5.0 (compatible; Googlebot/2.1; +http://www.google.com/bot.html)"
187.12.67.6 - - [13/Aug/2013:01:20:06 +0000] "GET /materiais/docs/estruturas/aArvores.pdf HTTP/1.1" 200 5632262 "http://www.google.com.br/url?sa=t&rct=j&q=&esrc=s&source=web&cd=8&ved=0CFIQFjAH&url=http%3A%2F%2Ffbarth.net.br%2Fmateriais%2Fdocs%2Festruturas%2FaArvores.pdf&ei=XIkJUvfIH4H69gTln4CgDg&usg=AFQjCNFzN9mxyZNtIbmLDbSEQn-4gapMsw&bvm=bv.50500085,d.eWU" "Mozilla/5.0 (X11; Ubuntu; Linux i686; rv:20.0) Gecko/20100101 Firefox/20.0"
187.12.67.6 - - [13/Aug/2013:01:20:11 +0000] "GET /favicon.ico HTTP/1.1" 404 926 "-" "Mozilla/5.0 (X11; Ubuntu; Linux i686; rv:20.0) Gecko/20100101 Firefox/20.0"
187.12.67.6 - - [13/Aug/2013:01:20:11 +0000] "GET /favicon.ico HTTP/1.1" 404 926 "-" "Mozilla/5.0 (X11; Ubuntu; Linux i686; rv:20.0) Gecko/20100101 Firefox/20.0"
179.219.176.174 - - [13/Aug/2013:01:43:23 +0000] "GET /materiais/docs/aMineracaoInformacoesSeminco2012.pdf HTTP/1.1" 200 100482 "http://blog.fbarth.net.br/2012/09/07/uma-introducao-a-mineracao-de-informacoes-na-era-do-big-data-seminco-2012/" "Mozilla/5.0 (Windows NT 6.1; WOW64) AppleWebKit/537.36 (KHTML, like Gecko) Chrome/28.0.1500.95 Safari/537.36"
179.219.176.174 - - [13/Aug/2013:01:43:23 +0000] "GET /materiais/docs/aMineracaoInformacoesSeminco2012.pdf HTTP/1.1" 206 32768 "http://fbarth.net.br/materiais/docs/aMineracaoInformacoesSeminco2012.pdf" "Mozilla/5.0 (Windows NT 6.1; WOW64) AppleWebKit/537.36 (KHTML, like Gecko) Chrome/28.0.1500.95 Safari/537.36"
179.219.176.174 - - [13/Aug/2013:01:43:24 +0000] "GET /favicon.ico HTTP/1.1" 404 926 "-" "Mozilla/5.0 (Windows NT 6.1; WOW64) AppleWebKit/537.36 (KHTML, like Gecko) Chrome/28.0.1500.95 Safari/537.36"
179.219.176.174 - - [13/Aug/2013:01:43:39 +0000] "GET /materiais/docs/aMineracaoInformacoesSeminco2012.pdf HTTP/1.1" 206 2004165 "http://fbarth.net.br/materiais/docs/aMineracaoInformacoesSeminco2012.pdf" "Mozilla/5.0 (Windows NT 6.1; WOW64) AppleWebKit/537.36 (KHTML, like Gecko) Chrome/28.0.1500.95 Safari/537.36"
179.219.176.174 - - [13/Aug/2013:01:43:41 +0000] "GET /favicon.ico HTTP/1.1" 404 926 "-" "Mozilla/5.0 (Windows NT 6.1; WOW64) AppleWebKit/537.36 (KHTML, like Gecko) Chrome/28.0.1500.95 Safari/537.36"
179.219.176.174 - - [13/Aug/2013:01:45:47 +0000] "GET /materiais/palestras.html HTTP/1.1" 200 1775 "http://fbarth.net.br/materiais/docs/aMineracaoInformacoesSeminco2012.pdf" "Mozilla/5.0 (Windows NT 6.1; WOW64) AppleWebKit/537.36 (KHTML, like Gecko) Chrome/28.0.1500.95 Safari/537.36"
179.219.176.174 - - [13/Aug/2013:01:45:48 +0000] "GET /default.css HTTP/1.1" 200 1415 "http://fbarth.net.br/materiais/palestras.html" "Mozilla/5.0 (Windows NT 6.1; WOW64) AppleWebKit/537.36 (KHTML, like Gecko) Chrome/28.0.1500.95 Safari/537.36"
179.219.176.174 - - [13/Aug/2013:01:45:48 +0000] "GET /img/body.jpg HTTP/1.1" 200 13570 "http://fbarth.net.br/materiais/palestras.html" "Mozilla/5.0 (Windows NT 6.1; WOW64) AppleWebKit/537.36 (KHTML, like Gecko) Chrome/28.0.1500.95 Safari/537.36"
179.219.176.174 - - [13/Aug/2013:01:45:48 +0000] "GET /img/container.jpg HTTP/1.1" 200 2343 "http://fbarth.net.br/materiais/palestras.html" "Mozilla/5.0 (Windows NT 6.1; WOW64) AppleWebKit/537.36 (KHTML, like Gecko) Chrome/28.0.1500.95 Safari/537.36"
179.219.176.174 - - [13/Aug/2013:01:45:48 +0000] "GET /img/header.jpg HTTP/1.1" 200 11112 "http://fbarth.net.br/materiais/palestras.html" "Mozilla/5.0 (Windows NT 6.1; WOW64) AppleWebKit/537.36 (KHTML, like Gecko) Chrome/28.0.1500.95 Safari/537.36"
179.219.176.174 - - [13/Aug/2013:01:45:48 +0000] "GET /img/main.gif HTTP/1.1" 200 148 "http://fbarth.net.br/materiais/palestras.html" "Mozilla/5.0 (Windows NT 6.1; WOW64) AppleWebKit/537.36 (KHTML, like Gecko) Chrome/28.0.1500.95 Safari/537.36"
179.219.176.174 - - [13/Aug/2013:01:45:48 +0000] "GET /img/li.gif HTTP/1.1" 200 199 "http://fbarth.net.br/materiais/palestras.html" "Mozilla/5.0 (Windows NT 6.1; WOW64) AppleWebKit/537.36 (KHTML, like Gecko) Chrome/28.0.1500.95 Safari/537.36"
179.219.176.174 - - [13/Aug/2013:01:45:49 +0000] "GET /favicon.ico HTTP/1.1" 404 926 "-" "Mozilla/5.0 (Windows NT 6.1; WOW64) AppleWebKit/537.36 (KHTML, like Gecko) Chrome/28.0.1500.95 Safari/537.36"
179.219.176.174 - - [13/Aug/2013:01:46:15 +0000] "GET /publicacoes.html HTTP/1.1" 200 7717 "http://fbarth.net.br/materiais/palestras.html" "Mozilla/5.0 (Windows NT 6.1; WOW64) AppleWebKit/537.36 (KHTML, like Gecko) Chrome/28.0.1500.95 Safari/537.36"
179.219.176.174 - - [13/Aug/2013:01:46:17 +0000] "GET /favicon.ico HTTP/1.1" 404 926 "-" "Mozilla/5.0 (Windows NT 6.1; WOW64) AppleWebKit/537.36 (KHTML, like Gecko) Chrome/28.0.1500.95 Safari/537.36"
179.219.176.174 - - [13/Aug/2013:01:46:51 +0000] "GET /docs/bar2010a.pdf HTTP/1.1" 200 46462 "http://fbarth.net.br/publicacoes.html" "Mozilla/5.0 (Windows NT 6.1; WOW64) AppleWebKit/537.36 (KHTML, like Gecko) Chrome/28.0.1500.95 Safari/537.36"
179.219.176.174 - - [13/Aug/2013:01:46:51 +0000] "GET /docs/bar2010a.pdf HTTP/1.1" 206 32768 "http://fbarth.net.br/docs/bar2010a.pdf" "Mozilla/5.0 (Windows NT 6.1; WOW64) AppleWebKit/537.36 (KHTML, like Gecko) Chrome/28.0.1500.95 Safari/537.36"
179.219.176.174 - - [13/Aug/2013:01:46:52 +0000] "GET /favicon.ico HTTP/1.1" 404 926 "-" "Mozilla/5.0 (Windows NT 6.1; WOW64) AppleWebKit/537.36 (KHTML, like Gecko) Chrome/28.0.1500.95 Safari/537.36"
179.219.176.174 - - [13/Aug/2013:01:47:05 +0000] "GET /docs/bar2010a.pdf HTTP/1.1" 206 1938565 "http://fbarth.net.br/docs/bar2010a.pdf" "Mozilla/5.0 (Windows NT 6.1; WOW64) AppleWebKit/537.36 (KHTML, like Gecko) Chrome/28.0.1500.95 Safari/537.36"
179.219.176.174 - - [13/Aug/2013:01:47:06 +0000] "GET /favicon.ico HTTP/1.1" 404 926 "-" "Mozilla/5.0 (Windows NT 6.1; WOW64) AppleWebKit/537.36 (KHTML, like Gecko) Chrome/28.0.1500.95 Safari/537.36"
179.219.176.174 - - [13/Aug/2013:01:47:06 +0000] "GET /favicon.ico HTTP/1.1" 404 926 "-" "Mozilla/5.0 (Windows NT 6.1; WOW64) AppleWebKit/537.36 (KHTML, like Gecko) Chrome/28.0.1500.95 Safari/537.36"
179.219.176.174 - - [13/Aug/2013:01:47:12 +0000] "GET /docs/bar2010a.pdf HTTP/1.1" 206 1062802 "http://fbarth.net.br/docs/bar2010a.pdf" "Mozilla/5.0 (Windows NT 6.1; WOW64) AppleWebKit/537.36 (KHTML, like Gecko) Chrome/28.0.1500.95 Safari/537.36"
179.219.176.174 - - [13/Aug/2013:01:47:14 +0000] "GET /favicon.ico HTTP/1.1" 404 926 "-" "Mozilla/5.0 (Windows NT 6.1; WOW64) AppleWebKit/537.36 (KHTML, like Gecko) Chrome/28.0.1500.95 Safari/537.36"
179.219.176.174 - - [13/Aug/2013:01:47:38 +0000] "GET /favicon.ico HTTP/1.1" 404 926 "-" "Mozilla/5.0 (Windows NT 6.1; WOW64) AppleWebKit/537.36 (KHTML, like Gecko) Chrome/28.0.1500.95 Safari/537.36"
179.219.176.174 - - [13/Aug/2013:01:47:39 +0000] "GET /favicon.ico HTTP/1.1" 404 926 "-" "Mozilla/5.0 (Windows NT 6.1; WOW64) AppleWebKit/537.36 (KHTML, like Gecko) Chrome/28.0.1500.95 Safari/537.36"
179.219.176.174 - - [13/Aug/2013:01:47:39 +0000] "GET /favicon.ico HTTP/1.1" 404 926 "-" "Mozilla/5.0 (Windows NT 6.1; WOW64) AppleWebKit/537.36 (KHTML, like Gecko) Chrome/28.0.1500.95 Safari/537.36"
66.249.73.206 - - [13/Aug/2013:01:47:43 +0000] "GET /docs/med2005.pdf HTTP/1.1" 304 0 "-" "Mozilla/5.0 (compatible; Googlebot/2.1; +http://www.google.com/bot.html)"
179.219.176.174 - - [13/Aug/2013:01:47:43 +0000] "GET /materiais/codigos.html HTTP/1.1" 200 1622 "http://blog.fbarth.net.br/2012/09/07/uma-introducao-a-mineracao-de-informacoes-na-era-do-big-data-seminco-2012/" "Mozilla/5.0 (Windows NT 6.1; WOW64) AppleWebKit/537.36 (KHTML, like Gecko) Chrome/28.0.1500.95 Safari/537.36"
179.219.176.174 - - [13/Aug/2013:01:47:43 +0000] "GET /favicon.ico HTTP/1.1" 404 926 "-" "Mozilla/5.0 (Windows NT 6.1; WOW64) AppleWebKit/537.36 (KHTML, like Gecko) Chrome/28.0.1500.95 Safari/537.36"
179.219.176.174 - - [13/Aug/2013:01:49:46 +0000] "GET / HTTP/1.1" 200 1811 "http://trac.fbarth.net.br/wikiAnalysis/wiki" "Mozilla/5.0 (Windows NT 6.1; WOW64) AppleWebKit/537.36 (KHTML, like Gecko) Chrome/28.0.1500.95 Safari/537.36"
179.219.176.174 - - [13/Aug/2013:01:49:46 +0000] "GET /img/foto.jpg HTTP/1.1" 200 14854 "http://fbarth.net.br/" "Mozilla/5.0 (Windows NT 6.1; WOW64) AppleWebKit/537.36 (KHTML, like Gecko) Chrome/28.0.1500.95 Safari/537.36"
179.219.176.174 - - [13/Aug/2013:01:49:47 +0000] "GET /favicon.ico HTTP/1.1" 404 926 "-" "Mozilla/5.0 (Windows NT 6.1; WOW64) AppleWebKit/537.36 (KHTML, like Gecko) Chrome/28.0.1500.95 Safari/537.36"
179.219.176.174 - - [13/Aug/2013:02:03:40 +0000] "GET /materiais/webMiningR.html HTTP/1.1" 200 1816 "http://rstudio-pubs-static.s3.amazonaws.com/6585_f0f1ddcedde846ee8a3882e72f149f94.html" "Mozilla/5.0 (Windows NT 6.1; WOW64) AppleWebKit/537.36 (KHTML, like Gecko) Chrome/28.0.1500.95 Safari/537.36"
179.219.176.174 - - [13/Aug/2013:02:03:53 +0000] "GET /materiais/docs/data/ HTTP/1.1" 200 589 "http://fbarth.net.br/materiais/webMiningR.html" "Mozilla/5.0 (Windows NT 6.1; WOW64) AppleWebKit/537.36 (KHTML, like Gecko) Chrome/28.0.1500.95 Safari/537.36"
179.219.176.174 - - [13/Aug/2013:02:03:53 +0000] "GET /__________wficons__________/blank.gif HTTP/1.1" 200 148 "http://fbarth.net.br/materiais/docs/data/" "Mozilla/5.0 (Windows NT 6.1; WOW64) AppleWebKit/537.36 (KHTML, like Gecko) Chrome/28.0.1500.95 Safari/537.36"
179.219.176.174 - - [13/Aug/2013:02:03:53 +0000] "GET /__________wficons__________/back.gif HTTP/1.1" 200 216 "http://fbarth.net.br/materiais/docs/data/" "Mozilla/5.0 (Windows NT 6.1; WOW64) AppleWebKit/537.36 (KHTML, like Gecko) Chrome/28.0.1500.95 Safari/537.36"
179.219.176.174 - - [13/Aug/2013:02:03:53 +0000] "GET /__________wficons__________/unknown.gif HTTP/1.1" 200 245 "http://fbarth.net.br/materiais/docs/data/" "Mozilla/5.0 (Windows NT 6.1; WOW64) AppleWebKit/537.36 (KHTML, like Gecko) Chrome/28.0.1500.95 Safari/537.36"
179.219.176.174 - - [13/Aug/2013:02:03:53 +0000] "GET /__________wficons__________/text.gif HTTP/1.1" 200 229 "http://fbarth.net.br/materiais/docs/data/" "Mozilla/5.0 (Windows NT 6.1; WOW64) AppleWebKit/537.36 (KHTML, like Gecko) Chrome/28.0.1500.95 Safari/537.36"
179.219.176.174 - - [13/Aug/2013:02:03:58 +0000] "GET /materiais/docs/data/visitacao.txt HTTP/1.1" 200 74 "http://fbarth.net.br/materiais/docs/data/" "Mozilla/5.0 (Windows NT 6.1; WOW64) AppleWebKit/537.36 (KHTML, like Gecko) Chrome/28.0.1500.95 Safari/537.36"
179.219.176.174 - - [13/Aug/2013:02:04:09 +0000] "GET /materiais/docs/data/spambase.names HTTP/1.1" 200 1062 "http://fbarth.net.br/materiais/docs/data/" "Mozilla/5.0 (Windows NT 6.1; WOW64) AppleWebKit/537.36 (KHTML, like Gecko) Chrome/28.0.1500.95 Safari/537.36"
179.219.176.174 - - [13/Aug/2013:02:04:29 +0000] "GET /materiais/docs/data/spambase.data HTTP/1.1" 200 165396 "http://fbarth.net.br/materiais/docs/data/" "Mozilla/5.0 (Windows NT 6.1; WOW64) AppleWebKit/537.36 (KHTML, like Gecko) Chrome/28.0.1500.95 Safari/537.36"
179.219.176.174 - - [13/Aug/2013:02:04:39 +0000] "GET /materiais/docs/data/protesto.rda HTTP/1.1" 200 26609 "http://fbarth.net.br/materiais/docs/data/" "Mozilla/5.0 (Windows NT 6.1; WOW64) AppleWebKit/537.36 (KHTML, like Gecko) Chrome/28.0.1500.95 Safari/537.36"
179.219.176.174 - - [13/Aug/2013:02:04:43 +0000] "GET /materiais/docs/data/kosarak_mix.dat HTTP/1.1" 200 289498 "http://fbarth.net.br/materiais/docs/data/" "Mozilla/5.0 (Windows NT 6.1; WOW64) AppleWebKit/537.36 (KHTML, like Gecko) Chrome/28.0.1500.95 Safari/537.36"
179.219.176.174 - - [13/Aug/2013:02:04:46 +0000] "GET /materiais/docs/data/protesto.rda HTTP/1.1" 200 26609 "http://fbarth.net.br/materiais/docs/data/" "Mozilla/5.0 (Windows NT 6.1; WOW64) AppleWebKit/537.36 (KHTML, like Gecko) Chrome/28.0.1500.95 Safari/537.36"
5.10.83.48 - - [13/Aug/2013:02:07:49 +0000] "GET /materiais/docs/estruturas/?C=D;O=A HTTP/1.1" 200 582 "-" "Mozilla/5.0 (compatible; AhrefsBot/5.0; +http://ahrefs.com/robot/)"
179.219.176.174 - - [13/Aug/2013:02:13:07 +0000] "GET /favicon.ico HTTP/1.1" 404 926 "-" "Mozilla/5.0 (Windows NT 6.1; WOW64) AppleWebKit/537.36 (KHTML, like Gecko) Chrome/28.0.1500.95 Safari/537.36"
179.219.176.174 - - [13/Aug/2013:02:13:10 +0000] "GET /favicon.ico HTTP/1.1" 404 926 "-" "Mozilla/5.0 (Windows NT 6.1; WOW64) AppleWebKit/537.36 (KHTML, like Gecko) Chrome/28.0.1500.95 Safari/537.36"
179.219.176.174 - - [13/Aug/2013:02:13:10 +0000] "GET /materiais/docs/data/ HTTP/1.1" 200 589 "http://fbarth.net.br/materiais/webMiningR.html" "Mozilla/5.0 (Windows NT 6.1; WOW64) AppleWebKit/537.36 (KHTML, like Gecko) Chrome/28.0.1500.95 Safari/537.36"
179.219.176.174 - - [13/Aug/2013:02:13:21 +0000] "GET /index.html HTTP/1.1" 200 1823 "http://fbarth.net.br/materiais/webMiningR.html" "Mozilla/5.0 (Windows NT 6.1; WOW64) AppleWebKit/537.36 (KHTML, like Gecko) Chrome/28.0.1500.95 Safari/537.36"
179.219.176.174 - - [13/Aug/2013:02:13:26 +0000] "GET /projetos.html HTTP/1.1" 200 1562 "http://fbarth.net.br/index.html" "Mozilla/5.0 (Windows NT 6.1; WOW64) AppleWebKit/537.36 (KHTML, like Gecko) Chrome/28.0.1500.95 Safari/537.36"
179.219.176.174 - - [13/Aug/2013:02:17:15 +0000] "GET /projetos/educacao.html HTTP/1.1" 200 2234 "http://fbarth.net.br/projetos.html" "Mozilla/5.0 (Windows NT 6.1; WOW64) AppleWebKit/537.36 (KHTML, like Gecko) Chrome/28.0.1500.95 Safari/537.36"
179.219.176.174 - - [13/Aug/2013:02:17:58 +0000] "GET /docs/bar2012-apresentacao.pdf HTTP/1.1" 200 46462 "http://fbarth.net.br/projetos/educacao.html" "Mozilla/5.0 (Windows NT 6.1; WOW64) AppleWebKit/537.36 (KHTML, like Gecko) Chrome/28.0.1500.95 Safari/537.36"
179.219.176.174 - - [13/Aug/2013:02:17:58 +0000] "GET /docs/bar2012-apresentacao.pdf HTTP/1.1" 206 32768 "http://fbarth.net.br/docs/bar2012-apresentacao.pdf" "Mozilla/5.0 (Windows NT 6.1; WOW64) AppleWebKit/537.36 (KHTML, like Gecko) Chrome/28.0.1500.95 Safari/537.36"
179.219.176.174 - - [13/Aug/2013:02:19:03 +0000] "GET /docs/bar2012-apresentacao.pdf HTTP/1.1" 206 3593558 "http://fbarth.net.br/docs/bar2012-apresentacao.pdf" "Mozilla/5.0 (Windows NT 6.1; WOW64) AppleWebKit/537.36 (KHTML, like Gecko) Chrome/28.0.1500.95 Safari/537.36"
179.219.176.174 - - [13/Aug/2013:02:24:39 +0000] "GET /docs/bar2012.pdf HTTP/1.1" 200 46465 "http://fbarth.net.br/projetos/educacao.html" "Mozilla/5.0 (Windows NT 6.1; WOW64) AppleWebKit/537.36 (KHTML, like Gecko) Chrome/28.0.1500.95 Safari/537.36"
179.219.176.174 - - [13/Aug/2013:02:24:39 +0000] "GET /docs/bar2012.pdf HTTP/1.1" 206 32768 "http://fbarth.net.br/docs/bar2012.pdf" "Mozilla/5.0 (Windows NT 6.1; WOW64) AppleWebKit/537.36 (KHTML, like Gecko) Chrome/28.0.1500.95 Safari/537.36"
179.219.176.174 - - [13/Aug/2013:02:24:39 +0000] "GET /favicon.ico HTTP/1.1" 404 926 "-" "Mozilla/5.0 (Windows NT 6.1; WOW64) AppleWebKit/537.36 (KHTML, like Gecko) Chrome/28.0.1500.95 Safari/537.36"
179.219.176.174 - - [13/Aug/2013:02:24:40 +0000] "GET /docs/bar2012.pdf HTTP/1.1" 206 63095 "http://fbarth.net.br/docs/bar2012.pdf" "Mozilla/5.0 (Windows NT 6.1; WOW64) AppleWebKit/537.36 (KHTML, like Gecko) Chrome/28.0.1500.95 Safari/537.36"
179.219.176.174 - - [13/Aug/2013:02:24:40 +0000] "GET /favicon.ico HTTP/1.1" 404 926 "-" "Mozilla/5.0 (Windows NT 6.1; WOW64) AppleWebKit/537.36 (KHTML, like Gecko) Chrome/28.0.1500.95 Safari/537.36"
5.10.83.48 - - [13/Aug/2013:02:26:40 +0000] "GET /materiais/docs/estruturas/?C=N;O=D HTTP/1.1" 200 591 "-" "Mozilla/5.0 (compatible; AhrefsBot/5.0; +http://ahrefs.com/robot/)"
179.219.176.174 - - [13/Aug/2013:02:33:15 +0000] "GET /materiais/docs/am/agrupamento.pdf HTTP/1.1" 200 46464 "https://www.google.com.br/" "Mozilla/5.0 (Windows NT 6.1; WOW64) AppleWebKit/537.36 (KHTML, like Gecko) Chrome/28.0.1500.95 Safari/537.36"
179.219.176.174 - - [13/Aug/2013:02:33:15 +0000] "GET /materiais/docs/am/agrupamento.pdf HTTP/1.1" 206 32768 "http://fbarth.net.br/materiais/docs/am/agrupamento.pdf" "Mozilla/5.0 (Windows NT 6.1; WOW64) AppleWebKit/537.36 (KHTML, like Gecko) Chrome/28.0.1500.95 Safari/537.36"
179.219.176.174 - - [13/Aug/2013:02:33:16 +0000] "GET /favicon.ico HTTP/1.1" 404 926 "-" "Mozilla/5.0 (Windows NT 6.1; WOW64) AppleWebKit/537.36 (KHTML, like Gecko) Chrome/28.0.1500.95 Safari/537.36"
179.219.176.174 - - [13/Aug/2013:02:33:19 +0000] "GET /materiais/docs/am/agrupamento.pdf HTTP/1.1" 206 328736 "http://fbarth.net.br/materiais/docs/am/agrupamento.pdf" "Mozilla/5.0 (Windows NT 6.1; WOW64) AppleWebKit/537.36 (KHTML, like Gecko) Chrome/28.0.1500.95 Safari/537.36"
179.219.176.174 - - [13/Aug/2013:02:33:22 +0000] "GET /favicon.ico HTTP/1.1" 404 926 "-" "Mozilla/5.0 (Windows NT 6.1; WOW64) AppleWebKit/537.36 (KHTML, like Gecko) Chrome/28.0.1500.95 Safari/537.36"
66.249.73.206 - - [13/Aug/2013:02:37:18 +0000] "GET /materiais/webMiningR.html HTTP/1.1" 304 0 "-" "Mozilla/5.0 (compatible; Googlebot/2.1; +http://www.google.com/bot.html)"
66.249.73.206 - - [13/Aug/2013:02:37:47 +0000] "GET /docs/bar2005a.pdf HTTP/1.1" 200 174520 "-" "Mozilla/5.0 (compatible; Googlebot/2.1; +http://www.google.com/bot.html)"
189.71.227.214 - - [13/Aug/2013:02:42:55 +0000] "GET /materiais/docs/estruturas/aBusca.pdf HTTP/1.1" 200 47264 "https://www.google.com.br/" "Mozilla/5.0 (Windows NT 6.1; WOW64) AppleWebKit/537.36 (KHTML, like Gecko) Chrome/28.0.1500.95 Safari/537.36"
189.71.227.214 - - [13/Aug/2013:02:42:55 +0000] "GET /materiais/docs/estruturas/aBusca.pdf HTTP/1.1" 206 32768 "http://fbarth.net.br/materiais/docs/estruturas/aBusca.pdf" "Mozilla/5.0 (Windows NT 6.1; WOW64) AppleWebKit/537.36 (KHTML, like Gecko) Chrome/28.0.1500.95 Safari/537.36"
189.71.227.214 - - [13/Aug/2013:02:42:56 +0000] "GET /materiais/docs/estruturas/aBusca.pdf HTTP/1.1" 206 194312 "http://fbarth.net.br/materiais/docs/estruturas/aBusca.pdf" "Mozilla/5.0 (Windows NT 6.1; WOW64) AppleWebKit/537.36 (KHTML, like Gecko) Chrome/28.0.1500.95 Safari/537.36"
189.71.227.214 - - [13/Aug/2013:02:42:57 +0000] "GET /favicon.ico HTTP/1.1" 404 926 "-" "Mozilla/5.0 (Windows NT 6.1; WOW64) AppleWebKit/537.36 (KHTML, like Gecko) Chrome/28.0.1500.95 Safari/537.36"
189.71.227.214 - - [13/Aug/2013:02:42:57 +0000] "GET /favicon.ico HTTP/1.1" 404 926 "-" "Mozilla/5.0 (Windows NT 6.1; WOW64) AppleWebKit/537.36 (KHTML, like Gecko) Chrome/28.0.1500.95 Safari/537.36"
66.249.73.206 - - [13/Aug/2013:02:49:13 +0000] "GET /materiais/docs/ia/busca_versaoFabricio.pdf HTTP/1.1" 304 0 "-" "Mozilla/5.0 (iPhone; U; CPU iPhone OS 4_1 like Mac OS X; en-us) AppleWebKit/532.9 (KHTML, like Gecko) Version/4.0.5 Mobile/8B117 Safari/6531.22.7 (compatible; Googlebot-Mobile/2.1; +http://www.google.com/bot.html)"
5.10.83.48 - - [13/Aug/2013:03:00:50 +0000] "GET /materiais/docs/estruturas/?C=M;O=A HTTP/1.1" 200 583 "-" "Mozilla/5.0 (compatible; AhrefsBot/5.0; +http://ahrefs.com/robot/)"
66.249.73.206 - - [11/Aug/2013:03:17:03 +0000] "GET /materiais/docs/ia/ HTTP/1.1" 200 577 "-" "Mozilla/5.0 (compatible; Googlebot/2.1; +http://www.google.com/bot.html)"
66.249.73.206 - - [11/Aug/2013:03:19:23 +0000] "GET /materiais/docs/estruturas/aBusca.pdf HTTP/1.1" 304 0 "-" "Mozilla/5.0 (compatible; Googlebot/2.1; +http://www.google.com/bot.html)"
66.249.73.206 - - [11/Aug/2013:03:35:51 +0000] "GET / HTTP/1.1" 200 1811 "-" "Mozilla/5.0 (iPhone; U; CPU iPhone OS 4_1 like Mac OS X; en-us) AppleWebKit/532.9 (KHTML, like Gecko) Version/4.0.5 Mobile/8B117 Safari/6531.22.7 (compatible; Googlebot-Mobile/2.1; +http://www.google.com/bot.html)"
66.249.73.206 - - [11/Aug/2013:04:28:45 +0000] "GET /docs/bar2007.pdf HTTP/1.1" 304 0 "-" "Mozilla/5.0 (iPhone; U; CPU iPhone OS 4_1 like Mac OS X; en-us) AppleWebKit/532.9 (KHTML, like Gecko) Version/4.0.5 Mobile/8B117 Safari/6531.22.7 (compatible; Googlebot-Mobile/2.1; +http://www.google.com/bot.html)"
189.33.78.105 - - [11/Aug/2013:04:36:01 +0000] "GET /materiais/docs/am/aDataScience.pdf HTTP/1.1" 206 4096 "-" "Mozilla/5.0 (compatible; MSIE 10.0; Windows NT 6.1; WOW64; Trident/6.0)"
189.33.78.105 - - [11/Aug/2013:04:36:02 +0000] "GET /materiais/docs/am/aDataScience.pdf HTTP/1.1" 200 589582 "http://www.google.com.br/url?sa=t&rct=j&q=livros%20big%20data%20pdf&source=web&cd=3&cad=rja&ved=0CEgQFjAC&url=http%3A%2F%2Ffbarth.net.br%2Fmateriais%2Fdocs%2Fam%2FaDataScience.pdf&ei=mBQHUqXmNIiI9QTlk4GQAQ&usg=AFQjCNEjNUtAOkgdQsyup5UOC2_FKUU_-A&bvm=bv.50500085,d.eWU" "Mozilla/5.0 (compatible; MSIE 10.0; Windows NT 6.1; WOW64; Trident/6.0)"
189.33.78.105 - - [11/Aug/2013:04:36:13 +0000] "GET /materiais/docs/am/aDataScience.pdf HTTP/1.1" 206 1899653 "-" "Mozilla/5.0 (compatible; MSIE 10.0; Windows NT 6.1; WOW64; Trident/6.0)"
123.125.71.21 - - [11/Aug/2013:05:22:12 +0000] "GET /robots.txt HTTP/1.1" 200 65 "-" "Mozilla/5.0 (compatible; Baiduspider/2.0; +http://www.baidu.com/search/spider.html)"
66.249.73.206 - - [11/Aug/2013:05:42:42 +0000] "GET /materiais/docs/am/aIntroducao.pdf HTTP/1.1" 304 0 "-" "Mozilla/5.0 (compatible; Googlebot/2.1; +http://www.google.com/bot.html)"
66.249.73.206 - - [11/Aug/2013:05:49:06 +0000] "GET /docs/bar2005a.pdf HTTP/1.1" 304 0 "-" "Mozilla/5.0 (compatible; Googlebot/2.1; +http://www.google.com/bot.html)"
5.10.83.43 - - [11/Aug/2013:05:59:31 +0000] "GET /materiais/docs/data/?C=D;O=D HTTP/1.1" 200 587 "-" "Mozilla/5.0 (compatible; AhrefsBot/5.0; +http://ahrefs.com/robot/)"
66.249.73.206 - - [11/Aug/2013:06:07:24 +0000] "GET /docs/bar2005a.pdf HTTP/1.1" 200 174520 "-" "Mozilla/5.0 (compatible; Googlebot/2.1; +http://www.google.com/bot.html)"
5.10.83.43 - - [11/Aug/2013:06:17:23 +0000] "GET /materiais/docs/data/?C=S;O=A HTTP/1.1" 200 590 "-" "Mozilla/5.0 (compatible; AhrefsBot/5.0; +http://ahrefs.com/robot/)"
183.81.186.225 - - [11/Aug/2013:06:28:19 +0000] "GET /docs/sbsc2010_barth.pdf HTTP/1.1" 200 184311 "http://fbarth.net.br/" "Mozilla/5.0 (Macintosh; Intel Mac OS X 10_7_5) AppleWebKit/537.36 (KHTML, like Gecko) Chrome/28.0.1500.71 Safari/537.36"
183.81.186.225 - - [11/Aug/2013:06:28:57 +0000] "GET /docs/bar2008b.pdf HTTP/1.1" 200 258112 "http://fbarth.net.br/" "Mozilla/5.0 (Macintosh; Intel Mac OS X 10_8_4) AppleWebKit/537.36 (KHTML, like Gecko) Chrome/27.0.1453.110 Safari/537.36"
5.10.83.43 - - [11/Aug/2013:06:47:38 +0000] "GET /materiais/docs/data/?C=N;O=A HTTP/1.1" 200 589 "-" "Mozilla/5.0 (compatible; AhrefsBot/5.0; +http://ahrefs.com/robot/)"
5.10.83.43 - - [11/Aug/2013:06:55:31 +0000] "GET /materiais/docs/data/?C=M;O=D HTTP/1.1" 200 587 "-" "Mozilla/5.0 (compatible; AhrefsBot/5.0; +http://ahrefs.com/robot/)"
46.229.160.208 - - [11/Aug/2013:07:11:05 +0000] "GET /materiais/docs/estruturas/aOrdenacao.pdf HTTP/1.1" 200 17125 "-" "Mozilla/5.0 (Macintosh; U; Intel Mac OS X 10_5_3; hu-hu) AppleWebKit/525.18 (KHTML, like Gecko) Version/3.1.1 Safari/525.20"
66.249.73.206 - - [11/Aug/2013:07:17:25 +0000] "GET /docs/sbsc2010_barth.pdf HTTP/1.1" 304 0 "-" "Mozilla/5.0 (compatible; Googlebot/2.1; +http://www.google.com/bot.html)"
5.10.83.43 - - [11/Aug/2013:07:59:38 +0000] "GET /materiais/docs/data/protesto.rda HTTP/1.1" 200 26609 "-" "Mozilla/5.0 (compatible; AhrefsBot/5.0; +http://ahrefs.com/robot/)"
5.10.83.43 - - [11/Aug/2013:08:08:16 +0000] "GET /materiais/docs/data/kosarak_mix.dat HTTP/1.1" 200 115598 "-" "Mozilla/5.0 (compatible; AhrefsBot/5.0; +http://ahrefs.com/robot/)"
66.249.73.206 - - [11/Aug/2013:08:20:44 +0000] "GET /docs/lop2000.pdf HTTP/1.1" 304 0 "-" "Mozilla/5.0 (compatible; Googlebot/2.1; +http://www.google.com/bot.html)"
100.43.83.157 - - [11/Aug/2013:10:34:10 +0000] "GET /robots.txt HTTP/1.1" 200 23 "-" "Mozilla/5.0 (compatible; YandexBot/3.0; +http://yandex.com/bots)"
157.55.33.77 - - [11/Aug/2013:13:25:18 +0000] "GET /robots.txt HTTP/1.1" 200 23 "-" "Mozilla/5.0 (compatible; bingbot/2.0; +http://www.bing.com/bingbot.htm)"
157.55.33.77 - - [11/Aug/2013:13:35:52 +0000] "GET / HTTP/1.1" 200 1811 "-" "Mozilla/5.0 (compatible; bingbot/2.0; +http://www.bing.com/bingbot.htm)"
66.249.73.206 - - [11/Aug/2013:13:58:04 +0000] "GET /robots.txt HTTP/1.1" 200 65 "-" "Mozilla/5.0 (compatible; Googlebot/2.1; +http://www.google.com/bot.html)"
66.249.73.206 - - [11/Aug/2013:13:58:05 +0000] "GET /materiais/introducaoRecuperacaoInformacao/introducaoRecuperacaoInformacao.pdf HTTP/1.1" 200 180972 "-" "Mozilla/5.0 (iPhone; U; CPU iPhone OS 4_1 like Mac OS X; en-us) AppleWebKit/532.9 (KHTML, like Gecko) Version/4.0.5 Mobile/8B117 Safari/6531.22.7 (compatible; Googlebot-Mobile/2.1; +http://www.google.com/bot.html)"
46.229.164.100 - - [11/Aug/2013:14:19:29 +0000] "GET /materiais/docs/encontroProfessores.pdf HTTP/1.1" 200 43187 "-" "Mozilla/5.0 (compatible; SemrushBot/0.96.4; +http://www.semrush.com/bot.html)"
100.43.83.157 - - [11/Aug/2013:14:33:54 +0000] "GET /materiais/docs/am/ HTTP/1.1" 200 616 "-" "Mozilla/5.0 (compatible; YandexBot/3.0; +http://yandex.com/bots)"
46.229.164.99 - - [11/Aug/2013:14:58:35 +0000] "GET / HTTP/1.1" 200 1811 "-" "Mozilla/5.0 (compatible; SemrushBot/0.96.4; +http://www.semrush.com/bot.html)"
66.249.73.206 - - [11/Aug/2013:14:59:09 +0000] "GET /materiais.html HTTP/1.1" 200 1249 "-" "Mozilla/5.0 (iPhone; U; CPU iPhone OS 4_1 like Mac OS X; en-us) AppleWebKit/532.9 (KHTML, like Gecko) Version/4.0.5 Mobile/8B117 Safari/6531.22.7 (compatible; Googlebot-Mobile/2.1; +http://www.google.com/bot.html)"
177.16.246.10 - - [11/Aug/2013:15:02:50 +0000] "GET /materiais/introducaoRecuperacaoInformacao/introducaoRecuperacaoInformacao.pdf HTTP/1.1" 200 140588 "https://www.google.com.br/" "Mozilla/5.0 (Windows NT 6.1) AppleWebKit/537.36 (KHTML, like Gecko) Chrome/28.0.1500.95 Safari/537.36"
177.16.246.10 - - [11/Aug/2013:15:02:50 +0000] "GET /materiais/introducaoRecuperacaoInformacao/introducaoRecuperacaoInformacao.pdf HTTP/1.1" 206 32768 "http://fbarth.net.br/materiais/introducaoRecuperacaoInformacao/introducaoRecuperacaoInformacao.pdf" "Mozilla/5.0 (Windows NT 6.1) AppleWebKit/537.36 (KHTML, like Gecko) Chrome/28.0.1500.95 Safari/537.36"
177.16.246.10 - - [11/Aug/2013:15:02:50 +0000] "GET /favicon.ico HTTP/1.1" 404 926 "-" "Mozilla/5.0 (Windows NT 6.1) AppleWebKit/537.36 (KHTML, like Gecko) Chrome/28.0.1500.95 Safari/537.36"
177.16.246.10 - - [11/Aug/2013:15:02:51 +0000] "GET /materiais/introducaoRecuperacaoInformacao/introducaoRecuperacaoInformacao.pdf HTTP/1.1" 206 148204 "http://fbarth.net.br/materiais/introducaoRecuperacaoInformacao/introducaoRecuperacaoInformacao.pdf" "Mozilla/5.0 (Windows NT 6.1) AppleWebKit/537.36 (KHTML, like Gecko) Chrome/28.0.1500.95 Safari/537.36"
177.16.246.10 - - [11/Aug/2013:15:02:51 +0000] "GET /favicon.ico HTTP/1.1" 404 926 "-" "Mozilla/5.0 (Windows NT 6.1) AppleWebKit/537.36 (KHTML, like Gecko) Chrome/28.0.1500.95 Safari/537.36"
46.229.164.101 - - [11/Aug/2013:15:12:22 +0000] "GET /projetos/riInteligente.html HTTP/1.1" 200 5640 "-" "Mozilla/5.0 (compatible; SemrushBot/0.96.4; +http://www.semrush.com/bot.html)"
46.229.164.101 - - [11/Aug/2013:15:12:27 +0000] "GET /docs/bar2012.pdf HTTP/1.1" 200 41742 "-" "Mozilla/5.0 (compatible; SemrushBot/0.96.4; +http://www.semrush.com/bot.html)"
46.229.164.102 - - [11/Aug/2013:15:12:40 +0000] "GET /materiais/codigos.html HTTP/1.1" 200 1622 "-" "Mozilla/5.0 (compatible; SemrushBot/0.96.4; +http://www.semrush.com/bot.html)"
46.229.164.99 - - [11/Aug/2013:15:12:53 +0000] "GET /materiais/docs/aMineracaoInformacoesSeminco2012.pdf HTTP/1.1" 200 21467 "-" "Mozilla/5.0 (compatible; SemrushBot/0.96.4; +http://www.semrush.com/bot.html)"
180.76.6.20 - - [11/Aug/2013:15:49:12 +0000] "GET /materiais/docs/am/ HTTP/1.1" 200 616 "-" "Mozilla/5.0 (compatible; Baiduspider/2.0; +http://www.baidu.com/search/spider.html)"
180.76.5.185 - - [11/Aug/2013:16:04:12 +0000] "GET / HTTP/1.1" 304 0 "-" "Mozilla/5.0 (compatible; Baiduspider/2.0; +http://www.baidu.com/search/spider.html)"
180.76.5.16 - - [11/Aug/2013:16:34:12 +0000] "GET /projetos/doutorado.html HTTP/1.1" 200 2311 "-" "Mozilla/5.0 (compatible; Baiduspider/2.0; +http://www.baidu.com/search/spider.html)"
5.10.83.38 - - [11/Aug/2013:16:55:23 +0000] "GET /materiais/docs/data/?C=S;O=D HTTP/1.1" 200 582 "-" "Mozilla/5.0 (compatible; AhrefsBot/5.0; +http://ahrefs.com/robot/)"
100.43.83.157 - - [11/Aug/2013:17:52:55 +0000] "GET /materiais/docs/ia/ HTTP/1.1" 200 577 "-" "Mozilla/5.0 (compatible; YandexBot/3.0; +http://yandex.com/bots)"
177.73.210.78 - - [11/Aug/2013:18:06:40 +0000] "GET /materiais/docs/estruturas/aListaEncadeada.pdf HTTP/1.1" 200 118480 "https://www.google.com.br/" "Mozilla/5.0 (Windows NT 6.2; WOW64) AppleWebKit/537.36 (KHTML, like Gecko) Chrome/28.0.1500.95 Safari/537.36"
177.73.210.78 - - [11/Aug/2013:18:06:40 +0000] "GET /materiais/docs/estruturas/aListaEncadeada.pdf HTTP/1.1" 206 32768 "http://fbarth.net.br/materiais/docs/estruturas/aListaEncadeada.pdf" "Mozilla/5.0 (Windows NT 6.2; WOW64) AppleWebKit/537.36 (KHTML, like Gecko) Chrome/28.0.1500.95 Safari/537.36"
177.73.210.78 - - [11/Aug/2013:18:06:41 +0000] "GET /favicon.ico HTTP/1.1" 404 926 "-" "Mozilla/5.0 (Windows NT 6.2; WOW64) AppleWebKit/537.36 (KHTML, like Gecko) Chrome/28.0.1500.95 Safari/537.36"
177.73.210.78 - - [11/Aug/2013:18:06:42 +0000] "GET /materiais/docs/estruturas/aListaEncadeada.pdf HTTP/1.1" 206 252258 "http://fbarth.net.br/materiais/docs/estruturas/aListaEncadeada.pdf" "Mozilla/5.0 (Windows NT 6.2; WOW64) AppleWebKit/537.36 (KHTML, like Gecko) Chrome/28.0.1500.95 Safari/537.36"
177.73.210.78 - - [11/Aug/2013:18:06:43 +0000] "GET /favicon.ico HTTP/1.1" 404 926 "-" "Mozilla/5.0 (Windows NT 6.2; WOW64) AppleWebKit/537.36 (KHTML, like Gecko) Chrome/28.0.1500.95 Safari/537.36"
66.249.73.206 - - [11/Aug/2013:18:47:13 +0000] "GET /docs/bar2008.pdf HTTP/1.1" 200 979984 "-" "Mozilla/5.0 (iPhone; U; CPU iPhone OS 4_1 like Mac OS X; en-us) AppleWebKit/532.9 (KHTML, like Gecko) Version/4.0.5 Mobile/8B117 Safari/6531.22.7 (compatible; Googlebot-Mobile/2.1; +http://www.google.com/bot.html)"
177.133.126.143 - - [11/Aug/2013:18:53:21 +0000] "GET /projetos/riInteligente.html HTTP/1.1" 200 5640 "http://www.google.com.br/url?sa=t&rct=j&q=&esrc=s&source=web&cd=8&ved=0CGYQFjAH&url=http%3A%2F%2Ffbarth.net.br%2Fprojetos%2FriInteligente.html&ei=otwHUuKyNoTS2QWwioGwDQ&usg=AFQjCNFa_sY9GleW6WrkzRilkajyiqECJQ&sig2=YwffJT-P1YJKyyVhqrCtgg&bvm=bv.50500085,d.b2I&cad=rja" "Mozilla/5.0 (Windows NT 6.1; WOW64; rv:22.0) Gecko/20100101 Firefox/22.0"
177.133.126.143 - - [11/Aug/2013:18:53:21 +0000] "GET /default.css HTTP/1.1" 200 1415 "http://fbarth.net.br/projetos/riInteligente.html" "Mozilla/5.0 (Windows NT 6.1; WOW64; rv:22.0) Gecko/20100101 Firefox/22.0"
177.133.126.143 - - [11/Aug/2013:18:53:21 +0000] "GET /img/body.jpg HTTP/1.1" 200 13570 "http://fbarth.net.br/default.css" "Mozilla/5.0 (Windows NT 6.1; WOW64; rv:22.0) Gecko/20100101 Firefox/22.0"
177.133.126.143 - - [11/Aug/2013:18:53:21 +0000] "GET /img/container.jpg HTTP/1.1" 200 2343 "http://fbarth.net.br/default.css" "Mozilla/5.0 (Windows NT 6.1; WOW64; rv:22.0) Gecko/20100101 Firefox/22.0"
177.133.126.143 - - [11/Aug/2013:18:53:21 +0000] "GET /img/header.jpg HTTP/1.1" 200 11112 "http://fbarth.net.br/default.css" "Mozilla/5.0 (Windows NT 6.1; WOW64; rv:22.0) Gecko/20100101 Firefox/22.0"
177.133.126.143 - - [11/Aug/2013:18:53:21 +0000] "GET /img/li.gif HTTP/1.1" 200 199 "http://fbarth.net.br/default.css" "Mozilla/5.0 (Windows NT 6.1; WOW64; rv:22.0) Gecko/20100101 Firefox/22.0"
177.133.126.143 - - [11/Aug/2013:18:53:21 +0000] "GET /img/main.gif HTTP/1.1" 200 148 "http://fbarth.net.br/default.css" "Mozilla/5.0 (Windows NT 6.1; WOW64; rv:22.0) Gecko/20100101 Firefox/22.0"
177.133.126.143 - - [11/Aug/2013:18:53:23 +0000] "GET /favicon.ico HTTP/1.1" 404 926 "-" "Mozilla/5.0 (Windows NT 6.1; WOW64; rv:22.0) Gecko/20100101 Firefox/22.0"
177.133.126.143 - - [11/Aug/2013:19:00:55 +0000] "GET /docs/bar2009.pdf HTTP/1.1" 200 829715 "http://fbarth.net.br/projetos/riInteligente.html" "Mozilla/5.0 (Windows NT 6.1; WOW64; rv:22.0) Gecko/20100101 Firefox/22.0"
157.55.33.15 - - [11/Aug/2013:20:09:07 +0000] "GET /robots.txt HTTP/1.1" 200 23 "-" "Mozilla/5.0 (compatible; bingbot/2.0; +http://www.bing.com/bingbot.htm)"
157.55.33.15 - - [11/Aug/2013:20:09:47 +0000] "GET /materiais/docs/soujava2008.pdf HTTP/1.1" 200 2275882 "-" "Mozilla/5.0 (compatible; bingbot/2.0; +http://www.bing.com/bingbot.htm)"
180.76.5.142 - - [11/Aug/2013:21:25:50 +0000] "GET /robots.txt HTTP/1.1" 200 65 "-" "Mozilla/5.0 (Windows NT 5.1; rv:6.0.2) Gecko/20100101 Firefox/6.0.2"
66.249.73.206 - - [11/Aug/2013:21:57:12 +0000] "GET /materiais/docs/am/ HTTP/1.1" 200 616 "-" "Mozilla/5.0 (compatible; Googlebot/2.1; +http://www.google.com/bot.html)"
66.249.73.206 - - [11/Aug/2013:22:21:12 +0000] "GET /projetos/ipm.html HTTP/1.1" 200 2034 "-" "DoCoMo/2.0 N905i(c100;TB;W24H16) (compatible; Googlebot-Mobile/2.1; +http://www.google.com/bot.html)"
189.60.147.63 - - [11/Aug/2013:22:35:42 +0000] "GET /materiais/webMining/webUsageMining.pdf HTTP/1.1" 200 805697 "http://www.google.com.br/url?sa=t&rct=j&q=&esrc=s&source=web&cd=1&cad=rja&ved=0CCwQFjAA&url=http%3A%2F%2Ffbarth.net.br%2Fmateriais%2FwebMining%2FwebUsageMining.pdf&ei=thEIUrfrOfLwyAH1mYHADw&usg=AFQjCNFj6vvj-D-GIzjgW61II59OaJYtRQ&bvm=bv.50500085,d.aWc" "Mozilla/5.0 (Windows NT 6.1; WOW64; rv:22.0) Gecko/20100101 Firefox/22.0"
189.60.147.63 - - [11/Aug/2013:22:35:42 +0000] "GET /favicon.ico HTTP/1.1" 404 926 "-" "Mozilla/5.0 (Windows NT 6.1; WOW64; rv:22.0) Gecko/20100101 Firefox/22.0"
66.249.73.206 - - [11/Aug/2013:23:12:00 +0000] "GET /materiais/docs/am/aDataScience.pdf HTTP/1.1" 200 2107663 "-" "SAMSUNG-SGH-E250/1.0 Profile/MIDP-2.0 Configuration/CLDC-1.1 UP.Browser/6.2.3.3.c.1.101 (GUI) MMP/2.0 (compatible; Googlebot-Mobile/2.1; +http://www.google.com/bot.html)"
157.55.33.77 - - [12/Aug/2013:00:32:36 +0000] "GET /robots.txt HTTP/1.1" 502 166 "-" "Mozilla/5.0 (compatible; bingbot/2.0; +http://www.bing.com/bingbot.htm)"
157.55.33.77 - - [12/Aug/2013:00:34:34 +0000] "GET / HTTP/1.1" 200 1811 "-" "Mozilla/5.0 (compatible; bingbot/2.0; +http://www.bing.com/bingbot.htm)"
189.83.74.76 - - [12/Aug/2013:02:22:20 +0000] "GET /materiais/webMiningR.html HTTP/1.1" 200 1816 "http://rstudio-pubs-static.s3.amazonaws.com/6585_f0f1ddcedde846ee8a3882e72f149f94.html" "Mozilla/5.0 (X11; Ubuntu; Linux x86_64; rv:22.0) Gecko/20100101 Firefox/22.0"
189.83.74.76 - - [12/Aug/2013:02:22:20 +0000] "GET /default.css HTTP/1.1" 200 1415 "http://fbarth.net.br/materiais/webMiningR.html" "Mozilla/5.0 (X11; Ubuntu; Linux x86_64; rv:22.0) Gecko/20100101 Firefox/22.0"
189.83.74.76 - - [12/Aug/2013:02:22:20 +0000] "GET /img/body.jpg HTTP/1.1" 200 13570 "http://fbarth.net.br/default.css" "Mozilla/5.0 (X11; Ubuntu; Linux x86_64; rv:22.0) Gecko/20100101 Firefox/22.0"
189.83.74.76 - - [12/Aug/2013:02:22:20 +0000] "GET /img/container.jpg HTTP/1.1" 200 2343 "http://fbarth.net.br/default.css" "Mozilla/5.0 (X11; Ubuntu; Linux x86_64; rv:22.0) Gecko/20100101 Firefox/22.0"
189.83.74.76 - - [12/Aug/2013:02:22:20 +0000] "GET /img/li.gif HTTP/1.1" 200 199 "http://fbarth.net.br/default.css" "Mozilla/5.0 (X11; Ubuntu; Linux x86_64; rv:22.0) Gecko/20100101 Firefox/22.0"
189.83.74.76 - - [12/Aug/2013:02:22:20 +0000] "GET /img/header.jpg HTTP/1.1" 200 11112 "http://fbarth.net.br/default.css" "Mozilla/5.0 (X11; Ubuntu; Linux x86_64; rv:22.0) Gecko/20100101 Firefox/22.0"
189.83.74.76 - - [12/Aug/2013:02:22:21 +0000] "GET /img/main.gif HTTP/1.1" 200 148 "http://fbarth.net.br/default.css" "Mozilla/5.0 (X11; Ubuntu; Linux x86_64; rv:22.0) Gecko/20100101 Firefox/22.0"
189.83.74.76 - - [12/Aug/2013:02:22:21 +0000] "GET /favicon.ico HTTP/1.1" 404 926 "-" "Mozilla/5.0 (X11; Ubuntu; Linux x86_64; rv:22.0) Gecko/20100101 Firefox/22.0"
189.83.74.76 - - [12/Aug/2013:02:51:32 +0000] "GET /materiais/docs/aula01.pdf HTTP/1.1" 200 21345 "http://fbarth.net.br/materiais/webMiningR.html" "Mozilla/5.0 (X11; Ubuntu; Linux x86_64; rv:22.0) Gecko/20100101 Firefox/22.0"
189.83.74.76 - - [12/Aug/2013:02:51:32 +0000] "GET /materiais/docs/aula01.pdf HTTP/1.1" 200 65718 "http://fbarth.net.br/materiais/webMiningR.html" "Mozilla/5.0 (X11; Ubuntu; Linux x86_64; rv:22.0) Gecko/20100101 Firefox/22.0"
189.83.74.76 - - [12/Aug/2013:02:52:12 +0000] "GET /materiais/palestras.html HTTP/1.1" 200 1775 "-" "Mozilla/5.0 (X11; Ubuntu; Linux x86_64; rv:22.0) Gecko/20100101 Firefox/22.0"
157.55.33.77 - - [10/Aug/2013:03:11:03 +0000] "GET /robots.txt HTTP/1.1" 200 23 "-" "Mozilla/5.0 (compatible; bingbot/2.0; +http://www.bing.com/bingbot.htm)"
157.55.33.77 - - [10/Aug/2013:03:13:59 +0000] "GET / HTTP/1.1" 200 1823 "-" "Mozilla/5.0 (compatible; bingbot/2.0; +http://www.bing.com/bingbot.htm)"
66.249.73.206 - - [10/Aug/2013:04:39:24 +0000] "GET /projetos/graduacao.html HTTP/1.1" 200 2190 "-" "Googlebot/2.1 (+http://www.google.com/bot.html)"
66.249.73.206 - - [10/Aug/2013:05:10:12 +0000] "GET /materiais/docs/data/spambase.names HTTP/1.1" 200 1062 "-" "Mozilla/5.0 (compatible; Googlebot/2.1; +http://www.google.com/bot.html)"
66.249.73.206 - - [10/Aug/2013:05:28:12 +0000] "GET /projetos/instinct.html HTTP/1.1" 200 3011 "-" "Googlebot/2.1 (+http://www.google.com/bot.html)"
66.249.73.206 - - [10/Aug/2013:05:32:58 +0000] "GET /materiais/palestras.html HTTP/1.1" 200 1775 "-" "Googlebot/2.1 (+http://www.google.com/bot.html)"
180.76.5.60 - - [10/Aug/2013:05:53:57 +0000] "GET / HTTP/1.1" 304 0 "-" "Mozilla/5.0 (compatible; Baiduspider/2.0; +http://www.baidu.com/search/spider.html)"
66.249.73.206 - - [10/Aug/2013:06:27:06 +0000] "GET /projetos/riInteligente.html HTTP/1.1" 200 5640 "-" "Googlebot/2.1 (+http://www.google.com/bot.html)"
66.249.73.206 - - [10/Aug/2013:06:35:29 +0000] "GET /materiais/docs/soujava2008.pdf HTTP/1.1" 200 2275882 "-" "Mozilla/5.0 (iPhone; U; CPU iPhone OS 4_1 like Mac OS X; en-us) AppleWebKit/532.9 (KHTML, like Gecko) Version/4.0.5 Mobile/8B117 Safari/6531.22.7 (compatible; Googlebot-Mobile/2.1; +http://www.google.com/bot.html)"
66.249.73.206 - - [10/Aug/2013:06:44:22 +0000] "GET /projetos/mestrado.html HTTP/1.1" 200 3261 "-" "Googlebot/2.1 (+http://www.google.com/bot.html)"
66.249.73.206 - - [10/Aug/2013:06:54:55 +0000] "GET /projetos/investigacao.html HTTP/1.1" 200 2736 "-" "Googlebot/2.1 (+http://www.google.com/bot.html)"
100.43.83.157 - - [10/Aug/2013:07:04:23 +0000] "GET /__________wficons__________/blank.gif HTTP/1.1" 200 148 "-" "Mozilla/5.0 (compatible; YandexImages/3.0; +http://yandex.com/bots)"
66.249.73.206 - - [10/Aug/2013:07:13:29 +0000] "GET /materiais/docs/aula06.pdf HTTP/1.1" 200 307842 "-" "Googlebot/2.1 (+http://www.google.com/bot.html)"
66.249.73.206 - - [10/Aug/2013:07:18:12 +0000] "GET /projetos.html HTTP/1.1" 200 1562 "-" "Googlebot/2.1 (+http://www.google.com/bot.html)"
66.249.73.206 - - [10/Aug/2013:07:24:33 +0000] "GET /docs/vit2009.pdf HTTP/1.1" 200 84936 "-" "Googlebot/2.1 (+http://www.google.com/bot.html)"
66.249.73.206 - - [10/Aug/2013:07:35:29 +0000] "GET /docs/bar2004a.pdf HTTP/1.1" 304 0 "-" "Mozilla/5.0 (iPhone; U; CPU iPhone OS 4_1 like Mac OS X; en-us) AppleWebKit/532.9 (KHTML, like Gecko) Version/4.0.5 Mobile/8B117 Safari/6531.22.7 (compatible; Googlebot-Mobile/2.1; +http://www.google.com/bot.html)"
66.249.73.206 - - [10/Aug/2013:07:37:20 +0000] "GET /publicacoes.html HTTP/1.1" 200 7717 "-" "Googlebot/2.1 (+http://www.google.com/bot.html)"
66.249.73.206 - - [10/Aug/2013:07:47:01 +0000] "GET /materiais/ia.html HTTP/1.1" 200 1585 "-" "Googlebot/2.1 (+http://www.google.com/bot.html)"
180.76.5.15 - - [10/Aug/2013:08:31:02 +0000] "GET /projetos/riInteligente.html HTTP/1.1" 200 5640 "-" "Mozilla/5.0 (compatible; Baiduspider/2.0; +http://www.baidu.com/search/spider.html)"
46.165.197.151 - - [10/Aug/2013:08:31:48 +0000] "GET /robots.txt HTTP/1.0" 200 23 "-" "Mozilla/5.0 (compatible; MJ12bot/v1.4.3; http://www.majestic12.co.uk/bot.php?+)"
46.165.197.151 - - [10/Aug/2013:08:31:49 +0000] "GET / HTTP/1.0" 200 3990 "-" "Mozilla/5.0 (compatible; MJ12bot/v1.4.3; http://www.majestic12.co.uk/bot.php?+)"
66.249.73.206 - - [10/Aug/2013:08:47:27 +0000] "GET /materiais/docs/am/arvoresDecisao.pdf HTTP/1.1" 200 290090 "-" "Mozilla/5.0 (iPhone; U; CPU iPhone OS 4_1 like Mac OS X; en-us) AppleWebKit/532.9 (KHTML, like Gecko) Version/4.0.5 Mobile/8B117 Safari/6531.22.7 (compatible; Googlebot-Mobile/2.1; +http://www.google.com/bot.html)"
173.192.235.226 - - [10/Aug/2013:10:52:44 +0000] "GET /robots.txt HTTP/1.1" 200 65 "-" "Mozilla/5.0 (compatible; SiteExplorer/1.0b; +http://siteexplorer.info/)"
173.192.235.226 - - [10/Aug/2013:10:57:24 +0000] "GET /materiais/webMining/index.html HTTP/1.1" 200 1612 "-" "Mozilla/5.0 (compatible; SiteExplorer/1.0b; +http://siteexplorer.info/)"
5.10.83.80 - - [10/Aug/2013:12:07:55 +0000] "GET /materiais/webMining/index.html HTTP/1.1" 200 1612 "-" "Mozilla/5.0 (compatible; AhrefsBot/5.0; +http://ahrefs.com/robot/)"
5.10.83.80 - - [10/Aug/2013:12:33:27 +0000] "GET /materiais/docs/data/ HTTP/1.1" 200 589 "-" "Mozilla/5.0 (compatible; AhrefsBot/5.0; +http://ahrefs.com/robot/)"
66.249.73.206 - - [10/Aug/2013:13:50:05 +0000] "GET /robots.txt HTTP/1.1" 200 65 "-" "Mozilla/5.0 (compatible; Googlebot/2.1; +http://www.google.com/bot.html)"
66.249.73.206 - - [10/Aug/2013:13:50:06 +0000] "GET /docs/tccs/twitterFernandoJandi.pdf HTTP/1.1" 200 526618 "-" "Mozilla/5.0 (compatible; Googlebot/2.1; +http://www.google.com/bot.html)"
5.10.83.80 - - [10/Aug/2013:13:52:13 +0000] "GET /materiais/estrutura-dados.html HTTP/1.1" 200 1329 "-" "Mozilla/5.0 (compatible; AhrefsBot/5.0; +http://ahrefs.com/robot/)"
180.76.5.90 - - [10/Aug/2013:14:43:08 +0000] "GET /default.css HTTP/1.1" 200 1415 "-" "Mozilla/5.0 (compatible; Baiduspider/2.0; +http://www.baidu.com/search/spider.html)"
180.76.6.28 - - [10/Aug/2013:14:43:09 +0000] "GET / HTTP/1.1" 200 1811 "-" "Mozilla/5.0 (compatible; Baiduspider/2.0; +http://www.baidu.com/search/spider.html)"
66.249.73.206 - - [10/Aug/2013:15:13:34 +0000] "GET /docs/bar2008.pdf HTTP/1.1" 200 979984 "-" "Mozilla/5.0 (iPhone; U; CPU iPhone OS 4_1 like Mac OS X; en-us) AppleWebKit/532.9 (KHTML, like Gecko) Version/4.0.5 Mobile/8B117 Safari/6531.22.7 (compatible; Googlebot-Mobile/2.1; +http://www.google.com/bot.html)"
66.249.73.206 - - [10/Aug/2013:15:17:58 +0000] "GET /materiais/docs/estruturas/aArvores.pdf HTTP/1.1" 304 0 "-" "Mozilla/5.0 (compatible; Googlebot/2.1; +http://www.google.com/bot.html)"
177.42.222.76 - - [10/Aug/2013:15:18:03 +0000] "GET /projetos/dissertacao.pdf HTTP/1.1" 200 99102 "http://www.google.com.br/url?sa=t&rct=j&q=qual%20o%20objetivo%20de%20projeto%20Atenas&source=web&cd=5&cad=rja&ved=0CEEQFjAE&url=http%3A%2F%2Ffbarth.net.br%2Fprojetos%2Fdissertacao.pdf&ei=oVkGUq7OKoL09gSbzoAI&usg=AFQjCNFraxSHaRzWJSjWP2H_5W8j8p8fqQ&bvm=bv.50500085,d.eWU" "Mozilla/5.0 (Windows NT 6.1) AppleWebKit/537.36 (KHTML, like Gecko) Chrome/28.0.1500.95 Safari/537.36"
177.42.222.76 - - [10/Aug/2013:15:18:03 +0000] "GET /projetos/dissertacao.pdf HTTP/1.1" 206 32768 "http://fbarth.net.br/projetos/dissertacao.pdf" "Mozilla/5.0 (Windows NT 6.1) AppleWebKit/537.36 (KHTML, like Gecko) Chrome/28.0.1500.95 Safari/537.36"
177.42.222.76 - - [10/Aug/2013:15:18:04 +0000] "GET /favicon.ico HTTP/1.1" 404 926 "-" "Mozilla/5.0 (Windows NT 6.1) AppleWebKit/537.36 (KHTML, like Gecko) Chrome/28.0.1500.95 Safari/537.36"
177.42.222.76 - - [10/Aug/2013:15:18:10 +0000] "GET /projetos/dissertacao.pdf HTTP/1.1" 206 1667870 "http://fbarth.net.br/projetos/dissertacao.pdf" "Mozilla/5.0 (Windows NT 6.1) AppleWebKit/537.36 (KHTML, like Gecko) Chrome/28.0.1500.95 Safari/537.36"
177.42.222.76 - - [10/Aug/2013:15:18:10 +0000] "GET /favicon.ico HTTP/1.1" 404 926 "-" "Mozilla/5.0 (Windows NT 6.1) AppleWebKit/537.36 (KHTML, like Gecko) Chrome/28.0.1500.95 Safari/537.36"
66.249.73.206 - - [10/Aug/2013:15:53:02 +0000] "GET /docs/tccs/recomendacaoMusicas-2010.pdf HTTP/1.1" 304 0 "-" "Mozilla/5.0 (compatible; Googlebot/2.1; +http://www.google.com/bot.html)"
66.249.73.206 - - [10/Aug/2013:16:54:36 +0000] "GET /materiais/docs/aula02.pdf HTTP/1.1" 304 0 "-" "Mozilla/5.0 (compatible; Googlebot/2.1; +http://www.google.com/bot.html)"
66.249.73.206 - - [10/Aug/2013:17:27:53 +0000] "GET /contatos.html HTTP/1.1" 200 1472 "-" "Mozilla/5.0 (compatible; Googlebot/2.1; +http://www.google.com/bot.html)"
66.249.73.206 - - [10/Aug/2013:17:32:04 +0000] "GET /default.css HTTP/1.1" 200 1415 "-" "Mozilla/5.0 (compatible; Googlebot/2.1; +http://www.google.com/bot.html)"
66.249.73.206 - - [10/Aug/2013:18:06:58 +0000] "GET /publicacoes.html HTTP/1.1" 200 7717 "-" "Googlebot/2.1 (+http://www.google.com/bot.html)"
66.249.73.206 - - [10/Aug/2013:18:24:15 +0000] "GET /docs/bar2002.pdf HTTP/1.1" 304 0 "-" "Mozilla/5.0 (compatible; Googlebot/2.1; +http://www.google.com/bot.html)"
